#-----------------------------------------------------------
# Vivado v2022.2_AR000035739_AR000034905 (64-bit)
# SW Build 3671981 on Fri Oct 14 04:59:54 MDT 2022
# IP Build 3669848 on Fri Oct 14 08:30:02 MDT 2022
# Start of session at: Thu Oct 23 07:00:06 2025
# Process ID: 1603397
# Current directory: /workspace/2c36e626-f812-4cb8-a6dc-fe604c265695/output
# Command line: vivado -log synthesis.log -nojournal -mode batch -source /deps/compile/scripts/tcl/synth.tcl -tclargs /deps/compile 40 xc7z020clg400-1 mokugo /workspace/2c36e626-f812-4cb8-a6dc-fe604c265695/src /workspace/2c36e626-f812-4cb8-a6dc-fe604c265695/lib /workspace/2c36e626-f812-4cb8-a6dc-fe604c265695/ipcores 2 3 0 4 4 5 3 2 0
# Log file: /workspace/2c36e626-f812-4cb8-a6dc-fe604c265695/output/synthesis.log
# Journal file: 
# Running On: mcc-workers-7446cfdb8d-zldv5, OS: Linux, CPU Frequency: 3393.624 MHz, CPU Physical cores: 28, Host memory: 118146 MB
#-----------------------------------------------------------
source /deps/compile/scripts/tcl/synth.tcl
# set TOP_DIR [lindex $argv 0]
# set HW_VER [lindex $argv 1]
# set HG_PART [lindex $argv 2]
# set HG_BOARD [lindex $argv 3]
# set SRC_DIR [lindex $argv 4]
# set LIB_DIR [lindex $argv 5]
# set IP_DCP_DIR [lindex $argv 6]
# set NUM_INS [lindex $argv 7]
# set NUM_OUTS [lindex $argv 8]
# set NUM_MONS [lindex $argv 9]
# set IN_LANES [lindex $argv 10]
# set OUT_LANES [lindex $argv 11]
# set NUM_SLOT_INS [lindex $argv 12]
# set NUM_SLOT_OUTS [lindex $argv 13]
# set NUM_CBUFS [lindex $argv 14]
# set VARIANT [lindex $argv 15]
# set_part $HG_PART
INFO: [Coretcl 2-1500] The part has been set to 'xc7z020clg400-1' for the current project only. Run set_part -help for more details. To evaluate different speed grades in the current design, use the set_speed_grade command, or use the open_checkpoint -part command to change the part used by an existing checkpoint design.
# read_vhdl -vhdl2008 [glob $LIB_DIR/Instrument.vhd]
# read_vhdl -vhdl2008 [glob $LIB_DIR/AXITypes.vhd]
# read_vhdl -vhdl2008 [glob $LIB_DIR/InterlacingSupport.vhd]
# read_vhdl -vhdl2008 [glob $LIB_DIR/MemoryMapSPI.vhd]
# read_vhdl -vhdl2008 [glob $LIB_DIR/InstrumentCC.vhd]
# read_vhdl -vhdl2008 [glob $LIB_DIR/MercurySupport.vhd]
# read_vhdl -vhdl2008 [glob $LIB_DIR/MokuSupport.vhd]
# set INCLUDE_ENTITY_DEFN 1
# source $TOP_DIR/utilities/utilities.tcl
## proc findFiles { basedir pattern } {
## 
##     # Fix the directory name, this ensures the directory name is in the
##     # native format for the platform and contains a final directory seperator
##     set basedir [string trimright [file join [file normalize $basedir] { }]]
##     set fileList {}
## 
##     # Look in the current directory for matching files, -type {f r}
##     # means ony readable normal files are looked at, -nocomplain stops
##     # an error being thrown if the returned list is empty
##     foreach fileName [glob -nocomplain -type {f r} -path $basedir $pattern] {
##         lappend fileList $fileName
##     }
## 
##     # Now look for any sub direcories in the current directory
##     foreach dirName [glob -nocomplain -type {d  r} -path $basedir *] {
##         # Recusively call the routine on the sub directory and append any
##         # new files to the results
##         set subDirList [findFiles $dirName $pattern]
##         if { [llength $subDirList] > 0 } {
##             foreach subDirFile $subDirList {
##                 lappend fileList $subDirFile
##             }
##         }
##     }
##     return $fileList
##  }
# set VHDL_SRC [findFiles $SRC_DIR "*.vhd"]
# if {[llength $VHDL_SRC] > 0} {
#     # Prevent re-definition of CustomWrapper; 
#     # without this check, Vivado or this suite of 
#     # scripts will not report any errors and will 
#     # still generate the deployable bitstream.
#     # see https://liquidinstruments.atlassian.net/browse/SW-398
#     foreach VHDL_FILE $VHDL_SRC {
#         if {[catch {exec grep -qi "entity CustomWrapper is" $VHDL_FILE} result] == 0} {
#             puts "Error: The entity 'CustomWrapper' is already defined in the library."
#             exit 1
#         }
#     }
#     read_vhdl -vhdl2008 $VHDL_SRC
# }
# set VERILOG_SRC [findFiles $SRC_DIR "*.v"]
# if {[llength $VERILOG_SRC] > 0} {
#     read_verilog $VERILOG_SRC
#     set_property file_type {SystemVerilog} [get_files $VERILOG_SRC]
#     foreach V_FILE $VERILOG_SRC {
#         if {[catch {exec grep -qi "module CustomWrapper" $V_FILE} result] == 0} {
#             set INCLUDE_ENTITY_DEFN 0
#         }
#     }
# }
# if {$INCLUDE_ENTITY_DEFN == 1} {
#     read_vhdl -vhdl2008 [glob $LIB_DIR/CustomWrapper.vhd]
# }
# set ip_dcps [glob -nocomplain $IP_DCP_DIR/*.dcp *.dcp]
# puts $ip_dcps
/workspace/2c36e626-f812-4cb8-a6dc-fe604c265695/ipcores/AddSubtract_16.dcp /workspace/2c36e626-f812-4cb8-a6dc-fe604c265695/ipcores/CIC_Dec_3Ordx8.dcp /workspace/2c36e626-f812-4cb8-a6dc-fe604c265695/ipcores/Cordic_Translate_16.dcp /workspace/2c36e626-f812-4cb8-a6dc-fe604c265695/ipcores/Counter_32.dcp /workspace/2c36e626-f812-4cb8-a6dc-fe604c265695/ipcores/FFT_1024.dcp /workspace/2c36e626-f812-4cb8-a6dc-fe604c265695/ipcores/FFT_65536.dcp /workspace/2c36e626-f812-4cb8-a6dc-fe604c265695/ipcores/FIR_Filter_7coef.dcp /workspace/2c36e626-f812-4cb8-a6dc-fe604c265695/ipcores/SineGen_48.dcp
# foreach dcp $ip_dcps {
# 	read_checkpoint $dcp
# }
Command: read_checkpoint /workspace/2c36e626-f812-4cb8-a6dc-fe604c265695/ipcores/AddSubtract_16.dcp
Command: read_checkpoint /workspace/2c36e626-f812-4cb8-a6dc-fe604c265695/ipcores/CIC_Dec_3Ordx8.dcp
Command: read_checkpoint /workspace/2c36e626-f812-4cb8-a6dc-fe604c265695/ipcores/Cordic_Translate_16.dcp
Command: read_checkpoint /workspace/2c36e626-f812-4cb8-a6dc-fe604c265695/ipcores/Counter_32.dcp
Command: read_checkpoint /workspace/2c36e626-f812-4cb8-a6dc-fe604c265695/ipcores/FFT_1024.dcp
CRITICAL WARNING: [Vivado 12-5469] The design checkpoint file '/workspace/2c36e626-f812-4cb8-a6dc-fe604c265695/ipcores/FFT_1024.dcp' was generated for an IP by an out of context synthesis run and should not directly be used as a source in a Vivado flow. It is strongly recommended that that the original IP source file (.xci) be used.
Command: read_checkpoint /workspace/2c36e626-f812-4cb8-a6dc-fe604c265695/ipcores/FFT_65536.dcp
Command: read_checkpoint /workspace/2c36e626-f812-4cb8-a6dc-fe604c265695/ipcores/FIR_Filter_7coef.dcp
Command: read_checkpoint /workspace/2c36e626-f812-4cb8-a6dc-fe604c265695/ipcores/SineGen_48.dcp
CRITICAL WARNING: [Vivado 12-5469] The design checkpoint file '/workspace/2c36e626-f812-4cb8-a6dc-fe604c265695/ipcores/SineGen_48.dcp' was generated for an IP by an out of context synthesis run and should not directly be used as a source in a Vivado flow. It is strongly recommended that that the original IP source file (.xci) be used.
# set_property library Moku [get_files -all -of_objects [get_filesets sources_1]]
# set_property top Instrument [current_fileset]
# set_property top_lib xil_defaultlib [current_fileset]
# set_property top_arch Custom [current_fileset]
# set_property top_file Top [current_fileset]
# set_property generic "HW_VER=$HW_VER NUM_INS=$NUM_INS NUM_OUTS=$NUM_OUTS NUM_MONS=$NUM_MONS IN_LANES=$IN_LANES OUT_LANES=$OUT_LANES NUM_SLOT_INS=$NUM_SLOT_INS NUM_SLOT_OUTS=$NUM_SLOT_OUTS NUM_CBUFS=$NUM_CBUFS VARIANT=$VARIANT" [current_fileset]
# synth_design -mode out_of_context -flatten_hierarchy rebuilt
Command: synth_design -mode out_of_context -flatten_hierarchy rebuilt
Starting synth_design
Using part: xc7z020clg400-1
Top: Instrument
Attempting to get a license for feature 'Synthesis' and/or device 'xc7z020'
INFO: [Common 17-349] Got license for feature 'Synthesis' and/or device 'xc7z020'
INFO: [Device 21-403] Loading part xc7z020clg400-1
INFO: [Synth 8-7079] Multithreading enabled for synth_design using a maximum of 4 processes.
INFO: [Synth 8-7078] Launching helper process for spawning children vivado processes
INFO: [Synth 8-7075] Helper process launched with PID 1603415
INFO: [Synth 8-11241] undeclared symbol 'REGCCE', assumed default net type 'wire' [/opt/Xilinx/Vivado/2022.2/data/verilog/src/unimacro/BRAM_SINGLE_MACRO.v:2170]
---------------------------------------------------------------------------------
Starting RTL Elaboration : Time (s): cpu = 00:00:02 ; elapsed = 00:00:03 . Memory (MB): peak = 2456.289 ; gain = 364.750 ; free physical = 76211 ; free virtual = 168748
Synthesis current peak Physical Memory [PSS] (MB): peak = 2038.036; parent = 1778.500; children = 259.536
Synthesis current peak Virtual Memory [VSS] (MB): peak = 3426.398; parent = 2456.293; children = 970.105
---------------------------------------------------------------------------------
CRITICAL WARNING: [Synth 8-9871] overwriting existing primary unit 'scaleoffset2' [/workspace/2c36e626-f812-4cb8-a6dc-fe604c265695/lib/MokuSupport.vhd:391]
WARNING: [Synth 8-9963] re-analyze unit 'behavioral' since unit 'scaleoffset2' is overwritten or removed [/workspace/2c36e626-f812-4cb8-a6dc-fe604c265695/lib/MercurySupport.vhd:932]
INFO: [Synth 8-638] synthesizing module 'Instrument' [/workspace/2c36e626-f812-4cb8-a6dc-fe604c265695/lib/InstrumentCC.vhd:7]
	Parameter HW_VER bound to: 40 - type: integer 
	Parameter NUM_INS bound to: 2 - type: integer 
	Parameter NUM_OUTS bound to: 3 - type: integer 
	Parameter NUM_MONS bound to: 0 - type: integer 
	Parameter IN_LANES bound to: 4 - type: integer 
	Parameter OUT_LANES bound to: 4 - type: integer 
	Parameter NUM_SLOT_INS bound to: 5 - type: integer 
	Parameter NUM_SLOT_OUTS bound to: 3 - type: integer 
	Parameter NUM_CBUFS bound to: 2 - type: integer 
	Parameter VARIANT bound to: 0 - type: integer 
INFO: [Synth 8-638] synthesizing module 'InstrumentPortAdapter' [/workspace/2c36e626-f812-4cb8-a6dc-fe604c265695/lib/Instrument.vhd:84]
	Parameter HW_VER bound to: 40 - type: integer 
	Parameter IN_LANES bound to: 4 - type: integer 
	Parameter OUT_LANES bound to: 4 - type: integer 
	Parameter NUM_SLOT_INS bound to: 5 - type: integer 
	Parameter NUM_SLOT_OUTS bound to: 3 - type: integer 
	Parameter NUM_CBUFS bound to: 2 - type: integer 
INFO: [Synth 8-256] done synthesizing module 'InstrumentPortAdapter' (0#1) [/workspace/2c36e626-f812-4cb8-a6dc-fe604c265695/lib/Instrument.vhd:84]
INFO: [Synth 8-638] synthesizing module 'MemoryMapSPI' [/workspace/2c36e626-f812-4cb8-a6dc-fe604c265695/lib/MemoryMapSPI.vhd:33]
	Parameter NUM_REGS bound to: 17 - type: integer 
	Parameter NUM_META_REGS bound to: 2 - type: integer 
INFO: [Synth 8-256] done synthesizing module 'MemoryMapSPI' (0#1) [/workspace/2c36e626-f812-4cb8-a6dc-fe604c265695/lib/MemoryMapSPI.vhd:33]
INFO: [Synth 8-638] synthesizing module 'CustomWrapper' [/workspace/2c36e626-f812-4cb8-a6dc-fe604c265695/lib/CustomWrapper.vhd:7]
INFO: [Synth 8-638] synthesizing module 'simple_counter_core' [/workspace/2c36e626-f812-4cb8-a6dc-fe604c265695/src/simple_counter_core.vhd:34]
INFO: [Synth 8-256] done synthesizing module 'simple_counter_core' (0#1) [/workspace/2c36e626-f812-4cb8-a6dc-fe604c265695/src/simple_counter_core.vhd:34]
INFO: [Synth 8-256] done synthesizing module 'CustomWrapper' (0#1) [/workspace/2c36e626-f812-4cb8-a6dc-fe604c265695/lib/CustomWrapper.vhd:7]
INFO: [Synth 8-256] done synthesizing module 'Instrument' (0#1) [/workspace/2c36e626-f812-4cb8-a6dc-fe604c265695/lib/InstrumentCC.vhd:7]
WARNING: [Synth 8-6014] Unused sequential element StatusWriteStrobe_reg was removed.  [/workspace/2c36e626-f812-4cb8-a6dc-fe604c265695/lib/MemoryMapSPI.vhd:174]
WARNING: [Synth 8-6014] Unused sequential element StatusWriteStrobeDly_reg was removed.  [/workspace/2c36e626-f812-4cb8-a6dc-fe604c265695/lib/MemoryMapSPI.vhd:176]
WARNING: [Synth 8-6014] Unused sequential element StatusValue_reg[0] was removed.  [/workspace/2c36e626-f812-4cb8-a6dc-fe604c265695/lib/MemoryMapSPI.vhd:181]
WARNING: [Synth 8-3848] Net Control[0][ReadStrobe] in module/entity MemoryMapSPI does not have driver. [/workspace/2c36e626-f812-4cb8-a6dc-fe604c265695/lib/MemoryMapSPI.vhd:23]
WARNING: [Synth 8-3848] Net Control[1][ReadStrobe] in module/entity MemoryMapSPI does not have driver. [/workspace/2c36e626-f812-4cb8-a6dc-fe604c265695/lib/MemoryMapSPI.vhd:23]
WARNING: [Synth 8-3848] Net Control[2][ReadStrobe] in module/entity MemoryMapSPI does not have driver. [/workspace/2c36e626-f812-4cb8-a6dc-fe604c265695/lib/MemoryMapSPI.vhd:23]
WARNING: [Synth 8-3848] Net Control[3][ReadStrobe] in module/entity MemoryMapSPI does not have driver. [/workspace/2c36e626-f812-4cb8-a6dc-fe604c265695/lib/MemoryMapSPI.vhd:23]
WARNING: [Synth 8-3848] Net Control[4][ReadStrobe] in module/entity MemoryMapSPI does not have driver. [/workspace/2c36e626-f812-4cb8-a6dc-fe604c265695/lib/MemoryMapSPI.vhd:23]
WARNING: [Synth 8-3848] Net Control[5][ReadStrobe] in module/entity MemoryMapSPI does not have driver. [/workspace/2c36e626-f812-4cb8-a6dc-fe604c265695/lib/MemoryMapSPI.vhd:23]
WARNING: [Synth 8-3848] Net Control[6][ReadStrobe] in module/entity MemoryMapSPI does not have driver. [/workspace/2c36e626-f812-4cb8-a6dc-fe604c265695/lib/MemoryMapSPI.vhd:23]
WARNING: [Synth 8-3848] Net Control[7][ReadStrobe] in module/entity MemoryMapSPI does not have driver. [/workspace/2c36e626-f812-4cb8-a6dc-fe604c265695/lib/MemoryMapSPI.vhd:23]
WARNING: [Synth 8-3848] Net Control[8][ReadStrobe] in module/entity MemoryMapSPI does not have driver. [/workspace/2c36e626-f812-4cb8-a6dc-fe604c265695/lib/MemoryMapSPI.vhd:23]
WARNING: [Synth 8-3848] Net Control[9][ReadStrobe] in module/entity MemoryMapSPI does not have driver. [/workspace/2c36e626-f812-4cb8-a6dc-fe604c265695/lib/MemoryMapSPI.vhd:23]
WARNING: [Synth 8-3848] Net Control[10][ReadStrobe] in module/entity MemoryMapSPI does not have driver. [/workspace/2c36e626-f812-4cb8-a6dc-fe604c265695/lib/MemoryMapSPI.vhd:23]
WARNING: [Synth 8-3848] Net Control[11][ReadStrobe] in module/entity MemoryMapSPI does not have driver. [/workspace/2c36e626-f812-4cb8-a6dc-fe604c265695/lib/MemoryMapSPI.vhd:23]
WARNING: [Synth 8-3848] Net Control[12][ReadStrobe] in module/entity MemoryMapSPI does not have driver. [/workspace/2c36e626-f812-4cb8-a6dc-fe604c265695/lib/MemoryMapSPI.vhd:23]
WARNING: [Synth 8-3848] Net Control[13][ReadStrobe] in module/entity MemoryMapSPI does not have driver. [/workspace/2c36e626-f812-4cb8-a6dc-fe604c265695/lib/MemoryMapSPI.vhd:23]
WARNING: [Synth 8-3848] Net Control[14][ReadStrobe] in module/entity MemoryMapSPI does not have driver. [/workspace/2c36e626-f812-4cb8-a6dc-fe604c265695/lib/MemoryMapSPI.vhd:23]
WARNING: [Synth 8-3848] Net Control[15][ReadStrobe] in module/entity MemoryMapSPI does not have driver. [/workspace/2c36e626-f812-4cb8-a6dc-fe604c265695/lib/MemoryMapSPI.vhd:23]
WARNING: [Synth 8-3848] Net Control[16][ReadStrobe] in module/entity MemoryMapSPI does not have driver. [/workspace/2c36e626-f812-4cb8-a6dc-fe604c265695/lib/MemoryMapSPI.vhd:23]
WARNING: [Synth 8-3848] Net MetaControl[0][ReadStrobe] in module/entity MemoryMapSPI does not have driver. [/workspace/2c36e626-f812-4cb8-a6dc-fe604c265695/lib/MemoryMapSPI.vhd:24]
WARNING: [Synth 8-3848] Net MetaControl[1][ReadStrobe] in module/entity MemoryMapSPI does not have driver. [/workspace/2c36e626-f812-4cb8-a6dc-fe604c265695/lib/MemoryMapSPI.vhd:24]
WARNING: [Synth 8-3848] Net OutputInterpA in module/entity CustomWrapper does not have driver. [/workspace/2c36e626-f812-4cb8-a6dc-fe604c265695/lib/CustomWrapper.vhd:25]
WARNING: [Synth 8-3848] Net OutputInterpB in module/entity CustomWrapper does not have driver. [/workspace/2c36e626-f812-4cb8-a6dc-fe604c265695/lib/CustomWrapper.vhd:26]
WARNING: [Synth 8-3848] Net OutputInterpC in module/entity CustomWrapper does not have driver. [/workspace/2c36e626-f812-4cb8-a6dc-fe604c265695/lib/CustomWrapper.vhd:27]
WARNING: [Synth 8-3848] Net OutputInterpD in module/entity CustomWrapper does not have driver. [/workspace/2c36e626-f812-4cb8-a6dc-fe604c265695/lib/CustomWrapper.vhd:28]
WARNING: [Synth 8-6014] Unused sequential element AInSelect_reg[0][Data][1] was removed.  [/workspace/2c36e626-f812-4cb8-a6dc-fe604c265695/lib/InstrumentCC.vhd:82]
WARNING: [Synth 8-6014] Unused sequential element AInSelect_reg[0][Data][2] was removed.  [/workspace/2c36e626-f812-4cb8-a6dc-fe604c265695/lib/InstrumentCC.vhd:82]
WARNING: [Synth 8-6014] Unused sequential element AInSelect_reg[0][Data][3] was removed.  [/workspace/2c36e626-f812-4cb8-a6dc-fe604c265695/lib/InstrumentCC.vhd:82]
WARNING: [Synth 8-6014] Unused sequential element AInSelect_reg[0][Valid] was removed.  [/workspace/2c36e626-f812-4cb8-a6dc-fe604c265695/lib/InstrumentCC.vhd:82]
WARNING: [Synth 8-6014] Unused sequential element AInSelect_reg[1][Data][1] was removed.  [/workspace/2c36e626-f812-4cb8-a6dc-fe604c265695/lib/InstrumentCC.vhd:82]
WARNING: [Synth 8-6014] Unused sequential element AInSelect_reg[1][Data][2] was removed.  [/workspace/2c36e626-f812-4cb8-a6dc-fe604c265695/lib/InstrumentCC.vhd:82]
WARNING: [Synth 8-6014] Unused sequential element AInSelect_reg[1][Data][3] was removed.  [/workspace/2c36e626-f812-4cb8-a6dc-fe604c265695/lib/InstrumentCC.vhd:82]
WARNING: [Synth 8-6014] Unused sequential element AInSelect_reg[1][Valid] was removed.  [/workspace/2c36e626-f812-4cb8-a6dc-fe604c265695/lib/InstrumentCC.vhd:82]
WARNING: [Synth 8-6014] Unused sequential element AInSelect_reg[2][Data][1] was removed.  [/workspace/2c36e626-f812-4cb8-a6dc-fe604c265695/lib/InstrumentCC.vhd:82]
WARNING: [Synth 8-6014] Unused sequential element AInSelect_reg[2][Data][2] was removed.  [/workspace/2c36e626-f812-4cb8-a6dc-fe604c265695/lib/InstrumentCC.vhd:82]
WARNING: [Synth 8-6014] Unused sequential element AInSelect_reg[2][Data][3] was removed.  [/workspace/2c36e626-f812-4cb8-a6dc-fe604c265695/lib/InstrumentCC.vhd:82]
WARNING: [Synth 8-6014] Unused sequential element AInSelect_reg[2][Valid] was removed.  [/workspace/2c36e626-f812-4cb8-a6dc-fe604c265695/lib/InstrumentCC.vhd:82]
WARNING: [Synth 8-6014] Unused sequential element AInSelect_reg[3][Data][1] was removed.  [/workspace/2c36e626-f812-4cb8-a6dc-fe604c265695/lib/InstrumentCC.vhd:82]
WARNING: [Synth 8-6014] Unused sequential element AInSelect_reg[3][Data][2] was removed.  [/workspace/2c36e626-f812-4cb8-a6dc-fe604c265695/lib/InstrumentCC.vhd:82]
WARNING: [Synth 8-6014] Unused sequential element AInSelect_reg[3][Data][3] was removed.  [/workspace/2c36e626-f812-4cb8-a6dc-fe604c265695/lib/InstrumentCC.vhd:82]
WARNING: [Synth 8-6014] Unused sequential element AInSelect_reg[3][Valid] was removed.  [/workspace/2c36e626-f812-4cb8-a6dc-fe604c265695/lib/InstrumentCC.vhd:82]
WARNING: [Synth 8-6014] Unused sequential element WrapperOutDly_reg[3][Data] was removed.  [/workspace/2c36e626-f812-4cb8-a6dc-fe604c265695/lib/InstrumentCC.vhd:136]
WARNING: [Synth 8-6014] Unused sequential element WrapperOutDly_reg[3][Valid] was removed.  [/workspace/2c36e626-f812-4cb8-a6dc-fe604c265695/lib/InstrumentCC.vhd:136]
WARNING: [Synth 8-6014] Unused sequential element WrapperOut_reg[1][Valid] was removed.  [/workspace/2c36e626-f812-4cb8-a6dc-fe604c265695/lib/InstrumentCC.vhd:102]
WARNING: [Synth 8-6014] Unused sequential element WrapperOut_reg[2][Valid] was removed.  [/workspace/2c36e626-f812-4cb8-a6dc-fe604c265695/lib/InstrumentCC.vhd:102]
WARNING: [Synth 8-6014] Unused sequential element WrapperOutDly_reg[1][Valid] was removed.  [/workspace/2c36e626-f812-4cb8-a6dc-fe604c265695/lib/InstrumentCC.vhd:136]
WARNING: [Synth 8-6014] Unused sequential element WrapperOutDly_reg[2][Valid] was removed.  [/workspace/2c36e626-f812-4cb8-a6dc-fe604c265695/lib/InstrumentCC.vhd:136]
WARNING: [Synth 8-7129] Port OutputInterpA in module CustomWrapper is either unconnected or has no load
WARNING: [Synth 8-7129] Port OutputInterpB in module CustomWrapper is either unconnected or has no load
WARNING: [Synth 8-7129] Port OutputInterpC in module CustomWrapper is either unconnected or has no load
WARNING: [Synth 8-7129] Port OutputInterpD in module CustomWrapper is either unconnected or has no load
WARNING: [Synth 8-7129] Port Sync[31] in module CustomWrapper is either unconnected or has no load
WARNING: [Synth 8-7129] Port Sync[30] in module CustomWrapper is either unconnected or has no load
WARNING: [Synth 8-7129] Port Sync[29] in module CustomWrapper is either unconnected or has no load
WARNING: [Synth 8-7129] Port Sync[28] in module CustomWrapper is either unconnected or has no load
WARNING: [Synth 8-7129] Port Sync[27] in module CustomWrapper is either unconnected or has no load
WARNING: [Synth 8-7129] Port Sync[26] in module CustomWrapper is either unconnected or has no load
WARNING: [Synth 8-7129] Port Sync[25] in module CustomWrapper is either unconnected or has no load
WARNING: [Synth 8-7129] Port Sync[24] in module CustomWrapper is either unconnected or has no load
WARNING: [Synth 8-7129] Port Sync[23] in module CustomWrapper is either unconnected or has no load
WARNING: [Synth 8-7129] Port Sync[22] in module CustomWrapper is either unconnected or has no load
WARNING: [Synth 8-7129] Port Sync[21] in module CustomWrapper is either unconnected or has no load
WARNING: [Synth 8-7129] Port Sync[20] in module CustomWrapper is either unconnected or has no load
WARNING: [Synth 8-7129] Port Sync[19] in module CustomWrapper is either unconnected or has no load
WARNING: [Synth 8-7129] Port Sync[18] in module CustomWrapper is either unconnected or has no load
WARNING: [Synth 8-7129] Port Sync[17] in module CustomWrapper is either unconnected or has no load
WARNING: [Synth 8-7129] Port Sync[16] in module CustomWrapper is either unconnected or has no load
WARNING: [Synth 8-7129] Port Sync[15] in module CustomWrapper is either unconnected or has no load
WARNING: [Synth 8-7129] Port Sync[14] in module CustomWrapper is either unconnected or has no load
WARNING: [Synth 8-7129] Port Sync[13] in module CustomWrapper is either unconnected or has no load
WARNING: [Synth 8-7129] Port Sync[12] in module CustomWrapper is either unconnected or has no load
WARNING: [Synth 8-7129] Port Sync[11] in module CustomWrapper is either unconnected or has no load
WARNING: [Synth 8-7129] Port Sync[10] in module CustomWrapper is either unconnected or has no load
WARNING: [Synth 8-7129] Port Sync[9] in module CustomWrapper is either unconnected or has no load
WARNING: [Synth 8-7129] Port Sync[8] in module CustomWrapper is either unconnected or has no load
WARNING: [Synth 8-7129] Port Sync[7] in module CustomWrapper is either unconnected or has no load
WARNING: [Synth 8-7129] Port Sync[6] in module CustomWrapper is either unconnected or has no load
WARNING: [Synth 8-7129] Port Sync[5] in module CustomWrapper is either unconnected or has no load
WARNING: [Synth 8-7129] Port Sync[4] in module CustomWrapper is either unconnected or has no load
WARNING: [Synth 8-7129] Port Sync[3] in module CustomWrapper is either unconnected or has no load
WARNING: [Synth 8-7129] Port Sync[2] in module CustomWrapper is either unconnected or has no load
WARNING: [Synth 8-7129] Port Sync[1] in module CustomWrapper is either unconnected or has no load
WARNING: [Synth 8-7129] Port Sync[0] in module CustomWrapper is either unconnected or has no load
WARNING: [Synth 8-7129] Port InputA[15] in module CustomWrapper is either unconnected or has no load
WARNING: [Synth 8-7129] Port InputA[14] in module CustomWrapper is either unconnected or has no load
WARNING: [Synth 8-7129] Port InputA[13] in module CustomWrapper is either unconnected or has no load
WARNING: [Synth 8-7129] Port InputA[12] in module CustomWrapper is either unconnected or has no load
WARNING: [Synth 8-7129] Port InputA[11] in module CustomWrapper is either unconnected or has no load
WARNING: [Synth 8-7129] Port InputA[10] in module CustomWrapper is either unconnected or has no load
WARNING: [Synth 8-7129] Port InputA[9] in module CustomWrapper is either unconnected or has no load
WARNING: [Synth 8-7129] Port InputA[8] in module CustomWrapper is either unconnected or has no load
WARNING: [Synth 8-7129] Port InputA[7] in module CustomWrapper is either unconnected or has no load
WARNING: [Synth 8-7129] Port InputA[6] in module CustomWrapper is either unconnected or has no load
WARNING: [Synth 8-7129] Port InputA[5] in module CustomWrapper is either unconnected or has no load
WARNING: [Synth 8-7129] Port InputA[4] in module CustomWrapper is either unconnected or has no load
WARNING: [Synth 8-7129] Port InputA[3] in module CustomWrapper is either unconnected or has no load
WARNING: [Synth 8-7129] Port InputA[2] in module CustomWrapper is either unconnected or has no load
WARNING: [Synth 8-7129] Port InputA[1] in module CustomWrapper is either unconnected or has no load
WARNING: [Synth 8-7129] Port InputA[0] in module CustomWrapper is either unconnected or has no load
WARNING: [Synth 8-7129] Port InputB[15] in module CustomWrapper is either unconnected or has no load
WARNING: [Synth 8-7129] Port InputB[14] in module CustomWrapper is either unconnected or has no load
WARNING: [Synth 8-7129] Port InputB[13] in module CustomWrapper is either unconnected or has no load
WARNING: [Synth 8-7129] Port InputB[12] in module CustomWrapper is either unconnected or has no load
WARNING: [Synth 8-7129] Port InputB[11] in module CustomWrapper is either unconnected or has no load
WARNING: [Synth 8-7129] Port InputB[10] in module CustomWrapper is either unconnected or has no load
WARNING: [Synth 8-7129] Port InputB[9] in module CustomWrapper is either unconnected or has no load
WARNING: [Synth 8-7129] Port InputB[8] in module CustomWrapper is either unconnected or has no load
WARNING: [Synth 8-7129] Port InputB[7] in module CustomWrapper is either unconnected or has no load
WARNING: [Synth 8-7129] Port InputB[6] in module CustomWrapper is either unconnected or has no load
WARNING: [Synth 8-7129] Port InputB[5] in module CustomWrapper is either unconnected or has no load
WARNING: [Synth 8-7129] Port InputB[4] in module CustomWrapper is either unconnected or has no load
WARNING: [Synth 8-7129] Port InputB[3] in module CustomWrapper is either unconnected or has no load
WARNING: [Synth 8-7129] Port InputB[2] in module CustomWrapper is either unconnected or has no load
WARNING: [Synth 8-7129] Port InputB[1] in module CustomWrapper is either unconnected or has no load
WARNING: [Synth 8-7129] Port InputB[0] in module CustomWrapper is either unconnected or has no load
WARNING: [Synth 8-7129] Port InputC[15] in module CustomWrapper is either unconnected or has no load
WARNING: [Synth 8-7129] Port InputC[14] in module CustomWrapper is either unconnected or has no load
WARNING: [Synth 8-7129] Port InputC[13] in module CustomWrapper is either unconnected or has no load
WARNING: [Synth 8-7129] Port InputC[12] in module CustomWrapper is either unconnected or has no load
WARNING: [Synth 8-7129] Port InputC[11] in module CustomWrapper is either unconnected or has no load
WARNING: [Synth 8-7129] Port InputC[10] in module CustomWrapper is either unconnected or has no load
WARNING: [Synth 8-7129] Port InputC[9] in module CustomWrapper is either unconnected or has no load
WARNING: [Synth 8-7129] Port InputC[8] in module CustomWrapper is either unconnected or has no load
WARNING: [Synth 8-7129] Port InputC[7] in module CustomWrapper is either unconnected or has no load
WARNING: [Synth 8-7129] Port InputC[6] in module CustomWrapper is either unconnected or has no load
WARNING: [Synth 8-7129] Port InputC[5] in module CustomWrapper is either unconnected or has no load
WARNING: [Synth 8-7129] Port InputC[4] in module CustomWrapper is either unconnected or has no load
WARNING: [Synth 8-7129] Port InputC[3] in module CustomWrapper is either unconnected or has no load
WARNING: [Synth 8-7129] Port InputC[2] in module CustomWrapper is either unconnected or has no load
WARNING: [Synth 8-7129] Port InputC[1] in module CustomWrapper is either unconnected or has no load
WARNING: [Synth 8-7129] Port InputC[0] in module CustomWrapper is either unconnected or has no load
WARNING: [Synth 8-7129] Port InputD[15] in module CustomWrapper is either unconnected or has no load
WARNING: [Synth 8-7129] Port InputD[14] in module CustomWrapper is either unconnected or has no load
WARNING: [Synth 8-7129] Port InputD[13] in module CustomWrapper is either unconnected or has no load
WARNING: [Synth 8-7129] Port InputD[12] in module CustomWrapper is either unconnected or has no load
WARNING: [Synth 8-7129] Port InputD[11] in module CustomWrapper is either unconnected or has no load
WARNING: [Synth 8-7129] Port InputD[10] in module CustomWrapper is either unconnected or has no load
WARNING: [Synth 8-7129] Port InputD[9] in module CustomWrapper is either unconnected or has no load
WARNING: [Synth 8-7129] Port InputD[8] in module CustomWrapper is either unconnected or has no load
WARNING: [Synth 8-7129] Port InputD[7] in module CustomWrapper is either unconnected or has no load
WARNING: [Synth 8-7129] Port InputD[6] in module CustomWrapper is either unconnected or has no load
WARNING: [Synth 8-7129] Port InputD[5] in module CustomWrapper is either unconnected or has no load
WARNING: [Synth 8-7129] Port InputD[4] in module CustomWrapper is either unconnected or has no load
WARNING: [Synth 8-7129] Port InputD[3] in module CustomWrapper is either unconnected or has no load
WARNING: [Synth 8-7129] Port InputD[2] in module CustomWrapper is either unconnected or has no load
WARNING: [Synth 8-7129] Port InputD[1] in module CustomWrapper is either unconnected or has no load
WARNING: [Synth 8-7129] Port InputD[0] in module CustomWrapper is either unconnected or has no load
INFO: [Common 17-14] Message 'Synth 8-7129' appears 100 times and further instances of the messages will be disabled. Use the Tcl command set_msg_config to change the current settings.
---------------------------------------------------------------------------------
Finished RTL Elaboration : Time (s): cpu = 00:00:03 ; elapsed = 00:00:04 . Memory (MB): peak = 2531.258 ; gain = 439.719 ; free physical = 76289 ; free virtual = 168827
Synthesis current peak Physical Memory [PSS] (MB): peak = 2038.036; parent = 1778.500; children = 259.536
Synthesis current peak Virtual Memory [VSS] (MB): peak = 3501.367; parent = 2531.262; children = 970.105
---------------------------------------------------------------------------------
---------------------------------------------------------------------------------
Start Handling Custom Attributes
---------------------------------------------------------------------------------
---------------------------------------------------------------------------------
Finished Handling Custom Attributes : Time (s): cpu = 00:00:03 ; elapsed = 00:00:04 . Memory (MB): peak = 2549.070 ; gain = 457.531 ; free physical = 76290 ; free virtual = 168827
Synthesis current peak Physical Memory [PSS] (MB): peak = 2038.036; parent = 1778.500; children = 259.536
Synthesis current peak Virtual Memory [VSS] (MB): peak = 3519.180; parent = 2549.074; children = 970.105
---------------------------------------------------------------------------------
---------------------------------------------------------------------------------
Finished RTL Optimization Phase 1 : Time (s): cpu = 00:00:03 ; elapsed = 00:00:04 . Memory (MB): peak = 2549.070 ; gain = 457.531 ; free physical = 76290 ; free virtual = 168827
Synthesis current peak Physical Memory [PSS] (MB): peak = 2038.036; parent = 1778.500; children = 259.536
Synthesis current peak Virtual Memory [VSS] (MB): peak = 3519.180; parent = 2549.074; children = 970.105
---------------------------------------------------------------------------------
CRITICAL WARNING: [Project 1-840] The design checkpoint file '/workspace/2c36e626-f812-4cb8-a6dc-fe604c265695/ipcores/FFT_1024.dcp' was generated for an IP by an out of context synthesis run and should not be used directly as a source in a Vivado flow. Constraints and other files related to the IP are only stored in the xci/xcix, not the checkpoint. It is strongly recommended that the original IP source file (.xci/.xcix) be used.
CRITICAL WARNING: [Project 1-840] The design checkpoint file '/workspace/2c36e626-f812-4cb8-a6dc-fe604c265695/ipcores/SineGen_48.dcp' was generated for an IP by an out of context synthesis run and should not be used directly as a source in a Vivado flow. Constraints and other files related to the IP are only stored in the xci/xcix, not the checkpoint. It is strongly recommended that the original IP source file (.xci/.xcix) be used.
Netlist sorting complete. Time (s): cpu = 00:00:00.01 ; elapsed = 00:00:00.01 . Memory (MB): peak = 2549.070 ; gain = 0.000 ; free physical = 76285 ; free virtual = 168822
INFO: [Project 1-570] Preparing netlist for logic optimization

Processing XDC Constraints
Initializing timing engine
Completed Processing XDC Constraints

Netlist sorting complete. Time (s): cpu = 00:00:00 ; elapsed = 00:00:00 . Memory (MB): peak = 2690.809 ; gain = 0.000 ; free physical = 76206 ; free virtual = 168744
INFO: [Project 1-111] Unisim Transformation Summary:
No Unisim elements were transformed.

Constraint Validation Runtime : Time (s): cpu = 00:00:00 ; elapsed = 00:00:00 . Memory (MB): peak = 2690.809 ; gain = 0.000 ; free physical = 76205 ; free virtual = 168743
INFO: [Synth 8-11241] undeclared symbol 'REGCCE', assumed default net type 'wire' [/opt/Xilinx/Vivado/2022.2/data/verilog/src/unimacro/BRAM_SINGLE_MACRO.v:2170]
---------------------------------------------------------------------------------
Finished Constraint Validation : Time (s): cpu = 00:00:08 ; elapsed = 00:00:09 . Memory (MB): peak = 2690.809 ; gain = 599.270 ; free physical = 76264 ; free virtual = 168802
Synthesis current peak Physical Memory [PSS] (MB): peak = 2038.036; parent = 1778.500; children = 259.536
Synthesis current peak Virtual Memory [VSS] (MB): peak = 3628.902; parent = 2658.797; children = 970.105
---------------------------------------------------------------------------------
---------------------------------------------------------------------------------
Start Loading Part and Timing Information
---------------------------------------------------------------------------------
Loading part: xc7z020clg400-1
---------------------------------------------------------------------------------
Finished Loading Part and Timing Information : Time (s): cpu = 00:00:08 ; elapsed = 00:00:09 . Memory (MB): peak = 2690.809 ; gain = 599.270 ; free physical = 76264 ; free virtual = 168802
Synthesis current peak Physical Memory [PSS] (MB): peak = 2038.036; parent = 1778.500; children = 259.536
Synthesis current peak Virtual Memory [VSS] (MB): peak = 3628.902; parent = 2658.797; children = 970.105
---------------------------------------------------------------------------------
---------------------------------------------------------------------------------
Start Applying 'set_property' XDC Constraints
---------------------------------------------------------------------------------
---------------------------------------------------------------------------------
Finished applying 'set_property' XDC Constraints : Time (s): cpu = 00:00:08 ; elapsed = 00:00:09 . Memory (MB): peak = 2690.809 ; gain = 599.270 ; free physical = 76264 ; free virtual = 168802
Synthesis current peak Physical Memory [PSS] (MB): peak = 2038.036; parent = 1778.500; children = 259.536
Synthesis current peak Virtual Memory [VSS] (MB): peak = 3628.902; parent = 2658.797; children = 970.105
---------------------------------------------------------------------------------
---------------------------------------------------------------------------------
Finished RTL Optimization Phase 2 : Time (s): cpu = 00:00:08 ; elapsed = 00:00:10 . Memory (MB): peak = 2690.809 ; gain = 599.270 ; free physical = 76251 ; free virtual = 168790
Synthesis current peak Physical Memory [PSS] (MB): peak = 2038.036; parent = 1778.500; children = 259.536
Synthesis current peak Virtual Memory [VSS] (MB): peak = 3628.902; parent = 2658.797; children = 970.105
---------------------------------------------------------------------------------
---------------------------------------------------------------------------------
Start RTL Component Statistics 
---------------------------------------------------------------------------------
Detailed RTL Component Info : 
+---Adders : 
	   3 Input   18 Bit       Adders := 9     
	   2 Input   18 Bit       Adders := 3     
	   2 Input    5 Bit       Adders := 1     
+---Registers : 
	               32 Bit    Registers := 24    
	               24 Bit    Registers := 1     
	               17 Bit    Registers := 2     
	               16 Bit    Registers := 19    
	                5 Bit    Registers := 1     
	                2 Bit    Registers := 5     
	                1 Bit    Registers := 17    
+---Muxes : 
	   2 Input   32 Bit        Muxes := 7     
	   3 Input   32 Bit        Muxes := 1     
	   2 Input   17 Bit        Muxes := 1     
	   2 Input   16 Bit        Muxes := 12    
	   2 Input    2 Bit        Muxes := 1     
	   3 Input    1 Bit        Muxes := 2     
	   2 Input    1 Bit        Muxes := 6     
	   5 Input    1 Bit        Muxes := 19    
---------------------------------------------------------------------------------
Finished RTL Component Statistics 
---------------------------------------------------------------------------------
---------------------------------------------------------------------------------
Start Part Resource Summary
---------------------------------------------------------------------------------
Part Resources:
DSPs: 220 (col length:60)
BRAMs: 280 (col length: RAMB18 60 RAMB36 30)
---------------------------------------------------------------------------------
Finished Part Resource Summary
---------------------------------------------------------------------------------
---------------------------------------------------------------------------------
Start Cross Boundary and Area Optimization
---------------------------------------------------------------------------------
WARNING: [Synth 8-7080] Parallel synthesis criteria is not met
---------------------------------------------------------------------------------
Finished Cross Boundary and Area Optimization : Time (s): cpu = 00:00:09 ; elapsed = 00:00:11 . Memory (MB): peak = 2690.809 ; gain = 599.270 ; free physical = 76233 ; free virtual = 168777
Synthesis current peak Physical Memory [PSS] (MB): peak = 2038.036; parent = 1778.500; children = 259.536
Synthesis current peak Virtual Memory [VSS] (MB): peak = 3628.902; parent = 2658.797; children = 970.105
---------------------------------------------------------------------------------
---------------------------------------------------------------------------------
Start Applying XDC Timing Constraints
---------------------------------------------------------------------------------
---------------------------------------------------------------------------------
Finished Applying XDC Timing Constraints : Time (s): cpu = 00:00:12 ; elapsed = 00:00:14 . Memory (MB): peak = 2690.809 ; gain = 599.270 ; free physical = 76115 ; free virtual = 168659
Synthesis current peak Physical Memory [PSS] (MB): peak = 2140.175; parent = 1881.531; children = 259.536
Synthesis current peak Virtual Memory [VSS] (MB): peak = 3628.902; parent = 2658.797; children = 970.105
---------------------------------------------------------------------------------
---------------------------------------------------------------------------------
Start Timing Optimization
---------------------------------------------------------------------------------
---------------------------------------------------------------------------------
Finished Timing Optimization : Time (s): cpu = 00:00:12 ; elapsed = 00:00:14 . Memory (MB): peak = 2690.809 ; gain = 599.270 ; free physical = 76115 ; free virtual = 168659
Synthesis current peak Physical Memory [PSS] (MB): peak = 2140.276; parent = 1881.633; children = 259.536
Synthesis current peak Virtual Memory [VSS] (MB): peak = 3628.902; parent = 2658.797; children = 970.105
---------------------------------------------------------------------------------
---------------------------------------------------------------------------------
Start Technology Mapping
---------------------------------------------------------------------------------
---------------------------------------------------------------------------------
Finished Technology Mapping : Time (s): cpu = 00:00:12 ; elapsed = 00:00:14 . Memory (MB): peak = 2690.809 ; gain = 599.270 ; free physical = 76109 ; free virtual = 168652
Synthesis current peak Physical Memory [PSS] (MB): peak = 2141.366; parent = 1882.723; children = 259.536
Synthesis current peak Virtual Memory [VSS] (MB): peak = 3628.902; parent = 2658.797; children = 970.105
---------------------------------------------------------------------------------
---------------------------------------------------------------------------------
Start IO Insertion
---------------------------------------------------------------------------------
---------------------------------------------------------------------------------
Start Flattening Before IO Insertion
---------------------------------------------------------------------------------
---------------------------------------------------------------------------------
Finished Flattening Before IO Insertion
---------------------------------------------------------------------------------
---------------------------------------------------------------------------------
Start Final Netlist Cleanup
---------------------------------------------------------------------------------
---------------------------------------------------------------------------------
Finished Final Netlist Cleanup
---------------------------------------------------------------------------------
---------------------------------------------------------------------------------
Finished IO Insertion : Time (s): cpu = 00:00:14 ; elapsed = 00:00:17 . Memory (MB): peak = 2690.809 ; gain = 599.270 ; free physical = 76108 ; free virtual = 168652
Synthesis current peak Physical Memory [PSS] (MB): peak = 2141.698; parent = 1883.055; children = 259.536
Synthesis current peak Virtual Memory [VSS] (MB): peak = 3628.902; parent = 2658.797; children = 970.105
---------------------------------------------------------------------------------
---------------------------------------------------------------------------------
Start Renaming Generated Instances
---------------------------------------------------------------------------------
---------------------------------------------------------------------------------
Finished Renaming Generated Instances : Time (s): cpu = 00:00:14 ; elapsed = 00:00:17 . Memory (MB): peak = 2690.809 ; gain = 599.270 ; free physical = 76108 ; free virtual = 168652
Synthesis current peak Physical Memory [PSS] (MB): peak = 2141.714; parent = 1883.070; children = 259.536
Synthesis current peak Virtual Memory [VSS] (MB): peak = 3628.902; parent = 2658.797; children = 970.105
---------------------------------------------------------------------------------
---------------------------------------------------------------------------------
Start Rebuilding User Hierarchy
---------------------------------------------------------------------------------
---------------------------------------------------------------------------------
Finished Rebuilding User Hierarchy : Time (s): cpu = 00:00:14 ; elapsed = 00:00:17 . Memory (MB): peak = 2690.809 ; gain = 599.270 ; free physical = 76108 ; free virtual = 168652
Synthesis current peak Physical Memory [PSS] (MB): peak = 2141.757; parent = 1883.113; children = 259.536
Synthesis current peak Virtual Memory [VSS] (MB): peak = 3628.902; parent = 2658.797; children = 970.105
---------------------------------------------------------------------------------
---------------------------------------------------------------------------------
Start Renaming Generated Ports
---------------------------------------------------------------------------------
---------------------------------------------------------------------------------
Finished Renaming Generated Ports : Time (s): cpu = 00:00:14 ; elapsed = 00:00:17 . Memory (MB): peak = 2690.809 ; gain = 599.270 ; free physical = 76108 ; free virtual = 168652
Synthesis current peak Physical Memory [PSS] (MB): peak = 2141.761; parent = 1883.117; children = 259.536
Synthesis current peak Virtual Memory [VSS] (MB): peak = 3628.902; parent = 2658.797; children = 970.105
---------------------------------------------------------------------------------
---------------------------------------------------------------------------------
Start Handling Custom Attributes
---------------------------------------------------------------------------------
---------------------------------------------------------------------------------
Finished Handling Custom Attributes : Time (s): cpu = 00:00:14 ; elapsed = 00:00:17 . Memory (MB): peak = 2690.809 ; gain = 599.270 ; free physical = 76108 ; free virtual = 168652
Synthesis current peak Physical Memory [PSS] (MB): peak = 2141.761; parent = 1883.117; children = 259.536
Synthesis current peak Virtual Memory [VSS] (MB): peak = 3628.902; parent = 2658.797; children = 970.105
---------------------------------------------------------------------------------
---------------------------------------------------------------------------------
Start Renaming Generated Nets
---------------------------------------------------------------------------------
---------------------------------------------------------------------------------
Finished Renaming Generated Nets : Time (s): cpu = 00:00:14 ; elapsed = 00:00:17 . Memory (MB): peak = 2690.809 ; gain = 599.270 ; free physical = 76108 ; free virtual = 168652
Synthesis current peak Physical Memory [PSS] (MB): peak = 2141.792; parent = 1883.148; children = 259.536
Synthesis current peak Virtual Memory [VSS] (MB): peak = 3628.902; parent = 2658.797; children = 970.105
---------------------------------------------------------------------------------
---------------------------------------------------------------------------------
Start Writing Synthesis Report
---------------------------------------------------------------------------------

Report BlackBoxes: 
+-+--------------+----------+
| |BlackBox name |Instances |
+-+--------------+----------+
+-+--------------+----------+

Report Cell Usage: 
+------+-------+------+
|      |Cell   |Count |
+------+-------+------+
|1     |CARRY4 |    10|
|2     |LUT1   |     2|
|3     |LUT2   |     5|
|4     |LUT3   |    24|
|5     |LUT4   |    40|
|6     |LUT5   |     7|
|7     |LUT6   |    39|
|8     |FDCE   |    16|
|9     |FDRE   |   220|
+------+-------+------+
---------------------------------------------------------------------------------
Finished Writing Synthesis Report : Time (s): cpu = 00:00:14 ; elapsed = 00:00:17 . Memory (MB): peak = 2690.809 ; gain = 599.270 ; free physical = 76108 ; free virtual = 168652
Synthesis current peak Physical Memory [PSS] (MB): peak = 2141.808; parent = 1883.164; children = 259.536
Synthesis current peak Virtual Memory [VSS] (MB): peak = 3628.902; parent = 2658.797; children = 970.105
---------------------------------------------------------------------------------
Synthesis finished with 0 errors, 0 critical warnings and 1 warnings.
Synthesis Optimization Runtime : Time (s): cpu = 00:00:13 ; elapsed = 00:00:16 . Memory (MB): peak = 2690.809 ; gain = 457.531 ; free physical = 76162 ; free virtual = 168706
Synthesis Optimization Complete : Time (s): cpu = 00:00:15 ; elapsed = 00:00:18 . Memory (MB): peak = 2690.809 ; gain = 599.270 ; free physical = 76161 ; free virtual = 168704
INFO: [Project 1-571] Translating synthesized netlist
CRITICAL WARNING: [Project 1-840] The design checkpoint file '/workspace/2c36e626-f812-4cb8-a6dc-fe604c265695/ipcores/FFT_1024.dcp' was generated for an IP by an out of context synthesis run and should not be used directly as a source in a Vivado flow. Constraints and other files related to the IP are only stored in the xci/xcix, not the checkpoint. It is strongly recommended that the original IP source file (.xci/.xcix) be used.
CRITICAL WARNING: [Project 1-840] The design checkpoint file '/workspace/2c36e626-f812-4cb8-a6dc-fe604c265695/ipcores/SineGen_48.dcp' was generated for an IP by an out of context synthesis run and should not be used directly as a source in a Vivado flow. Constraints and other files related to the IP are only stored in the xci/xcix, not the checkpoint. It is strongly recommended that the original IP source file (.xci/.xcix) be used.
Netlist sorting complete. Time (s): cpu = 00:00:00 ; elapsed = 00:00:00 . Memory (MB): peak = 2690.809 ; gain = 0.000 ; free physical = 76267 ; free virtual = 168810
INFO: [Netlist 29-17] Analyzing 10 Unisim elements for replacement
INFO: [Netlist 29-28] Unisim Transformation completed in 0 CPU seconds
INFO: [Project 1-570] Preparing netlist for logic optimization
INFO: [Opt 31-138] Pushed 0 inverter(s) to 0 load pin(s).
Netlist sorting complete. Time (s): cpu = 00:00:00 ; elapsed = 00:00:00 . Memory (MB): peak = 2690.809 ; gain = 0.000 ; free physical = 76212 ; free virtual = 168756
INFO: [Project 1-111] Unisim Transformation Summary:
No Unisim elements were transformed.

Synth Design complete, checksum: a87d7ea
INFO: [Common 17-83] Releasing license: Synthesis
27 Infos, 150 Warnings, 5 Critical Warnings and 0 Errors encountered.
synth_design completed successfully
synth_design: Time (s): cpu = 00:00:20 ; elapsed = 00:00:23 . Memory (MB): peak = 2690.809 ; gain = 968.035 ; free physical = 76422 ; free virtual = 168966
# write_edif -force custom.edf
Netlist sorting complete. Time (s): cpu = 00:00:00 ; elapsed = 00:00:00 . Memory (MB): peak = 2690.809 ; gain = 0.000 ; free physical = 76422 ; free virtual = 168966
INFO: [Common 17-206] Exiting Vivado at Thu Oct 23 07:00:36 2025...
