#-----------------------------------------------------------
# Vivado v2022.2_AR000035739_AR000034905 (64-bit)
# SW Build 3671981 on Fri Oct 14 04:59:54 MDT 2022
# IP Build 3669848 on Fri Oct 14 08:30:02 MDT 2022
# Start of session at: Fri Oct 24 16:34:34 2025
# Process ID: 2443986
# Current directory: /workspace/7267d600-f6e9-44a8-8bc4-e204c074f568/output
# Command line: vivado -log synthesis.log -nojournal -mode batch -source /deps/compile/scripts/tcl/synth.tcl -tclargs /deps/compile 40 xc7z020clg400-1 mokugo /workspace/7267d600-f6e9-44a8-8bc4-e204c074f568/src /workspace/7267d600-f6e9-44a8-8bc4-e204c074f568/lib /workspace/7267d600-f6e9-44a8-8bc4-e204c074f568/ipcores 2 3 0 4 4 5 3 2 0
# Log file: /workspace/7267d600-f6e9-44a8-8bc4-e204c074f568/output/synthesis.log
# Journal file: 
# Running On: mcc-workers-7446cfdb8d-zldv5, OS: Linux, CPU Frequency: 3393.624 MHz, CPU Physical cores: 28, Host memory: 118146 MB
#-----------------------------------------------------------
source /deps/compile/scripts/tcl/synth.tcl
# set TOP_DIR [lindex $argv 0]
# set HW_VER [lindex $argv 1]
# set HG_PART [lindex $argv 2]
# set HG_BOARD [lindex $argv 3]
# set SRC_DIR [lindex $argv 4]
# set LIB_DIR [lindex $argv 5]
# set IP_DCP_DIR [lindex $argv 6]
# set NUM_INS [lindex $argv 7]
# set NUM_OUTS [lindex $argv 8]
# set NUM_MONS [lindex $argv 9]
# set IN_LANES [lindex $argv 10]
# set OUT_LANES [lindex $argv 11]
# set NUM_SLOT_INS [lindex $argv 12]
# set NUM_SLOT_OUTS [lindex $argv 13]
# set NUM_CBUFS [lindex $argv 14]
# set VARIANT [lindex $argv 15]
# set_part $HG_PART
INFO: [Coretcl 2-1500] The part has been set to 'xc7z020clg400-1' for the current project only. Run set_part -help for more details. To evaluate different speed grades in the current design, use the set_speed_grade command, or use the open_checkpoint -part command to change the part used by an existing checkpoint design.
# read_vhdl -vhdl2008 [glob $LIB_DIR/Instrument.vhd]
# read_vhdl -vhdl2008 [glob $LIB_DIR/AXITypes.vhd]
# read_vhdl -vhdl2008 [glob $LIB_DIR/InterlacingSupport.vhd]
# read_vhdl -vhdl2008 [glob $LIB_DIR/MemoryMapSPI.vhd]
# read_vhdl -vhdl2008 [glob $LIB_DIR/InstrumentCC.vhd]
# read_vhdl -vhdl2008 [glob $LIB_DIR/MercurySupport.vhd]
# read_vhdl -vhdl2008 [glob $LIB_DIR/MokuSupport.vhd]
# set INCLUDE_ENTITY_DEFN 1
# source $TOP_DIR/utilities/utilities.tcl
## proc findFiles { basedir pattern } {
## 
##     # Fix the directory name, this ensures the directory name is in the
##     # native format for the platform and contains a final directory seperator
##     set basedir [string trimright [file join [file normalize $basedir] { }]]
##     set fileList {}
## 
##     # Look in the current directory for matching files, -type {f r}
##     # means ony readable normal files are looked at, -nocomplain stops
##     # an error being thrown if the returned list is empty
##     foreach fileName [glob -nocomplain -type {f r} -path $basedir $pattern] {
##         lappend fileList $fileName
##     }
## 
##     # Now look for any sub direcories in the current directory
##     foreach dirName [glob -nocomplain -type {d  r} -path $basedir *] {
##         # Recusively call the routine on the sub directory and append any
##         # new files to the results
##         set subDirList [findFiles $dirName $pattern]
##         if { [llength $subDirList] > 0 } {
##             foreach subDirFile $subDirList {
##                 lappend fileList $subDirFile
##             }
##         }
##     }
##     return $fileList
##  }
# set VHDL_SRC [findFiles $SRC_DIR "*.vhd"]
# if {[llength $VHDL_SRC] > 0} {
#     # Prevent re-definition of CustomWrapper; 
#     # without this check, Vivado or this suite of 
#     # scripts will not report any errors and will 
#     # still generate the deployable bitstream.
#     # see https://liquidinstruments.atlassian.net/browse/SW-398
#     foreach VHDL_FILE $VHDL_SRC {
#         if {[catch {exec grep -qi "entity CustomWrapper is" $VHDL_FILE} result] == 0} {
#             puts "Error: The entity 'CustomWrapper' is already defined in the library."
#             exit 1
#         }
#     }
#     read_vhdl -vhdl2008 $VHDL_SRC
# }
# set VERILOG_SRC [findFiles $SRC_DIR "*.v"]
# if {[llength $VERILOG_SRC] > 0} {
#     read_verilog $VERILOG_SRC
#     set_property file_type {SystemVerilog} [get_files $VERILOG_SRC]
#     foreach V_FILE $VERILOG_SRC {
#         if {[catch {exec grep -qi "module CustomWrapper" $V_FILE} result] == 0} {
#             set INCLUDE_ENTITY_DEFN 0
#         }
#     }
# }
# if {$INCLUDE_ENTITY_DEFN == 1} {
#     read_vhdl -vhdl2008 [glob $LIB_DIR/CustomWrapper.vhd]
# }
# set ip_dcps [glob -nocomplain $IP_DCP_DIR/*.dcp *.dcp]
# puts $ip_dcps
/workspace/7267d600-f6e9-44a8-8bc4-e204c074f568/ipcores/AddSubtract_16.dcp /workspace/7267d600-f6e9-44a8-8bc4-e204c074f568/ipcores/CIC_Dec_3Ordx8.dcp /workspace/7267d600-f6e9-44a8-8bc4-e204c074f568/ipcores/Cordic_Translate_16.dcp /workspace/7267d600-f6e9-44a8-8bc4-e204c074f568/ipcores/Counter_32.dcp /workspace/7267d600-f6e9-44a8-8bc4-e204c074f568/ipcores/FFT_1024.dcp /workspace/7267d600-f6e9-44a8-8bc4-e204c074f568/ipcores/FFT_65536.dcp /workspace/7267d600-f6e9-44a8-8bc4-e204c074f568/ipcores/FIR_Filter_7coef.dcp /workspace/7267d600-f6e9-44a8-8bc4-e204c074f568/ipcores/SineGen_48.dcp
# foreach dcp $ip_dcps {
# 	read_checkpoint $dcp
# }
Command: read_checkpoint /workspace/7267d600-f6e9-44a8-8bc4-e204c074f568/ipcores/AddSubtract_16.dcp
Command: read_checkpoint /workspace/7267d600-f6e9-44a8-8bc4-e204c074f568/ipcores/CIC_Dec_3Ordx8.dcp
Command: read_checkpoint /workspace/7267d600-f6e9-44a8-8bc4-e204c074f568/ipcores/Cordic_Translate_16.dcp
Command: read_checkpoint /workspace/7267d600-f6e9-44a8-8bc4-e204c074f568/ipcores/Counter_32.dcp
Command: read_checkpoint /workspace/7267d600-f6e9-44a8-8bc4-e204c074f568/ipcores/FFT_1024.dcp
CRITICAL WARNING: [Vivado 12-5469] The design checkpoint file '/workspace/7267d600-f6e9-44a8-8bc4-e204c074f568/ipcores/FFT_1024.dcp' was generated for an IP by an out of context synthesis run and should not directly be used as a source in a Vivado flow. It is strongly recommended that that the original IP source file (.xci) be used.
Command: read_checkpoint /workspace/7267d600-f6e9-44a8-8bc4-e204c074f568/ipcores/FFT_65536.dcp
Command: read_checkpoint /workspace/7267d600-f6e9-44a8-8bc4-e204c074f568/ipcores/FIR_Filter_7coef.dcp
Command: read_checkpoint /workspace/7267d600-f6e9-44a8-8bc4-e204c074f568/ipcores/SineGen_48.dcp
CRITICAL WARNING: [Vivado 12-5469] The design checkpoint file '/workspace/7267d600-f6e9-44a8-8bc4-e204c074f568/ipcores/SineGen_48.dcp' was generated for an IP by an out of context synthesis run and should not directly be used as a source in a Vivado flow. It is strongly recommended that that the original IP source file (.xci) be used.
# set_property library Moku [get_files -all -of_objects [get_filesets sources_1]]
# set_property top Instrument [current_fileset]
# set_property top_lib xil_defaultlib [current_fileset]
# set_property top_arch Custom [current_fileset]
# set_property top_file Top [current_fileset]
# set_property generic "HW_VER=$HW_VER NUM_INS=$NUM_INS NUM_OUTS=$NUM_OUTS NUM_MONS=$NUM_MONS IN_LANES=$IN_LANES OUT_LANES=$OUT_LANES NUM_SLOT_INS=$NUM_SLOT_INS NUM_SLOT_OUTS=$NUM_SLOT_OUTS NUM_CBUFS=$NUM_CBUFS VARIANT=$VARIANT" [current_fileset]
# synth_design -mode out_of_context -flatten_hierarchy rebuilt
Command: synth_design -mode out_of_context -flatten_hierarchy rebuilt
Starting synth_design
Using part: xc7z020clg400-1
Top: Instrument
Attempting to get a license for feature 'Synthesis' and/or device 'xc7z020'
INFO: [Common 17-349] Got license for feature 'Synthesis' and/or device 'xc7z020'
INFO: [Device 21-403] Loading part xc7z020clg400-1
INFO: [Synth 8-7079] Multithreading enabled for synth_design using a maximum of 4 processes.
INFO: [Synth 8-7078] Launching helper process for spawning children vivado processes
INFO: [Synth 8-7075] Helper process launched with PID 2444008
INFO: [Synth 8-11241] undeclared symbol 'REGCCE', assumed default net type 'wire' [/opt/Xilinx/Vivado/2022.2/data/verilog/src/unimacro/BRAM_SINGLE_MACRO.v:2170]
---------------------------------------------------------------------------------
Starting RTL Elaboration : Time (s): cpu = 00:00:02 ; elapsed = 00:00:03 . Memory (MB): peak = 2454.641 ; gain = 364.719 ; free physical = 71860 ; free virtual = 168603
Synthesis current peak Physical Memory [PSS] (MB): peak = 2039.881; parent = 1779.654; children = 260.227
Synthesis current peak Virtual Memory [VSS] (MB): peak = 3427.719; parent = 2457.613; children = 970.105
---------------------------------------------------------------------------------
CRITICAL WARNING: [Synth 8-9871] overwriting existing primary unit 'scaleoffset2' [/workspace/7267d600-f6e9-44a8-8bc4-e204c074f568/lib/MokuSupport.vhd:391]
WARNING: [Synth 8-9963] re-analyze unit 'behavioral' since unit 'scaleoffset2' is overwritten or removed [/workspace/7267d600-f6e9-44a8-8bc4-e204c074f568/lib/MercurySupport.vhd:932]
INFO: [Synth 8-638] synthesizing module 'Instrument' [/workspace/7267d600-f6e9-44a8-8bc4-e204c074f568/lib/InstrumentCC.vhd:7]
	Parameter HW_VER bound to: 40 - type: integer 
	Parameter NUM_INS bound to: 2 - type: integer 
	Parameter NUM_OUTS bound to: 3 - type: integer 
	Parameter NUM_MONS bound to: 0 - type: integer 
	Parameter IN_LANES bound to: 4 - type: integer 
	Parameter OUT_LANES bound to: 4 - type: integer 
	Parameter NUM_SLOT_INS bound to: 5 - type: integer 
	Parameter NUM_SLOT_OUTS bound to: 3 - type: integer 
	Parameter NUM_CBUFS bound to: 2 - type: integer 
	Parameter VARIANT bound to: 0 - type: integer 
INFO: [Synth 8-638] synthesizing module 'InstrumentPortAdapter' [/workspace/7267d600-f6e9-44a8-8bc4-e204c074f568/lib/Instrument.vhd:84]
	Parameter HW_VER bound to: 40 - type: integer 
	Parameter IN_LANES bound to: 4 - type: integer 
	Parameter OUT_LANES bound to: 4 - type: integer 
	Parameter NUM_SLOT_INS bound to: 5 - type: integer 
	Parameter NUM_SLOT_OUTS bound to: 3 - type: integer 
	Parameter NUM_CBUFS bound to: 2 - type: integer 
INFO: [Synth 8-256] done synthesizing module 'InstrumentPortAdapter' (0#1) [/workspace/7267d600-f6e9-44a8-8bc4-e204c074f568/lib/Instrument.vhd:84]
INFO: [Synth 8-638] synthesizing module 'MemoryMapSPI' [/workspace/7267d600-f6e9-44a8-8bc4-e204c074f568/lib/MemoryMapSPI.vhd:33]
	Parameter NUM_REGS bound to: 17 - type: integer 
	Parameter NUM_META_REGS bound to: 2 - type: integer 
INFO: [Synth 8-256] done synthesizing module 'MemoryMapSPI' (0#1) [/workspace/7267d600-f6e9-44a8-8bc4-e204c074f568/lib/MemoryMapSPI.vhd:33]
INFO: [Synth 8-638] synthesizing module 'CustomWrapper' [/workspace/7267d600-f6e9-44a8-8bc4-e204c074f568/lib/CustomWrapper.vhd:7]
INFO: [Synth 8-638] synthesizing module 'inspectable_buffer_loader_core' [/workspace/7267d600-f6e9-44a8-8bc4-e204c074f568/src/inspectable_buffer_loader_core.vhd:67]
	Parameter BUFFER_SIZE bound to: 1024 - type: integer 
INFO: [Synth 8-638] synthesizing module 'crc32_core' [/workspace/7267d600-f6e9-44a8-8bc4-e204c074f568/src/crc32_core.vhd:47]
INFO: [Synth 8-256] done synthesizing module 'crc32_core' (0#1) [/workspace/7267d600-f6e9-44a8-8bc4-e204c074f568/src/crc32_core.vhd:47]
INFO: [Synth 8-638] synthesizing module 'clk_divider_core' [/workspace/7267d600-f6e9-44a8-8bc4-e204c074f568/src/clk_divider_core.vhd:33]
	Parameter MAX_DIV bound to: 256 - type: integer 
INFO: [Synth 8-256] done synthesizing module 'clk_divider_core' (0#1) [/workspace/7267d600-f6e9-44a8-8bc4-e204c074f568/src/clk_divider_core.vhd:33]
INFO: [Synth 8-638] synthesizing module 'debug_mux' [/workspace/7267d600-f6e9-44a8-8bc4-e204c074f568/src/debug_mux.vhd:73]
ERROR: [Synth 8-690] width mismatch in assignment; target has 16 bits, source has 18 bits [/workspace/7267d600-f6e9-44a8-8bc4-e204c074f568/src/debug_mux.vhd:94]
ERROR: [Synth 8-285] failed synthesizing module 'debug_mux' [/workspace/7267d600-f6e9-44a8-8bc4-e204c074f568/src/debug_mux.vhd:73]
ERROR: [Synth 8-285] failed synthesizing module 'inspectable_buffer_loader_core' [/workspace/7267d600-f6e9-44a8-8bc4-e204c074f568/src/inspectable_buffer_loader_core.vhd:67]
ERROR: [Synth 8-285] failed synthesizing module 'CustomWrapper' [/workspace/7267d600-f6e9-44a8-8bc4-e204c074f568/lib/CustomWrapper.vhd:7]
ERROR: [Synth 8-285] failed synthesizing module 'Instrument' [/workspace/7267d600-f6e9-44a8-8bc4-e204c074f568/lib/InstrumentCC.vhd:7]
---------------------------------------------------------------------------------
Finished RTL Elaboration : Time (s): cpu = 00:00:03 ; elapsed = 00:00:04 . Memory (MB): peak = 2527.578 ; gain = 437.656 ; free physical = 71767 ; free virtual = 168510
Synthesis current peak Physical Memory [PSS] (MB): peak = 2139.037; parent = 1878.818; children = 260.227
Synthesis current peak Virtual Memory [VSS] (MB): peak = 3497.688; parent = 2527.582; children = 970.105
---------------------------------------------------------------------------------
RTL Elaboration failed
INFO: [Common 17-83] Releasing license: Synthesis
19 Infos, 1 Warnings, 1 Critical Warnings and 6 Errors encountered.
synth_design failed
ERROR: [Common 17-69] Command failed: Synthesis failed - please see the console or run log file for details
INFO: [Common 17-206] Exiting Vivado at Fri Oct 24 16:35:00 2025...
