#-----------------------------------------------------------
# Vivado v2022.2_AR000035739_AR000034905 (64-bit)
# SW Build 3671981 on Fri Oct 14 04:59:54 MDT 2022
# IP Build 3669848 on Fri Oct 14 08:30:02 MDT 2022
# Start of session at: Fri Oct 24 15:12:02 2025
# Process ID: 670289
# Current directory: /workspace/4a8591ee-8359-4481-a294-dd7232d47494/output
# Command line: vivado -log synthesis.log -nojournal -mode batch -source /deps/compile/scripts/tcl/synth.tcl -tclargs /deps/compile 40 xc7z020clg400-1 mokugo /workspace/4a8591ee-8359-4481-a294-dd7232d47494/src /workspace/4a8591ee-8359-4481-a294-dd7232d47494/lib /workspace/4a8591ee-8359-4481-a294-dd7232d47494/ipcores 2 3 0 4 4 5 3 2 0
# Log file: /workspace/4a8591ee-8359-4481-a294-dd7232d47494/output/synthesis.log
# Journal file: 
# Running On: mcc-workers-7446cfdb8d-knzqr, OS: Linux, CPU Frequency: 3311.998 MHz, CPU Physical cores: 8, Host memory: 25189 MB
#-----------------------------------------------------------
source /deps/compile/scripts/tcl/synth.tcl
# set TOP_DIR [lindex $argv 0]
# set HW_VER [lindex $argv 1]
# set HG_PART [lindex $argv 2]
# set HG_BOARD [lindex $argv 3]
# set SRC_DIR [lindex $argv 4]
# set LIB_DIR [lindex $argv 5]
# set IP_DCP_DIR [lindex $argv 6]
# set NUM_INS [lindex $argv 7]
# set NUM_OUTS [lindex $argv 8]
# set NUM_MONS [lindex $argv 9]
# set IN_LANES [lindex $argv 10]
# set OUT_LANES [lindex $argv 11]
# set NUM_SLOT_INS [lindex $argv 12]
# set NUM_SLOT_OUTS [lindex $argv 13]
# set NUM_CBUFS [lindex $argv 14]
# set VARIANT [lindex $argv 15]
# set_part $HG_PART
INFO: [Coretcl 2-1500] The part has been set to 'xc7z020clg400-1' for the current project only. Run set_part -help for more details. To evaluate different speed grades in the current design, use the set_speed_grade command, or use the open_checkpoint -part command to change the part used by an existing checkpoint design.
# read_vhdl -vhdl2008 [glob $LIB_DIR/Instrument.vhd]
# read_vhdl -vhdl2008 [glob $LIB_DIR/AXITypes.vhd]
# read_vhdl -vhdl2008 [glob $LIB_DIR/InterlacingSupport.vhd]
# read_vhdl -vhdl2008 [glob $LIB_DIR/MemoryMapSPI.vhd]
# read_vhdl -vhdl2008 [glob $LIB_DIR/InstrumentCC.vhd]
# read_vhdl -vhdl2008 [glob $LIB_DIR/MercurySupport.vhd]
# read_vhdl -vhdl2008 [glob $LIB_DIR/MokuSupport.vhd]
# set INCLUDE_ENTITY_DEFN 1
# source $TOP_DIR/utilities/utilities.tcl
## proc findFiles { basedir pattern } {
## 
##     # Fix the directory name, this ensures the directory name is in the
##     # native format for the platform and contains a final directory seperator
##     set basedir [string trimright [file join [file normalize $basedir] { }]]
##     set fileList {}
## 
##     # Look in the current directory for matching files, -type {f r}
##     # means ony readable normal files are looked at, -nocomplain stops
##     # an error being thrown if the returned list is empty
##     foreach fileName [glob -nocomplain -type {f r} -path $basedir $pattern] {
##         lappend fileList $fileName
##     }
## 
##     # Now look for any sub direcories in the current directory
##     foreach dirName [glob -nocomplain -type {d  r} -path $basedir *] {
##         # Recusively call the routine on the sub directory and append any
##         # new files to the results
##         set subDirList [findFiles $dirName $pattern]
##         if { [llength $subDirList] > 0 } {
##             foreach subDirFile $subDirList {
##                 lappend fileList $subDirFile
##             }
##         }
##     }
##     return $fileList
##  }
# set VHDL_SRC [findFiles $SRC_DIR "*.vhd"]
# if {[llength $VHDL_SRC] > 0} {
#     # Prevent re-definition of CustomWrapper; 
#     # without this check, Vivado or this suite of 
#     # scripts will not report any errors and will 
#     # still generate the deployable bitstream.
#     # see https://liquidinstruments.atlassian.net/browse/SW-398
#     foreach VHDL_FILE $VHDL_SRC {
#         if {[catch {exec grep -qi "entity CustomWrapper is" $VHDL_FILE} result] == 0} {
#             puts "Error: The entity 'CustomWrapper' is already defined in the library."
#             exit 1
#         }
#     }
#     read_vhdl -vhdl2008 $VHDL_SRC
# }
# set VERILOG_SRC [findFiles $SRC_DIR "*.v"]
# if {[llength $VERILOG_SRC] > 0} {
#     read_verilog $VERILOG_SRC
#     set_property file_type {SystemVerilog} [get_files $VERILOG_SRC]
#     foreach V_FILE $VERILOG_SRC {
#         if {[catch {exec grep -qi "module CustomWrapper" $V_FILE} result] == 0} {
#             set INCLUDE_ENTITY_DEFN 0
#         }
#     }
# }
# if {$INCLUDE_ENTITY_DEFN == 1} {
#     read_vhdl -vhdl2008 [glob $LIB_DIR/CustomWrapper.vhd]
# }
# set ip_dcps [glob -nocomplain $IP_DCP_DIR/*.dcp *.dcp]
# puts $ip_dcps
/workspace/4a8591ee-8359-4481-a294-dd7232d47494/ipcores/AddSubtract_16.dcp /workspace/4a8591ee-8359-4481-a294-dd7232d47494/ipcores/CIC_Dec_3Ordx8.dcp /workspace/4a8591ee-8359-4481-a294-dd7232d47494/ipcores/Cordic_Translate_16.dcp /workspace/4a8591ee-8359-4481-a294-dd7232d47494/ipcores/Counter_32.dcp /workspace/4a8591ee-8359-4481-a294-dd7232d47494/ipcores/FFT_1024.dcp /workspace/4a8591ee-8359-4481-a294-dd7232d47494/ipcores/FFT_65536.dcp /workspace/4a8591ee-8359-4481-a294-dd7232d47494/ipcores/FIR_Filter_7coef.dcp /workspace/4a8591ee-8359-4481-a294-dd7232d47494/ipcores/SineGen_48.dcp
# foreach dcp $ip_dcps {
# 	read_checkpoint $dcp
# }
Command: read_checkpoint /workspace/4a8591ee-8359-4481-a294-dd7232d47494/ipcores/AddSubtract_16.dcp
Command: read_checkpoint /workspace/4a8591ee-8359-4481-a294-dd7232d47494/ipcores/CIC_Dec_3Ordx8.dcp
Command: read_checkpoint /workspace/4a8591ee-8359-4481-a294-dd7232d47494/ipcores/Cordic_Translate_16.dcp
Command: read_checkpoint /workspace/4a8591ee-8359-4481-a294-dd7232d47494/ipcores/Counter_32.dcp
Command: read_checkpoint /workspace/4a8591ee-8359-4481-a294-dd7232d47494/ipcores/FFT_1024.dcp
CRITICAL WARNING: [Vivado 12-5469] The design checkpoint file '/workspace/4a8591ee-8359-4481-a294-dd7232d47494/ipcores/FFT_1024.dcp' was generated for an IP by an out of context synthesis run and should not directly be used as a source in a Vivado flow. It is strongly recommended that that the original IP source file (.xci) be used.
Command: read_checkpoint /workspace/4a8591ee-8359-4481-a294-dd7232d47494/ipcores/FFT_65536.dcp
Command: read_checkpoint /workspace/4a8591ee-8359-4481-a294-dd7232d47494/ipcores/FIR_Filter_7coef.dcp
Command: read_checkpoint /workspace/4a8591ee-8359-4481-a294-dd7232d47494/ipcores/SineGen_48.dcp
CRITICAL WARNING: [Vivado 12-5469] The design checkpoint file '/workspace/4a8591ee-8359-4481-a294-dd7232d47494/ipcores/SineGen_48.dcp' was generated for an IP by an out of context synthesis run and should not directly be used as a source in a Vivado flow. It is strongly recommended that that the original IP source file (.xci) be used.
# set_property library Moku [get_files -all -of_objects [get_filesets sources_1]]
# set_property top Instrument [current_fileset]
# set_property top_lib xil_defaultlib [current_fileset]
# set_property top_arch Custom [current_fileset]
# set_property top_file Top [current_fileset]
# set_property generic "HW_VER=$HW_VER NUM_INS=$NUM_INS NUM_OUTS=$NUM_OUTS NUM_MONS=$NUM_MONS IN_LANES=$IN_LANES OUT_LANES=$OUT_LANES NUM_SLOT_INS=$NUM_SLOT_INS NUM_SLOT_OUTS=$NUM_SLOT_OUTS NUM_CBUFS=$NUM_CBUFS VARIANT=$VARIANT" [current_fileset]
# synth_design -mode out_of_context -flatten_hierarchy rebuilt
Command: synth_design -mode out_of_context -flatten_hierarchy rebuilt
Starting synth_design
Using part: xc7z020clg400-1
Top: Instrument
Attempting to get a license for feature 'Synthesis' and/or device 'xc7z020'
INFO: [Common 17-349] Got license for feature 'Synthesis' and/or device 'xc7z020'
INFO: [Device 21-403] Loading part xc7z020clg400-1
INFO: [Synth 8-7079] Multithreading enabled for synth_design using a maximum of 4 processes.
INFO: [Synth 8-7078] Launching helper process for spawning children vivado processes
INFO: [Synth 8-7075] Helper process launched with PID 670311
INFO: [Synth 8-11241] undeclared symbol 'REGCCE', assumed default net type 'wire' [/opt/Xilinx/Vivado/2022.2/data/verilog/src/unimacro/BRAM_SINGLE_MACRO.v:2170]
---------------------------------------------------------------------------------
Starting RTL Elaboration : Time (s): cpu = 00:00:03 ; elapsed = 00:00:04 . Memory (MB): peak = 2457.168 ; gain = 365.750 ; free physical = 10799 ; free virtual = 82088
Synthesis current peak Physical Memory [PSS] (MB): peak = 2038.549; parent = 1778.257; children = 260.292
Synthesis current peak Virtual Memory [VSS] (MB): peak = 3450.340; parent = 2457.172; children = 993.168
---------------------------------------------------------------------------------
CRITICAL WARNING: [Synth 8-9871] overwriting existing primary unit 'scaleoffset2' [/workspace/4a8591ee-8359-4481-a294-dd7232d47494/lib/MokuSupport.vhd:391]
WARNING: [Synth 8-9963] re-analyze unit 'behavioral' since unit 'scaleoffset2' is overwritten or removed [/workspace/4a8591ee-8359-4481-a294-dd7232d47494/lib/MercurySupport.vhd:932]
INFO: [Synth 8-638] synthesizing module 'Instrument' [/workspace/4a8591ee-8359-4481-a294-dd7232d47494/lib/InstrumentCC.vhd:7]
	Parameter HW_VER bound to: 40 - type: integer 
	Parameter NUM_INS bound to: 2 - type: integer 
	Parameter NUM_OUTS bound to: 3 - type: integer 
	Parameter NUM_MONS bound to: 0 - type: integer 
	Parameter IN_LANES bound to: 4 - type: integer 
	Parameter OUT_LANES bound to: 4 - type: integer 
	Parameter NUM_SLOT_INS bound to: 5 - type: integer 
	Parameter NUM_SLOT_OUTS bound to: 3 - type: integer 
	Parameter NUM_CBUFS bound to: 2 - type: integer 
	Parameter VARIANT bound to: 0 - type: integer 
INFO: [Synth 8-638] synthesizing module 'InstrumentPortAdapter' [/workspace/4a8591ee-8359-4481-a294-dd7232d47494/lib/Instrument.vhd:84]
	Parameter HW_VER bound to: 40 - type: integer 
	Parameter IN_LANES bound to: 4 - type: integer 
	Parameter OUT_LANES bound to: 4 - type: integer 
	Parameter NUM_SLOT_INS bound to: 5 - type: integer 
	Parameter NUM_SLOT_OUTS bound to: 3 - type: integer 
	Parameter NUM_CBUFS bound to: 2 - type: integer 
INFO: [Synth 8-256] done synthesizing module 'InstrumentPortAdapter' (0#1) [/workspace/4a8591ee-8359-4481-a294-dd7232d47494/lib/Instrument.vhd:84]
INFO: [Synth 8-638] synthesizing module 'MemoryMapSPI' [/workspace/4a8591ee-8359-4481-a294-dd7232d47494/lib/MemoryMapSPI.vhd:33]
	Parameter NUM_REGS bound to: 17 - type: integer 
	Parameter NUM_META_REGS bound to: 2 - type: integer 
INFO: [Synth 8-256] done synthesizing module 'MemoryMapSPI' (0#1) [/workspace/4a8591ee-8359-4481-a294-dd7232d47494/lib/MemoryMapSPI.vhd:33]
INFO: [Synth 8-638] synthesizing module 'CustomWrapper' [/workspace/4a8591ee-8359-4481-a294-dd7232d47494/lib/CustomWrapper.vhd:7]
INFO: [Synth 8-638] synthesizing module 'mcc_buffer_loader' [/workspace/4a8591ee-8359-4481-a294-dd7232d47494/src/mcc_buffer_loader.vhd:83]
	Parameter BUFFER_SIZE bound to: 1024 - type: integer 
INFO: [Synth 8-638] synthesizing module 'crc32_core' [/workspace/4a8591ee-8359-4481-a294-dd7232d47494/src/crc32_core.vhd:47]
INFO: [Synth 8-256] done synthesizing module 'crc32_core' (0#1) [/workspace/4a8591ee-8359-4481-a294-dd7232d47494/src/crc32_core.vhd:47]
INFO: [Synth 8-256] done synthesizing module 'mcc_buffer_loader' (0#1) [/workspace/4a8591ee-8359-4481-a294-dd7232d47494/src/mcc_buffer_loader.vhd:83]
INFO: [Synth 8-638] synthesizing module 'clk_divider_core' [/workspace/4a8591ee-8359-4481-a294-dd7232d47494/src/clk_divider_core.vhd:33]
	Parameter MAX_DIV bound to: 8192 - type: integer 
INFO: [Synth 8-256] done synthesizing module 'clk_divider_core' (0#1) [/workspace/4a8591ee-8359-4481-a294-dd7232d47494/src/clk_divider_core.vhd:33]
INFO: [Synth 8-638] synthesizing module 'buffer_waveform_gen_core' [/workspace/4a8591ee-8359-4481-a294-dd7232d47494/src/buffer_waveform_gen_core.vhd:49]
INFO: [Synth 8-256] done synthesizing module 'buffer_waveform_gen_core' (0#1) [/workspace/4a8591ee-8359-4481-a294-dd7232d47494/src/buffer_waveform_gen_core.vhd:49]
INFO: [Synth 8-256] done synthesizing module 'CustomWrapper' (0#1) [/workspace/4a8591ee-8359-4481-a294-dd7232d47494/lib/CustomWrapper.vhd:7]
INFO: [Synth 8-256] done synthesizing module 'Instrument' (0#1) [/workspace/4a8591ee-8359-4481-a294-dd7232d47494/lib/InstrumentCC.vhd:7]
WARNING: [Synth 8-6014] Unused sequential element StatusWriteStrobe_reg was removed.  [/workspace/4a8591ee-8359-4481-a294-dd7232d47494/lib/MemoryMapSPI.vhd:174]
WARNING: [Synth 8-6014] Unused sequential element StatusWriteStrobeDly_reg was removed.  [/workspace/4a8591ee-8359-4481-a294-dd7232d47494/lib/MemoryMapSPI.vhd:176]
WARNING: [Synth 8-6014] Unused sequential element StatusValue_reg[0] was removed.  [/workspace/4a8591ee-8359-4481-a294-dd7232d47494/lib/MemoryMapSPI.vhd:181]
WARNING: [Synth 8-3848] Net Control[0][ReadStrobe] in module/entity MemoryMapSPI does not have driver. [/workspace/4a8591ee-8359-4481-a294-dd7232d47494/lib/MemoryMapSPI.vhd:23]
WARNING: [Synth 8-3848] Net Control[1][ReadStrobe] in module/entity MemoryMapSPI does not have driver. [/workspace/4a8591ee-8359-4481-a294-dd7232d47494/lib/MemoryMapSPI.vhd:23]
WARNING: [Synth 8-3848] Net Control[2][ReadStrobe] in module/entity MemoryMapSPI does not have driver. [/workspace/4a8591ee-8359-4481-a294-dd7232d47494/lib/MemoryMapSPI.vhd:23]
WARNING: [Synth 8-3848] Net Control[3][ReadStrobe] in module/entity MemoryMapSPI does not have driver. [/workspace/4a8591ee-8359-4481-a294-dd7232d47494/lib/MemoryMapSPI.vhd:23]
WARNING: [Synth 8-3848] Net Control[4][ReadStrobe] in module/entity MemoryMapSPI does not have driver. [/workspace/4a8591ee-8359-4481-a294-dd7232d47494/lib/MemoryMapSPI.vhd:23]
WARNING: [Synth 8-3848] Net Control[5][ReadStrobe] in module/entity MemoryMapSPI does not have driver. [/workspace/4a8591ee-8359-4481-a294-dd7232d47494/lib/MemoryMapSPI.vhd:23]
WARNING: [Synth 8-3848] Net Control[6][ReadStrobe] in module/entity MemoryMapSPI does not have driver. [/workspace/4a8591ee-8359-4481-a294-dd7232d47494/lib/MemoryMapSPI.vhd:23]
WARNING: [Synth 8-3848] Net Control[7][ReadStrobe] in module/entity MemoryMapSPI does not have driver. [/workspace/4a8591ee-8359-4481-a294-dd7232d47494/lib/MemoryMapSPI.vhd:23]
WARNING: [Synth 8-3848] Net Control[8][ReadStrobe] in module/entity MemoryMapSPI does not have driver. [/workspace/4a8591ee-8359-4481-a294-dd7232d47494/lib/MemoryMapSPI.vhd:23]
WARNING: [Synth 8-3848] Net Control[9][ReadStrobe] in module/entity MemoryMapSPI does not have driver. [/workspace/4a8591ee-8359-4481-a294-dd7232d47494/lib/MemoryMapSPI.vhd:23]
WARNING: [Synth 8-3848] Net Control[10][ReadStrobe] in module/entity MemoryMapSPI does not have driver. [/workspace/4a8591ee-8359-4481-a294-dd7232d47494/lib/MemoryMapSPI.vhd:23]
WARNING: [Synth 8-3848] Net Control[11][ReadStrobe] in module/entity MemoryMapSPI does not have driver. [/workspace/4a8591ee-8359-4481-a294-dd7232d47494/lib/MemoryMapSPI.vhd:23]
WARNING: [Synth 8-3848] Net Control[12][ReadStrobe] in module/entity MemoryMapSPI does not have driver. [/workspace/4a8591ee-8359-4481-a294-dd7232d47494/lib/MemoryMapSPI.vhd:23]
WARNING: [Synth 8-3848] Net Control[13][ReadStrobe] in module/entity MemoryMapSPI does not have driver. [/workspace/4a8591ee-8359-4481-a294-dd7232d47494/lib/MemoryMapSPI.vhd:23]
WARNING: [Synth 8-3848] Net Control[14][ReadStrobe] in module/entity MemoryMapSPI does not have driver. [/workspace/4a8591ee-8359-4481-a294-dd7232d47494/lib/MemoryMapSPI.vhd:23]
WARNING: [Synth 8-3848] Net Control[15][ReadStrobe] in module/entity MemoryMapSPI does not have driver. [/workspace/4a8591ee-8359-4481-a294-dd7232d47494/lib/MemoryMapSPI.vhd:23]
WARNING: [Synth 8-3848] Net Control[16][ReadStrobe] in module/entity MemoryMapSPI does not have driver. [/workspace/4a8591ee-8359-4481-a294-dd7232d47494/lib/MemoryMapSPI.vhd:23]
WARNING: [Synth 8-3848] Net MetaControl[0][ReadStrobe] in module/entity MemoryMapSPI does not have driver. [/workspace/4a8591ee-8359-4481-a294-dd7232d47494/lib/MemoryMapSPI.vhd:24]
WARNING: [Synth 8-3848] Net MetaControl[1][ReadStrobe] in module/entity MemoryMapSPI does not have driver. [/workspace/4a8591ee-8359-4481-a294-dd7232d47494/lib/MemoryMapSPI.vhd:24]
WARNING: [Synth 8-6014] Unused sequential element bram_we_reg was removed.  [/workspace/4a8591ee-8359-4481-a294-dd7232d47494/src/mcc_buffer_loader.vhd:201]
WARNING: [Synth 8-6014] Unused sequential element expected_crc_reg_reg was removed.  [/workspace/4a8591ee-8359-4481-a294-dd7232d47494/src/mcc_buffer_loader.vhd:197]
WARNING: [Synth 8-6014] Unused sequential element words_written_reg was removed.  [/workspace/4a8591ee-8359-4481-a294-dd7232d47494/src/mcc_buffer_loader.vhd:195]
WARNING: [Synth 8-3848] Net OutputInterpA in module/entity CustomWrapper does not have driver. [/workspace/4a8591ee-8359-4481-a294-dd7232d47494/lib/CustomWrapper.vhd:25]
WARNING: [Synth 8-3848] Net OutputInterpB in module/entity CustomWrapper does not have driver. [/workspace/4a8591ee-8359-4481-a294-dd7232d47494/lib/CustomWrapper.vhd:26]
WARNING: [Synth 8-3848] Net OutputInterpC in module/entity CustomWrapper does not have driver. [/workspace/4a8591ee-8359-4481-a294-dd7232d47494/lib/CustomWrapper.vhd:27]
WARNING: [Synth 8-3848] Net OutputInterpD in module/entity CustomWrapper does not have driver. [/workspace/4a8591ee-8359-4481-a294-dd7232d47494/lib/CustomWrapper.vhd:28]
WARNING: [Synth 8-6014] Unused sequential element AInSelect_reg[0][Data][1] was removed.  [/workspace/4a8591ee-8359-4481-a294-dd7232d47494/lib/InstrumentCC.vhd:82]
WARNING: [Synth 8-6014] Unused sequential element AInSelect_reg[0][Data][2] was removed.  [/workspace/4a8591ee-8359-4481-a294-dd7232d47494/lib/InstrumentCC.vhd:82]
WARNING: [Synth 8-6014] Unused sequential element AInSelect_reg[0][Data][3] was removed.  [/workspace/4a8591ee-8359-4481-a294-dd7232d47494/lib/InstrumentCC.vhd:82]
WARNING: [Synth 8-6014] Unused sequential element AInSelect_reg[0][Valid] was removed.  [/workspace/4a8591ee-8359-4481-a294-dd7232d47494/lib/InstrumentCC.vhd:82]
WARNING: [Synth 8-6014] Unused sequential element AInSelect_reg[1][Data][1] was removed.  [/workspace/4a8591ee-8359-4481-a294-dd7232d47494/lib/InstrumentCC.vhd:82]
WARNING: [Synth 8-6014] Unused sequential element AInSelect_reg[1][Data][2] was removed.  [/workspace/4a8591ee-8359-4481-a294-dd7232d47494/lib/InstrumentCC.vhd:82]
WARNING: [Synth 8-6014] Unused sequential element AInSelect_reg[1][Data][3] was removed.  [/workspace/4a8591ee-8359-4481-a294-dd7232d47494/lib/InstrumentCC.vhd:82]
WARNING: [Synth 8-6014] Unused sequential element AInSelect_reg[1][Valid] was removed.  [/workspace/4a8591ee-8359-4481-a294-dd7232d47494/lib/InstrumentCC.vhd:82]
WARNING: [Synth 8-6014] Unused sequential element AInSelect_reg[2][Data][1] was removed.  [/workspace/4a8591ee-8359-4481-a294-dd7232d47494/lib/InstrumentCC.vhd:82]
WARNING: [Synth 8-6014] Unused sequential element AInSelect_reg[2][Data][2] was removed.  [/workspace/4a8591ee-8359-4481-a294-dd7232d47494/lib/InstrumentCC.vhd:82]
WARNING: [Synth 8-6014] Unused sequential element AInSelect_reg[2][Data][3] was removed.  [/workspace/4a8591ee-8359-4481-a294-dd7232d47494/lib/InstrumentCC.vhd:82]
WARNING: [Synth 8-6014] Unused sequential element AInSelect_reg[2][Valid] was removed.  [/workspace/4a8591ee-8359-4481-a294-dd7232d47494/lib/InstrumentCC.vhd:82]
WARNING: [Synth 8-6014] Unused sequential element AInSelect_reg[3][Data][1] was removed.  [/workspace/4a8591ee-8359-4481-a294-dd7232d47494/lib/InstrumentCC.vhd:82]
WARNING: [Synth 8-6014] Unused sequential element AInSelect_reg[3][Data][2] was removed.  [/workspace/4a8591ee-8359-4481-a294-dd7232d47494/lib/InstrumentCC.vhd:82]
WARNING: [Synth 8-6014] Unused sequential element AInSelect_reg[3][Data][3] was removed.  [/workspace/4a8591ee-8359-4481-a294-dd7232d47494/lib/InstrumentCC.vhd:82]
WARNING: [Synth 8-6014] Unused sequential element AInSelect_reg[3][Valid] was removed.  [/workspace/4a8591ee-8359-4481-a294-dd7232d47494/lib/InstrumentCC.vhd:82]
WARNING: [Synth 8-6014] Unused sequential element WrapperOutDly_reg[3][Data] was removed.  [/workspace/4a8591ee-8359-4481-a294-dd7232d47494/lib/InstrumentCC.vhd:136]
WARNING: [Synth 8-6014] Unused sequential element WrapperOutDly_reg[3][Valid] was removed.  [/workspace/4a8591ee-8359-4481-a294-dd7232d47494/lib/InstrumentCC.vhd:136]
WARNING: [Synth 8-6014] Unused sequential element WrapperOut_reg[1][Valid] was removed.  [/workspace/4a8591ee-8359-4481-a294-dd7232d47494/lib/InstrumentCC.vhd:102]
WARNING: [Synth 8-6014] Unused sequential element WrapperOut_reg[2][Valid] was removed.  [/workspace/4a8591ee-8359-4481-a294-dd7232d47494/lib/InstrumentCC.vhd:102]
WARNING: [Synth 8-6014] Unused sequential element WrapperOutDly_reg[1][Valid] was removed.  [/workspace/4a8591ee-8359-4481-a294-dd7232d47494/lib/InstrumentCC.vhd:136]
WARNING: [Synth 8-6014] Unused sequential element WrapperOutDly_reg[2][Valid] was removed.  [/workspace/4a8591ee-8359-4481-a294-dd7232d47494/lib/InstrumentCC.vhd:136]
WARNING: [Synth 8-7129] Port buffer_data[31] in module buffer_waveform_gen_core is either unconnected or has no load
WARNING: [Synth 8-7129] Port buffer_data[30] in module buffer_waveform_gen_core is either unconnected or has no load
WARNING: [Synth 8-7129] Port buffer_data[29] in module buffer_waveform_gen_core is either unconnected or has no load
WARNING: [Synth 8-7129] Port buffer_data[28] in module buffer_waveform_gen_core is either unconnected or has no load
WARNING: [Synth 8-7129] Port buffer_data[27] in module buffer_waveform_gen_core is either unconnected or has no load
WARNING: [Synth 8-7129] Port buffer_data[26] in module buffer_waveform_gen_core is either unconnected or has no load
WARNING: [Synth 8-7129] Port buffer_data[25] in module buffer_waveform_gen_core is either unconnected or has no load
WARNING: [Synth 8-7129] Port buffer_data[24] in module buffer_waveform_gen_core is either unconnected or has no load
WARNING: [Synth 8-7129] Port buffer_data[23] in module buffer_waveform_gen_core is either unconnected or has no load
WARNING: [Synth 8-7129] Port buffer_data[22] in module buffer_waveform_gen_core is either unconnected or has no load
WARNING: [Synth 8-7129] Port buffer_data[21] in module buffer_waveform_gen_core is either unconnected or has no load
WARNING: [Synth 8-7129] Port buffer_data[20] in module buffer_waveform_gen_core is either unconnected or has no load
WARNING: [Synth 8-7129] Port buffer_data[19] in module buffer_waveform_gen_core is either unconnected or has no load
WARNING: [Synth 8-7129] Port buffer_data[18] in module buffer_waveform_gen_core is either unconnected or has no load
WARNING: [Synth 8-7129] Port buffer_data[17] in module buffer_waveform_gen_core is either unconnected or has no load
WARNING: [Synth 8-7129] Port buffer_data[16] in module buffer_waveform_gen_core is either unconnected or has no load
WARNING: [Synth 8-7129] Port expected_crc[31] in module mcc_buffer_loader is either unconnected or has no load
WARNING: [Synth 8-7129] Port expected_crc[30] in module mcc_buffer_loader is either unconnected or has no load
WARNING: [Synth 8-7129] Port expected_crc[29] in module mcc_buffer_loader is either unconnected or has no load
WARNING: [Synth 8-7129] Port expected_crc[28] in module mcc_buffer_loader is either unconnected or has no load
WARNING: [Synth 8-7129] Port expected_crc[27] in module mcc_buffer_loader is either unconnected or has no load
WARNING: [Synth 8-7129] Port expected_crc[26] in module mcc_buffer_loader is either unconnected or has no load
WARNING: [Synth 8-7129] Port expected_crc[25] in module mcc_buffer_loader is either unconnected or has no load
WARNING: [Synth 8-7129] Port expected_crc[24] in module mcc_buffer_loader is either unconnected or has no load
WARNING: [Synth 8-7129] Port expected_crc[23] in module mcc_buffer_loader is either unconnected or has no load
WARNING: [Synth 8-7129] Port expected_crc[22] in module mcc_buffer_loader is either unconnected or has no load
WARNING: [Synth 8-7129] Port expected_crc[21] in module mcc_buffer_loader is either unconnected or has no load
WARNING: [Synth 8-7129] Port expected_crc[20] in module mcc_buffer_loader is either unconnected or has no load
WARNING: [Synth 8-7129] Port expected_crc[19] in module mcc_buffer_loader is either unconnected or has no load
WARNING: [Synth 8-7129] Port expected_crc[18] in module mcc_buffer_loader is either unconnected or has no load
WARNING: [Synth 8-7129] Port expected_crc[17] in module mcc_buffer_loader is either unconnected or has no load
WARNING: [Synth 8-7129] Port expected_crc[16] in module mcc_buffer_loader is either unconnected or has no load
WARNING: [Synth 8-7129] Port expected_crc[15] in module mcc_buffer_loader is either unconnected or has no load
WARNING: [Synth 8-7129] Port expected_crc[14] in module mcc_buffer_loader is either unconnected or has no load
WARNING: [Synth 8-7129] Port expected_crc[13] in module mcc_buffer_loader is either unconnected or has no load
WARNING: [Synth 8-7129] Port expected_crc[12] in module mcc_buffer_loader is either unconnected or has no load
WARNING: [Synth 8-7129] Port expected_crc[11] in module mcc_buffer_loader is either unconnected or has no load
WARNING: [Synth 8-7129] Port expected_crc[10] in module mcc_buffer_loader is either unconnected or has no load
WARNING: [Synth 8-7129] Port expected_crc[9] in module mcc_buffer_loader is either unconnected or has no load
WARNING: [Synth 8-7129] Port expected_crc[8] in module mcc_buffer_loader is either unconnected or has no load
WARNING: [Synth 8-7129] Port expected_crc[7] in module mcc_buffer_loader is either unconnected or has no load
WARNING: [Synth 8-7129] Port expected_crc[6] in module mcc_buffer_loader is either unconnected or has no load
WARNING: [Synth 8-7129] Port expected_crc[5] in module mcc_buffer_loader is either unconnected or has no load
WARNING: [Synth 8-7129] Port expected_crc[4] in module mcc_buffer_loader is either unconnected or has no load
WARNING: [Synth 8-7129] Port expected_crc[3] in module mcc_buffer_loader is either unconnected or has no load
WARNING: [Synth 8-7129] Port expected_crc[2] in module mcc_buffer_loader is either unconnected or has no load
WARNING: [Synth 8-7129] Port expected_crc[1] in module mcc_buffer_loader is either unconnected or has no load
WARNING: [Synth 8-7129] Port expected_crc[0] in module mcc_buffer_loader is either unconnected or has no load
WARNING: [Synth 8-7129] Port buffer_addr[11] in module mcc_buffer_loader is either unconnected or has no load
WARNING: [Synth 8-7129] Port buffer_addr[10] in module mcc_buffer_loader is either unconnected or has no load
WARNING: [Synth 8-7129] Port OutputInterpA in module CustomWrapper is either unconnected or has no load
WARNING: [Synth 8-7129] Port OutputInterpB in module CustomWrapper is either unconnected or has no load
WARNING: [Synth 8-7129] Port OutputInterpC in module CustomWrapper is either unconnected or has no load
WARNING: [Synth 8-7129] Port OutputInterpD in module CustomWrapper is either unconnected or has no load
WARNING: [Synth 8-7129] Port Sync[31] in module CustomWrapper is either unconnected or has no load
WARNING: [Synth 8-7129] Port Sync[30] in module CustomWrapper is either unconnected or has no load
WARNING: [Synth 8-7129] Port Sync[29] in module CustomWrapper is either unconnected or has no load
WARNING: [Synth 8-7129] Port Sync[28] in module CustomWrapper is either unconnected or has no load
WARNING: [Synth 8-7129] Port Sync[27] in module CustomWrapper is either unconnected or has no load
WARNING: [Synth 8-7129] Port Sync[26] in module CustomWrapper is either unconnected or has no load
WARNING: [Synth 8-7129] Port Sync[25] in module CustomWrapper is either unconnected or has no load
WARNING: [Synth 8-7129] Port Sync[24] in module CustomWrapper is either unconnected or has no load
WARNING: [Synth 8-7129] Port Sync[23] in module CustomWrapper is either unconnected or has no load
WARNING: [Synth 8-7129] Port Sync[22] in module CustomWrapper is either unconnected or has no load
WARNING: [Synth 8-7129] Port Sync[21] in module CustomWrapper is either unconnected or has no load
WARNING: [Synth 8-7129] Port Sync[20] in module CustomWrapper is either unconnected or has no load
WARNING: [Synth 8-7129] Port Sync[19] in module CustomWrapper is either unconnected or has no load
WARNING: [Synth 8-7129] Port Sync[18] in module CustomWrapper is either unconnected or has no load
WARNING: [Synth 8-7129] Port Sync[17] in module CustomWrapper is either unconnected or has no load
WARNING: [Synth 8-7129] Port Sync[16] in module CustomWrapper is either unconnected or has no load
WARNING: [Synth 8-7129] Port Sync[15] in module CustomWrapper is either unconnected or has no load
WARNING: [Synth 8-7129] Port Sync[14] in module CustomWrapper is either unconnected or has no load
WARNING: [Synth 8-7129] Port Sync[13] in module CustomWrapper is either unconnected or has no load
WARNING: [Synth 8-7129] Port Sync[12] in module CustomWrapper is either unconnected or has no load
WARNING: [Synth 8-7129] Port Sync[11] in module CustomWrapper is either unconnected or has no load
WARNING: [Synth 8-7129] Port Sync[10] in module CustomWrapper is either unconnected or has no load
WARNING: [Synth 8-7129] Port Sync[9] in module CustomWrapper is either unconnected or has no load
WARNING: [Synth 8-7129] Port Sync[8] in module CustomWrapper is either unconnected or has no load
WARNING: [Synth 8-7129] Port Sync[7] in module CustomWrapper is either unconnected or has no load
WARNING: [Synth 8-7129] Port Sync[6] in module CustomWrapper is either unconnected or has no load
WARNING: [Synth 8-7129] Port Sync[5] in module CustomWrapper is either unconnected or has no load
WARNING: [Synth 8-7129] Port Sync[4] in module CustomWrapper is either unconnected or has no load
WARNING: [Synth 8-7129] Port Sync[3] in module CustomWrapper is either unconnected or has no load
WARNING: [Synth 8-7129] Port Sync[2] in module CustomWrapper is either unconnected or has no load
WARNING: [Synth 8-7129] Port Sync[1] in module CustomWrapper is either unconnected or has no load
WARNING: [Synth 8-7129] Port Sync[0] in module CustomWrapper is either unconnected or has no load
WARNING: [Synth 8-7129] Port InputA[15] in module CustomWrapper is either unconnected or has no load
WARNING: [Synth 8-7129] Port InputA[14] in module CustomWrapper is either unconnected or has no load
WARNING: [Synth 8-7129] Port InputA[13] in module CustomWrapper is either unconnected or has no load
WARNING: [Synth 8-7129] Port InputA[12] in module CustomWrapper is either unconnected or has no load
WARNING: [Synth 8-7129] Port InputA[11] in module CustomWrapper is either unconnected or has no load
WARNING: [Synth 8-7129] Port InputA[10] in module CustomWrapper is either unconnected or has no load
WARNING: [Synth 8-7129] Port InputA[9] in module CustomWrapper is either unconnected or has no load
WARNING: [Synth 8-7129] Port InputA[8] in module CustomWrapper is either unconnected or has no load
WARNING: [Synth 8-7129] Port InputA[7] in module CustomWrapper is either unconnected or has no load
WARNING: [Synth 8-7129] Port InputA[6] in module CustomWrapper is either unconnected or has no load
WARNING: [Synth 8-7129] Port InputA[5] in module CustomWrapper is either unconnected or has no load
WARNING: [Synth 8-7129] Port InputA[4] in module CustomWrapper is either unconnected or has no load
WARNING: [Synth 8-7129] Port InputA[3] in module CustomWrapper is either unconnected or has no load
WARNING: [Synth 8-7129] Port InputA[2] in module CustomWrapper is either unconnected or has no load
INFO: [Common 17-14] Message 'Synth 8-7129' appears 100 times and further instances of the messages will be disabled. Use the Tcl command set_msg_config to change the current settings.
---------------------------------------------------------------------------------
Finished RTL Elaboration : Time (s): cpu = 00:00:05 ; elapsed = 00:00:06 . Memory (MB): peak = 2544.137 ; gain = 452.719 ; free physical = 10886 ; free virtual = 82176
Synthesis current peak Physical Memory [PSS] (MB): peak = 2038.549; parent = 1778.257; children = 260.292
Synthesis current peak Virtual Memory [VSS] (MB): peak = 3537.309; parent = 2544.141; children = 993.168
---------------------------------------------------------------------------------
---------------------------------------------------------------------------------
Start Handling Custom Attributes
---------------------------------------------------------------------------------
---------------------------------------------------------------------------------
Finished Handling Custom Attributes : Time (s): cpu = 00:00:05 ; elapsed = 00:00:06 . Memory (MB): peak = 2561.949 ; gain = 470.531 ; free physical = 10886 ; free virtual = 82176
Synthesis current peak Physical Memory [PSS] (MB): peak = 2038.549; parent = 1778.257; children = 260.292
Synthesis current peak Virtual Memory [VSS] (MB): peak = 3555.121; parent = 2561.953; children = 993.168
---------------------------------------------------------------------------------
---------------------------------------------------------------------------------
Finished RTL Optimization Phase 1 : Time (s): cpu = 00:00:05 ; elapsed = 00:00:06 . Memory (MB): peak = 2561.949 ; gain = 470.531 ; free physical = 10885 ; free virtual = 82175
Synthesis current peak Physical Memory [PSS] (MB): peak = 2038.549; parent = 1778.257; children = 260.292
Synthesis current peak Virtual Memory [VSS] (MB): peak = 3555.121; parent = 2561.953; children = 993.168
---------------------------------------------------------------------------------
CRITICAL WARNING: [Project 1-840] The design checkpoint file '/workspace/4a8591ee-8359-4481-a294-dd7232d47494/ipcores/FFT_1024.dcp' was generated for an IP by an out of context synthesis run and should not be used directly as a source in a Vivado flow. Constraints and other files related to the IP are only stored in the xci/xcix, not the checkpoint. It is strongly recommended that the original IP source file (.xci/.xcix) be used.
CRITICAL WARNING: [Project 1-840] The design checkpoint file '/workspace/4a8591ee-8359-4481-a294-dd7232d47494/ipcores/SineGen_48.dcp' was generated for an IP by an out of context synthesis run and should not be used directly as a source in a Vivado flow. Constraints and other files related to the IP are only stored in the xci/xcix, not the checkpoint. It is strongly recommended that the original IP source file (.xci/.xcix) be used.
Netlist sorting complete. Time (s): cpu = 00:00:00.02 ; elapsed = 00:00:00.03 . Memory (MB): peak = 2561.949 ; gain = 0.000 ; free physical = 10881 ; free virtual = 82171
INFO: [Project 1-570] Preparing netlist for logic optimization

Processing XDC Constraints
Initializing timing engine
Completed Processing XDC Constraints

Netlist sorting complete. Time (s): cpu = 00:00:00 ; elapsed = 00:00:00 . Memory (MB): peak = 2697.688 ; gain = 0.000 ; free physical = 10800 ; free virtual = 82089
INFO: [Project 1-111] Unisim Transformation Summary:
No Unisim elements were transformed.

Constraint Validation Runtime : Time (s): cpu = 00:00:00.01 ; elapsed = 00:00:00.02 . Memory (MB): peak = 2697.688 ; gain = 0.000 ; free physical = 10798 ; free virtual = 82088
INFO: [Synth 8-11241] undeclared symbol 'REGCCE', assumed default net type 'wire' [/opt/Xilinx/Vivado/2022.2/data/verilog/src/unimacro/BRAM_SINGLE_MACRO.v:2170]
---------------------------------------------------------------------------------
Finished Constraint Validation : Time (s): cpu = 00:00:11 ; elapsed = 00:00:14 . Memory (MB): peak = 2697.688 ; gain = 606.270 ; free physical = 10866 ; free virtual = 82156
Synthesis current peak Physical Memory [PSS] (MB): peak = 2047.146; parent = 1787.749; children = 260.292
Synthesis current peak Virtual Memory [VSS] (MB): peak = 3658.844; parent = 2665.676; children = 993.168
---------------------------------------------------------------------------------
---------------------------------------------------------------------------------
Start Loading Part and Timing Information
---------------------------------------------------------------------------------
Loading part: xc7z020clg400-1
---------------------------------------------------------------------------------
Finished Loading Part and Timing Information : Time (s): cpu = 00:00:11 ; elapsed = 00:00:14 . Memory (MB): peak = 2697.688 ; gain = 606.270 ; free physical = 10866 ; free virtual = 82156
Synthesis current peak Physical Memory [PSS] (MB): peak = 2047.146; parent = 1787.749; children = 260.292
Synthesis current peak Virtual Memory [VSS] (MB): peak = 3658.844; parent = 2665.676; children = 993.168
---------------------------------------------------------------------------------
---------------------------------------------------------------------------------
Start Applying 'set_property' XDC Constraints
---------------------------------------------------------------------------------
---------------------------------------------------------------------------------
Finished applying 'set_property' XDC Constraints : Time (s): cpu = 00:00:11 ; elapsed = 00:00:14 . Memory (MB): peak = 2697.688 ; gain = 606.270 ; free physical = 10866 ; free virtual = 82156
Synthesis current peak Physical Memory [PSS] (MB): peak = 2047.146; parent = 1787.749; children = 260.292
Synthesis current peak Virtual Memory [VSS] (MB): peak = 3658.844; parent = 2665.676; children = 993.168
---------------------------------------------------------------------------------
INFO: [Synth 8-802] inferred FSM for state register 'state_reg_reg' in module 'mcc_buffer_loader'
---------------------------------------------------------------------------------------------------
                   State |                     New Encoding |                Previous Encoding 
---------------------------------------------------------------------------------------------------
         load_state_idle |                           000001 |                              000
      load_state_loading |                           000010 |                              001
load_state_writing_chunk |                           000100 |                              101
   load_state_validating |                           001000 |                              010
        load_state_ready |                           010000 |                              011
      load_state_running |                           100000 |                              100
---------------------------------------------------------------------------------------------------
INFO: [Synth 8-3354] encoded FSM with state register 'state_reg_reg' using encoding 'one-hot' in module 'mcc_buffer_loader'
---------------------------------------------------------------------------------
Finished RTL Optimization Phase 2 : Time (s): cpu = 00:00:11 ; elapsed = 00:00:15 . Memory (MB): peak = 2697.688 ; gain = 606.270 ; free physical = 10846 ; free virtual = 82137
Synthesis current peak Physical Memory [PSS] (MB): peak = 2047.146; parent = 1787.749; children = 260.292
Synthesis current peak Virtual Memory [VSS] (MB): peak = 3658.844; parent = 2665.676; children = 993.168
---------------------------------------------------------------------------------
---------------------------------------------------------------------------------
Start RTL Component Statistics 
---------------------------------------------------------------------------------
Detailed RTL Component Info : 
+---Adders : 
	   3 Input   18 Bit       Adders := 9     
	   2 Input   18 Bit       Adders := 3     
	   2 Input   16 Bit       Adders := 2     
	   2 Input   12 Bit       Adders := 2     
	   2 Input    8 Bit       Adders := 2     
	   2 Input    5 Bit       Adders := 1     
	   2 Input    3 Bit       Adders := 1     
+---XORs : 
	   2 Input     32 Bit         XORs := 32    
	   2 Input      1 Bit         XORs := 32    
+---Registers : 
	               32 Bit    Registers := 35    
	               24 Bit    Registers := 1     
	               17 Bit    Registers := 2     
	               16 Bit    Registers := 20    
	               12 Bit    Registers := 1     
	                8 Bit    Registers := 1     
	                5 Bit    Registers := 1     
	                3 Bit    Registers := 1     
	                2 Bit    Registers := 5     
	                1 Bit    Registers := 23    
+---RAMs : 
	              32K Bit	(1024 X 32 bit)          RAMs := 1     
+---Muxes : 
	   2 Input   32 Bit        Muxes := 39    
	   3 Input   32 Bit        Muxes := 1     
	   8 Input   32 Bit        Muxes := 1     
	   2 Input   17 Bit        Muxes := 1     
	   2 Input   16 Bit        Muxes := 12    
	   6 Input   12 Bit        Muxes := 1     
	   2 Input   12 Bit        Muxes := 2     
	   2 Input    8 Bit        Muxes := 3     
	   6 Input    6 Bit        Muxes := 1     
	   2 Input    6 Bit        Muxes := 1     
	   2 Input    3 Bit        Muxes := 2     
	   6 Input    3 Bit        Muxes := 2     
	   2 Input    2 Bit        Muxes := 1     
	   3 Input    1 Bit        Muxes := 2     
	   2 Input    1 Bit        Muxes := 13    
	   5 Input    1 Bit        Muxes := 19    
	   6 Input    1 Bit        Muxes := 9     
---------------------------------------------------------------------------------
Finished RTL Component Statistics 
---------------------------------------------------------------------------------
---------------------------------------------------------------------------------
Start Part Resource Summary
---------------------------------------------------------------------------------
Part Resources:
DSPs: 220 (col length:60)
BRAMs: 280 (col length: RAMB18 60 RAMB36 30)
---------------------------------------------------------------------------------
Finished Part Resource Summary
---------------------------------------------------------------------------------
---------------------------------------------------------------------------------
Start Cross Boundary and Area Optimization
---------------------------------------------------------------------------------
WARNING: [Synth 8-7080] Parallel synthesis criteria is not met
WARNING: [Synth 8-3936] Found unconnected internal register 'MMAP/CtrlWriteStrobeDly_reg' and it is trimmed from '17' to '1' bits. [/workspace/4a8591ee-8359-4481-a294-dd7232d47494/lib/MemoryMapSPI.vhd:168]
---------------------------------------------------------------------------------
Finished Cross Boundary and Area Optimization : Time (s): cpu = 00:00:15 ; elapsed = 00:00:18 . Memory (MB): peak = 2697.688 ; gain = 606.270 ; free physical = 10824 ; free virtual = 82120
Synthesis current peak Physical Memory [PSS] (MB): peak = 2047.146; parent = 1787.749; children = 260.292
Synthesis current peak Virtual Memory [VSS] (MB): peak = 3658.844; parent = 2665.676; children = 993.168
---------------------------------------------------------------------------------
---------------------------------------------------------------------------------
Start ROM, RAM, DSP, Shift Register and Retiming Reporting
---------------------------------------------------------------------------------

Block RAM: Preliminary Mapping Report (see note below)
+------------+--------------------------+------------------------+---+---+------------------------+---+---+------------------+--------+--------+
|Module Name | RTL Object               | PORT A (Depth x Width) | W | R | PORT B (Depth x Width) | W | R | Ports driving FF | RAMB18 | RAMB36 | 
+------------+--------------------------+------------------------+---+---+------------------------+---+---+------------------+--------+--------+
|DUT         | U_BUFFER_LOADER/bram_reg | 1 K x 32(READ_FIRST)   | W |   | 1 K x 32(WRITE_FIRST)  |   | R | Port A and B     | 0      | 1      | 
+------------+--------------------------+------------------------+---+---+------------------------+---+---+------------------+--------+--------+

Note: The table above is a preliminary report that shows the Block RAMs at the current stage of the synthesis flow. Some Block RAMs may be reimplemented as non Block RAM primitives later in the synthesis flow. Multiple instantiated Block RAMs are reported only once. 
---------------------------------------------------------------------------------
Finished ROM, RAM, DSP, Shift Register and Retiming Reporting
---------------------------------------------------------------------------------
---------------------------------------------------------------------------------
Start Applying XDC Timing Constraints
---------------------------------------------------------------------------------
---------------------------------------------------------------------------------
Finished Applying XDC Timing Constraints : Time (s): cpu = 00:00:19 ; elapsed = 00:00:23 . Memory (MB): peak = 2697.688 ; gain = 606.270 ; free physical = 10710 ; free virtual = 82007
Synthesis current peak Physical Memory [PSS] (MB): peak = 2148.592; parent = 1889.448; children = 260.292
Synthesis current peak Virtual Memory [VSS] (MB): peak = 3658.844; parent = 2665.676; children = 993.168
---------------------------------------------------------------------------------
---------------------------------------------------------------------------------
Start Timing Optimization
---------------------------------------------------------------------------------
---------------------------------------------------------------------------------
Finished Timing Optimization : Time (s): cpu = 00:00:19 ; elapsed = 00:00:23 . Memory (MB): peak = 2697.688 ; gain = 606.270 ; free physical = 10710 ; free virtual = 82007
Synthesis current peak Physical Memory [PSS] (MB): peak = 2149.041; parent = 1889.897; children = 260.292
Synthesis current peak Virtual Memory [VSS] (MB): peak = 3658.844; parent = 2665.676; children = 993.168
---------------------------------------------------------------------------------
---------------------------------------------------------------------------------
Start ROM, RAM, DSP, Shift Register and Retiming Reporting
---------------------------------------------------------------------------------

Block RAM: Final Mapping Report
+------------+--------------------------+------------------------+---+---+------------------------+---+---+------------------+--------+--------+
|Module Name | RTL Object               | PORT A (Depth x Width) | W | R | PORT B (Depth x Width) | W | R | Ports driving FF | RAMB18 | RAMB36 | 
+------------+--------------------------+------------------------+---+---+------------------------+---+---+------------------+--------+--------+
|DUT         | U_BUFFER_LOADER/bram_reg | 1 K x 32(READ_FIRST)   | W |   | 1 K x 32(WRITE_FIRST)  |   | R | Port A and B     | 0      | 1      | 
+------------+--------------------------+------------------------+---+---+------------------------+---+---+------------------+--------+--------+

---------------------------------------------------------------------------------
Finished ROM, RAM, DSP, Shift Register and Retiming Reporting
---------------------------------------------------------------------------------
---------------------------------------------------------------------------------
Start Technology Mapping
---------------------------------------------------------------------------------
---------------------------------------------------------------------------------
Finished Technology Mapping : Time (s): cpu = 00:00:19 ; elapsed = 00:00:23 . Memory (MB): peak = 2697.688 ; gain = 606.270 ; free physical = 10701 ; free virtual = 81997
Synthesis current peak Physical Memory [PSS] (MB): peak = 2149.787; parent = 1890.644; children = 260.292
Synthesis current peak Virtual Memory [VSS] (MB): peak = 3658.844; parent = 2665.676; children = 993.168
---------------------------------------------------------------------------------
---------------------------------------------------------------------------------
Start IO Insertion
---------------------------------------------------------------------------------
---------------------------------------------------------------------------------
Start Flattening Before IO Insertion
---------------------------------------------------------------------------------
---------------------------------------------------------------------------------
Finished Flattening Before IO Insertion
---------------------------------------------------------------------------------
---------------------------------------------------------------------------------
Start Final Netlist Cleanup
---------------------------------------------------------------------------------
---------------------------------------------------------------------------------
Finished Final Netlist Cleanup
---------------------------------------------------------------------------------
---------------------------------------------------------------------------------
Finished IO Insertion : Time (s): cpu = 00:00:23 ; elapsed = 00:00:27 . Memory (MB): peak = 2697.688 ; gain = 606.270 ; free physical = 10711 ; free virtual = 82008
Synthesis current peak Physical Memory [PSS] (MB): peak = 2149.967; parent = 1890.823; children = 260.292
Synthesis current peak Virtual Memory [VSS] (MB): peak = 3658.844; parent = 2665.676; children = 993.168
---------------------------------------------------------------------------------
---------------------------------------------------------------------------------
Start Renaming Generated Instances
---------------------------------------------------------------------------------
---------------------------------------------------------------------------------
Finished Renaming Generated Instances : Time (s): cpu = 00:00:23 ; elapsed = 00:00:27 . Memory (MB): peak = 2697.688 ; gain = 606.270 ; free physical = 10711 ; free virtual = 82008
Synthesis current peak Physical Memory [PSS] (MB): peak = 2149.998; parent = 1890.854; children = 260.292
Synthesis current peak Virtual Memory [VSS] (MB): peak = 3658.844; parent = 2665.676; children = 993.168
---------------------------------------------------------------------------------
---------------------------------------------------------------------------------
Start Rebuilding User Hierarchy
---------------------------------------------------------------------------------
---------------------------------------------------------------------------------
Finished Rebuilding User Hierarchy : Time (s): cpu = 00:00:23 ; elapsed = 00:00:27 . Memory (MB): peak = 2697.688 ; gain = 606.270 ; free physical = 10711 ; free virtual = 82008
Synthesis current peak Physical Memory [PSS] (MB): peak = 2150.104; parent = 1890.960; children = 260.292
Synthesis current peak Virtual Memory [VSS] (MB): peak = 3658.844; parent = 2665.676; children = 993.168
---------------------------------------------------------------------------------
---------------------------------------------------------------------------------
Start Renaming Generated Ports
---------------------------------------------------------------------------------
---------------------------------------------------------------------------------
Finished Renaming Generated Ports : Time (s): cpu = 00:00:23 ; elapsed = 00:00:27 . Memory (MB): peak = 2697.688 ; gain = 606.270 ; free physical = 10711 ; free virtual = 82008
Synthesis current peak Physical Memory [PSS] (MB): peak = 2150.104; parent = 1890.960; children = 260.292
Synthesis current peak Virtual Memory [VSS] (MB): peak = 3658.844; parent = 2665.676; children = 993.168
---------------------------------------------------------------------------------
---------------------------------------------------------------------------------
Start Handling Custom Attributes
---------------------------------------------------------------------------------
---------------------------------------------------------------------------------
Finished Handling Custom Attributes : Time (s): cpu = 00:00:23 ; elapsed = 00:00:27 . Memory (MB): peak = 2697.688 ; gain = 606.270 ; free physical = 10711 ; free virtual = 82008
Synthesis current peak Physical Memory [PSS] (MB): peak = 2150.104; parent = 1890.960; children = 260.292
Synthesis current peak Virtual Memory [VSS] (MB): peak = 3658.844; parent = 2665.676; children = 993.168
---------------------------------------------------------------------------------
---------------------------------------------------------------------------------
Start Renaming Generated Nets
---------------------------------------------------------------------------------
---------------------------------------------------------------------------------
Finished Renaming Generated Nets : Time (s): cpu = 00:00:23 ; elapsed = 00:00:27 . Memory (MB): peak = 2697.688 ; gain = 606.270 ; free physical = 10711 ; free virtual = 82008
Synthesis current peak Physical Memory [PSS] (MB): peak = 2150.123; parent = 1890.979; children = 260.292
Synthesis current peak Virtual Memory [VSS] (MB): peak = 3658.844; parent = 2665.676; children = 993.168
---------------------------------------------------------------------------------
---------------------------------------------------------------------------------
Start Writing Synthesis Report
---------------------------------------------------------------------------------

Report BlackBoxes: 
+-+--------------+----------+
| |BlackBox name |Instances |
+-+--------------+----------+
+-+--------------+----------+

Report Cell Usage: 
+------+---------+------+
|      |Cell     |Count |
+------+---------+------+
|1     |CARRY4   |    27|
|2     |LUT1     |    33|
|3     |LUT2     |    37|
|4     |LUT3     |    34|
|5     |LUT4     |    74|
|6     |LUT5     |    39|
|7     |LUT6     |   118|
|8     |MUXF7    |    32|
|9     |RAMB36E1 |     1|
|10    |FDCE     |    61|
|11    |FDPE     |     1|
|12    |FDRE     |   756|
+------+---------+------+
---------------------------------------------------------------------------------
Finished Writing Synthesis Report : Time (s): cpu = 00:00:23 ; elapsed = 00:00:28 . Memory (MB): peak = 2697.688 ; gain = 606.270 ; free physical = 10711 ; free virtual = 82008
Synthesis current peak Physical Memory [PSS] (MB): peak = 2150.154; parent = 1891.011; children = 260.292
Synthesis current peak Virtual Memory [VSS] (MB): peak = 3658.844; parent = 2665.676; children = 993.168
---------------------------------------------------------------------------------
Synthesis finished with 0 errors, 0 critical warnings and 329 warnings.
Synthesis Optimization Runtime : Time (s): cpu = 00:00:22 ; elapsed = 00:00:24 . Memory (MB): peak = 2697.688 ; gain = 470.531 ; free physical = 10773 ; free virtual = 82069
Synthesis Optimization Complete : Time (s): cpu = 00:00:23 ; elapsed = 00:00:28 . Memory (MB): peak = 2697.688 ; gain = 606.270 ; free physical = 10772 ; free virtual = 82069
INFO: [Project 1-571] Translating synthesized netlist
CRITICAL WARNING: [Project 1-840] The design checkpoint file '/workspace/4a8591ee-8359-4481-a294-dd7232d47494/ipcores/FFT_1024.dcp' was generated for an IP by an out of context synthesis run and should not be used directly as a source in a Vivado flow. Constraints and other files related to the IP are only stored in the xci/xcix, not the checkpoint. It is strongly recommended that the original IP source file (.xci/.xcix) be used.
CRITICAL WARNING: [Project 1-840] The design checkpoint file '/workspace/4a8591ee-8359-4481-a294-dd7232d47494/ipcores/SineGen_48.dcp' was generated for an IP by an out of context synthesis run and should not be used directly as a source in a Vivado flow. Constraints and other files related to the IP are only stored in the xci/xcix, not the checkpoint. It is strongly recommended that the original IP source file (.xci/.xcix) be used.
Netlist sorting complete. Time (s): cpu = 00:00:00.01 ; elapsed = 00:00:00 . Memory (MB): peak = 2697.688 ; gain = 0.000 ; free physical = 10862 ; free virtual = 82158
INFO: [Netlist 29-17] Analyzing 60 Unisim elements for replacement
INFO: [Netlist 29-28] Unisim Transformation completed in 0 CPU seconds
INFO: [Project 1-570] Preparing netlist for logic optimization
INFO: [Opt 31-138] Pushed 0 inverter(s) to 0 load pin(s).
Netlist sorting complete. Time (s): cpu = 00:00:00 ; elapsed = 00:00:00 . Memory (MB): peak = 2697.688 ; gain = 0.000 ; free physical = 10807 ; free virtual = 82103
INFO: [Project 1-111] Unisim Transformation Summary:
No Unisim elements were transformed.

Synth Design complete, checksum: bf04c13c
INFO: [Common 17-83] Releasing license: Synthesis
35 Infos, 154 Warnings, 5 Critical Warnings and 0 Errors encountered.
synth_design completed successfully
synth_design: Time (s): cpu = 00:00:31 ; elapsed = 00:00:37 . Memory (MB): peak = 2697.688 ; gain = 975.035 ; free physical = 11013 ; free virtual = 82310
# write_edif -force custom.edf
Netlist sorting complete. Time (s): cpu = 00:00:00 ; elapsed = 00:00:00.01 . Memory (MB): peak = 2697.688 ; gain = 0.000 ; free physical = 11013 ; free virtual = 82310
INFO: [Common 17-206] Exiting Vivado at Fri Oct 24 15:12:55 2025...
