#-----------------------------------------------------------
# Vivado v2022.2_AR000035739_AR000034905 (64-bit)
# SW Build 3671981 on Fri Oct 14 04:59:54 MDT 2022
# IP Build 3669848 on Fri Oct 14 08:30:02 MDT 2022
# Start of session at: Thu Oct  2 23:39:25 2025
# Process ID: 3018832
# Current directory: /workspace/02f5ed39-d4b0-416f-a193-5923a88bbe41/output
# Command line: vivado -log synthesis.log -nojournal -mode batch -source /deps/compile/scripts/tcl/synth.tcl -tclargs /deps/compile 40 xc7z020clg400-1 mokugo /workspace/02f5ed39-d4b0-416f-a193-5923a88bbe41/src /workspace/02f5ed39-d4b0-416f-a193-5923a88bbe41/lib /workspace/02f5ed39-d4b0-416f-a193-5923a88bbe41/ipcores 2 3 0 4 4 5 3 2 0
# Log file: /workspace/02f5ed39-d4b0-416f-a193-5923a88bbe41/output/synthesis.log
# Journal file: 
# Running On: mcc-workers-7446cfdb8d-7hhsb, OS: Linux, CPU Frequency: 3393.624 MHz, CPU Physical cores: 28, Host memory: 118146 MB
#-----------------------------------------------------------
source /deps/compile/scripts/tcl/synth.tcl
# set TOP_DIR [lindex $argv 0]
# set HW_VER [lindex $argv 1]
# set HG_PART [lindex $argv 2]
# set HG_BOARD [lindex $argv 3]
# set SRC_DIR [lindex $argv 4]
# set LIB_DIR [lindex $argv 5]
# set IP_DCP_DIR [lindex $argv 6]
# set NUM_INS [lindex $argv 7]
# set NUM_OUTS [lindex $argv 8]
# set NUM_MONS [lindex $argv 9]
# set IN_LANES [lindex $argv 10]
# set OUT_LANES [lindex $argv 11]
# set NUM_SLOT_INS [lindex $argv 12]
# set NUM_SLOT_OUTS [lindex $argv 13]
# set NUM_CBUFS [lindex $argv 14]
# set VARIANT [lindex $argv 15]
# set_part $HG_PART
INFO: [Coretcl 2-1500] The part has been set to 'xc7z020clg400-1' for the current project only. Run set_part -help for more details. To evaluate different speed grades in the current design, use the set_speed_grade command, or use the open_checkpoint -part command to change the part used by an existing checkpoint design.
# read_vhdl -vhdl2008 [glob $LIB_DIR/Instrument.vhd]
# read_vhdl -vhdl2008 [glob $LIB_DIR/AXITypes.vhd]
# read_vhdl -vhdl2008 [glob $LIB_DIR/InterlacingSupport.vhd]
# read_vhdl -vhdl2008 [glob $LIB_DIR/MemoryMapSPI.vhd]
# read_vhdl -vhdl2008 [glob $LIB_DIR/InstrumentCC.vhd]
# read_vhdl -vhdl2008 [glob $LIB_DIR/MercurySupport.vhd]
# read_vhdl -vhdl2008 [glob $LIB_DIR/MokuSupport.vhd]
# set INCLUDE_ENTITY_DEFN 1
# source $TOP_DIR/utilities/utilities.tcl
## proc findFiles { basedir pattern } {
## 
##     # Fix the directory name, this ensures the directory name is in the
##     # native format for the platform and contains a final directory seperator
##     set basedir [string trimright [file join [file normalize $basedir] { }]]
##     set fileList {}
## 
##     # Look in the current directory for matching files, -type {f r}
##     # means ony readable normal files are looked at, -nocomplain stops
##     # an error being thrown if the returned list is empty
##     foreach fileName [glob -nocomplain -type {f r} -path $basedir $pattern] {
##         lappend fileList $fileName
##     }
## 
##     # Now look for any sub direcories in the current directory
##     foreach dirName [glob -nocomplain -type {d  r} -path $basedir *] {
##         # Recusively call the routine on the sub directory and append any
##         # new files to the results
##         set subDirList [findFiles $dirName $pattern]
##         if { [llength $subDirList] > 0 } {
##             foreach subDirFile $subDirList {
##                 lappend fileList $subDirFile
##             }
##         }
##     }
##     return $fileList
##  }
# set VHDL_SRC [findFiles $SRC_DIR "*.vhd"]
# if {[llength $VHDL_SRC] > 0} {
#     # Prevent re-definition of CustomWrapper; 
#     # without this check, Vivado or this suite of 
#     # scripts will not report any errors and will 
#     # still generate the deployable bitstream.
#     # see https://liquidinstruments.atlassian.net/browse/SW-398
#     foreach VHDL_FILE $VHDL_SRC {
#         if {[catch {exec grep -qi "entity CustomWrapper is" $VHDL_FILE} result] == 0} {
#             puts "Error: The entity 'CustomWrapper' is already defined in the library."
#             exit 1
#         }
#     }
#     read_vhdl -vhdl2008 $VHDL_SRC
# }
# set VERILOG_SRC [findFiles $SRC_DIR "*.v"]
# if {[llength $VERILOG_SRC] > 0} {
#     read_verilog $VERILOG_SRC
#     set_property file_type {SystemVerilog} [get_files $VERILOG_SRC]
#     foreach V_FILE $VERILOG_SRC {
#         if {[catch {exec grep -qi "module CustomWrapper" $V_FILE} result] == 0} {
#             set INCLUDE_ENTITY_DEFN 0
#         }
#     }
# }
# if {$INCLUDE_ENTITY_DEFN == 1} {
#     read_vhdl -vhdl2008 [glob $LIB_DIR/CustomWrapper.vhd]
# }
# set ip_dcps [glob -nocomplain $IP_DCP_DIR/*.dcp *.dcp]
# puts $ip_dcps
/workspace/02f5ed39-d4b0-416f-a193-5923a88bbe41/ipcores/AddSubtract_16.dcp /workspace/02f5ed39-d4b0-416f-a193-5923a88bbe41/ipcores/CIC_Dec_3Ordx8.dcp /workspace/02f5ed39-d4b0-416f-a193-5923a88bbe41/ipcores/Cordic_Translate_16.dcp /workspace/02f5ed39-d4b0-416f-a193-5923a88bbe41/ipcores/Counter_32.dcp /workspace/02f5ed39-d4b0-416f-a193-5923a88bbe41/ipcores/FFT_1024.dcp /workspace/02f5ed39-d4b0-416f-a193-5923a88bbe41/ipcores/FFT_65536.dcp /workspace/02f5ed39-d4b0-416f-a193-5923a88bbe41/ipcores/FIR_Filter_7coef.dcp /workspace/02f5ed39-d4b0-416f-a193-5923a88bbe41/ipcores/SineGen_48.dcp
# foreach dcp $ip_dcps {
# 	read_checkpoint $dcp
# }
Command: read_checkpoint /workspace/02f5ed39-d4b0-416f-a193-5923a88bbe41/ipcores/AddSubtract_16.dcp
Command: read_checkpoint /workspace/02f5ed39-d4b0-416f-a193-5923a88bbe41/ipcores/CIC_Dec_3Ordx8.dcp
Command: read_checkpoint /workspace/02f5ed39-d4b0-416f-a193-5923a88bbe41/ipcores/Cordic_Translate_16.dcp
Command: read_checkpoint /workspace/02f5ed39-d4b0-416f-a193-5923a88bbe41/ipcores/Counter_32.dcp
Command: read_checkpoint /workspace/02f5ed39-d4b0-416f-a193-5923a88bbe41/ipcores/FFT_1024.dcp
CRITICAL WARNING: [Vivado 12-5469] The design checkpoint file '/workspace/02f5ed39-d4b0-416f-a193-5923a88bbe41/ipcores/FFT_1024.dcp' was generated for an IP by an out of context synthesis run and should not directly be used as a source in a Vivado flow. It is strongly recommended that that the original IP source file (.xci) be used.
Command: read_checkpoint /workspace/02f5ed39-d4b0-416f-a193-5923a88bbe41/ipcores/FFT_65536.dcp
Command: read_checkpoint /workspace/02f5ed39-d4b0-416f-a193-5923a88bbe41/ipcores/FIR_Filter_7coef.dcp
Command: read_checkpoint /workspace/02f5ed39-d4b0-416f-a193-5923a88bbe41/ipcores/SineGen_48.dcp
CRITICAL WARNING: [Vivado 12-5469] The design checkpoint file '/workspace/02f5ed39-d4b0-416f-a193-5923a88bbe41/ipcores/SineGen_48.dcp' was generated for an IP by an out of context synthesis run and should not directly be used as a source in a Vivado flow. It is strongly recommended that that the original IP source file (.xci) be used.
# set_property library Moku [get_files -all -of_objects [get_filesets sources_1]]
# set_property top Instrument [current_fileset]
# set_property top_lib xil_defaultlib [current_fileset]
# set_property top_arch Custom [current_fileset]
# set_property top_file Top [current_fileset]
# set_property generic "HW_VER=$HW_VER NUM_INS=$NUM_INS NUM_OUTS=$NUM_OUTS NUM_MONS=$NUM_MONS IN_LANES=$IN_LANES OUT_LANES=$OUT_LANES NUM_SLOT_INS=$NUM_SLOT_INS NUM_SLOT_OUTS=$NUM_SLOT_OUTS NUM_CBUFS=$NUM_CBUFS VARIANT=$VARIANT" [current_fileset]
# synth_design -mode out_of_context -flatten_hierarchy rebuilt
Command: synth_design -mode out_of_context -flatten_hierarchy rebuilt
Starting synth_design
Using part: xc7z020clg400-1
Top: Instrument
Attempting to get a license for feature 'Synthesis' and/or device 'xc7z020'
INFO: [Common 17-349] Got license for feature 'Synthesis' and/or device 'xc7z020'
INFO: [Device 21-403] Loading part xc7z020clg400-1
INFO: [Synth 8-7079] Multithreading enabled for synth_design using a maximum of 4 processes.
INFO: [Synth 8-7078] Launching helper process for spawning children vivado processes
INFO: [Synth 8-7075] Helper process launched with PID 3018853
INFO: [Synth 8-11241] undeclared symbol 'REGCCE', assumed default net type 'wire' [/opt/Xilinx/Vivado/2022.2/data/verilog/src/unimacro/BRAM_SINGLE_MACRO.v:2170]
---------------------------------------------------------------------------------
Starting RTL Elaboration : Time (s): cpu = 00:00:02 ; elapsed = 00:00:03 . Memory (MB): peak = 2454.703 ; gain = 363.750 ; free physical = 51606 ; free virtual = 162981
Synthesis current peak Physical Memory [PSS] (MB): peak = 1874.883; parent = 1663.870; children = 211.013
Synthesis current peak Virtual Memory [VSS] (MB): peak = 3424.809; parent = 2454.707; children = 970.102
---------------------------------------------------------------------------------
CRITICAL WARNING: [Synth 8-9871] overwriting existing primary unit 'scaleoffset2' [/workspace/02f5ed39-d4b0-416f-a193-5923a88bbe41/lib/MokuSupport.vhd:391]
WARNING: [Synth 8-9963] re-analyze unit 'behavioral' since unit 'scaleoffset2' is overwritten or removed [/workspace/02f5ed39-d4b0-416f-a193-5923a88bbe41/lib/MercurySupport.vhd:932]
INFO: [Synth 8-638] synthesizing module 'Instrument' [/workspace/02f5ed39-d4b0-416f-a193-5923a88bbe41/lib/InstrumentCC.vhd:7]
	Parameter HW_VER bound to: 40 - type: integer 
	Parameter NUM_INS bound to: 2 - type: integer 
	Parameter NUM_OUTS bound to: 3 - type: integer 
	Parameter NUM_MONS bound to: 0 - type: integer 
	Parameter IN_LANES bound to: 4 - type: integer 
	Parameter OUT_LANES bound to: 4 - type: integer 
	Parameter NUM_SLOT_INS bound to: 5 - type: integer 
	Parameter NUM_SLOT_OUTS bound to: 3 - type: integer 
	Parameter NUM_CBUFS bound to: 2 - type: integer 
	Parameter VARIANT bound to: 0 - type: integer 
INFO: [Synth 8-638] synthesizing module 'InstrumentPortAdapter' [/workspace/02f5ed39-d4b0-416f-a193-5923a88bbe41/lib/Instrument.vhd:84]
	Parameter HW_VER bound to: 40 - type: integer 
	Parameter IN_LANES bound to: 4 - type: integer 
	Parameter OUT_LANES bound to: 4 - type: integer 
	Parameter NUM_SLOT_INS bound to: 5 - type: integer 
	Parameter NUM_SLOT_OUTS bound to: 3 - type: integer 
	Parameter NUM_CBUFS bound to: 2 - type: integer 
INFO: [Synth 8-256] done synthesizing module 'InstrumentPortAdapter' (0#1) [/workspace/02f5ed39-d4b0-416f-a193-5923a88bbe41/lib/Instrument.vhd:84]
INFO: [Synth 8-638] synthesizing module 'MemoryMapSPI' [/workspace/02f5ed39-d4b0-416f-a193-5923a88bbe41/lib/MemoryMapSPI.vhd:33]
	Parameter NUM_REGS bound to: 17 - type: integer 
	Parameter NUM_META_REGS bound to: 2 - type: integer 
INFO: [Synth 8-256] done synthesizing module 'MemoryMapSPI' (0#1) [/workspace/02f5ed39-d4b0-416f-a193-5923a88bbe41/lib/MemoryMapSPI.vhd:33]
INFO: [Synth 8-638] synthesizing module 'CustomWrapper' [/workspace/02f5ed39-d4b0-416f-a193-5923a88bbe41/lib/CustomWrapper.vhd:7]
INFO: [Synth 8-638] synthesizing module 'clk_divider' [/workspace/02f5ed39-d4b0-416f-a193-5923a88bbe41/src/clk_divider.vhd:18]
INFO: [Synth 8-226] default block is never used [/workspace/02f5ed39-d4b0-416f-a193-5923a88bbe41/src/clk_divider.vhd:26]
INFO: [Synth 8-256] done synthesizing module 'clk_divider' (0#1) [/workspace/02f5ed39-d4b0-416f-a193-5923a88bbe41/src/clk_divider.vhd:18]
INFO: [Synth 8-638] synthesizing module 'probe_driver' [/workspace/02f5ed39-d4b0-416f-a193-5923a88bbe41/src/ProbeDriver.vhd:46]
INFO: [Synth 8-226] default block is never used [/workspace/02f5ed39-d4b0-416f-a193-5923a88bbe41/src/ProbeDriver.vhd:114]
WARNING: [Synth 8-614] signal 'clk_en' is read in the process but is not in the sensitivity list [/workspace/02f5ed39-d4b0-416f-a193-5923a88bbe41/src/ProbeDriver.vhd:82]
INFO: [Synth 8-256] done synthesizing module 'probe_driver' (0#1) [/workspace/02f5ed39-d4b0-416f-a193-5923a88bbe41/src/ProbeDriver.vhd:46]
INFO: [Synth 8-256] done synthesizing module 'CustomWrapper' (0#1) [/workspace/02f5ed39-d4b0-416f-a193-5923a88bbe41/lib/CustomWrapper.vhd:7]
INFO: [Synth 8-256] done synthesizing module 'Instrument' (0#1) [/workspace/02f5ed39-d4b0-416f-a193-5923a88bbe41/lib/InstrumentCC.vhd:7]
WARNING: [Synth 8-6014] Unused sequential element StatusWriteStrobe_reg was removed.  [/workspace/02f5ed39-d4b0-416f-a193-5923a88bbe41/lib/MemoryMapSPI.vhd:174]
WARNING: [Synth 8-6014] Unused sequential element StatusWriteStrobeDly_reg was removed.  [/workspace/02f5ed39-d4b0-416f-a193-5923a88bbe41/lib/MemoryMapSPI.vhd:176]
WARNING: [Synth 8-6014] Unused sequential element StatusValue_reg[0] was removed.  [/workspace/02f5ed39-d4b0-416f-a193-5923a88bbe41/lib/MemoryMapSPI.vhd:181]
WARNING: [Synth 8-3848] Net Control[0][ReadStrobe] in module/entity MemoryMapSPI does not have driver. [/workspace/02f5ed39-d4b0-416f-a193-5923a88bbe41/lib/MemoryMapSPI.vhd:23]
WARNING: [Synth 8-3848] Net Control[1][ReadStrobe] in module/entity MemoryMapSPI does not have driver. [/workspace/02f5ed39-d4b0-416f-a193-5923a88bbe41/lib/MemoryMapSPI.vhd:23]
WARNING: [Synth 8-3848] Net Control[2][ReadStrobe] in module/entity MemoryMapSPI does not have driver. [/workspace/02f5ed39-d4b0-416f-a193-5923a88bbe41/lib/MemoryMapSPI.vhd:23]
WARNING: [Synth 8-3848] Net Control[3][ReadStrobe] in module/entity MemoryMapSPI does not have driver. [/workspace/02f5ed39-d4b0-416f-a193-5923a88bbe41/lib/MemoryMapSPI.vhd:23]
WARNING: [Synth 8-3848] Net Control[4][ReadStrobe] in module/entity MemoryMapSPI does not have driver. [/workspace/02f5ed39-d4b0-416f-a193-5923a88bbe41/lib/MemoryMapSPI.vhd:23]
WARNING: [Synth 8-3848] Net Control[5][ReadStrobe] in module/entity MemoryMapSPI does not have driver. [/workspace/02f5ed39-d4b0-416f-a193-5923a88bbe41/lib/MemoryMapSPI.vhd:23]
WARNING: [Synth 8-3848] Net Control[6][ReadStrobe] in module/entity MemoryMapSPI does not have driver. [/workspace/02f5ed39-d4b0-416f-a193-5923a88bbe41/lib/MemoryMapSPI.vhd:23]
WARNING: [Synth 8-3848] Net Control[7][ReadStrobe] in module/entity MemoryMapSPI does not have driver. [/workspace/02f5ed39-d4b0-416f-a193-5923a88bbe41/lib/MemoryMapSPI.vhd:23]
WARNING: [Synth 8-3848] Net Control[8][ReadStrobe] in module/entity MemoryMapSPI does not have driver. [/workspace/02f5ed39-d4b0-416f-a193-5923a88bbe41/lib/MemoryMapSPI.vhd:23]
WARNING: [Synth 8-3848] Net Control[9][ReadStrobe] in module/entity MemoryMapSPI does not have driver. [/workspace/02f5ed39-d4b0-416f-a193-5923a88bbe41/lib/MemoryMapSPI.vhd:23]
WARNING: [Synth 8-3848] Net Control[10][ReadStrobe] in module/entity MemoryMapSPI does not have driver. [/workspace/02f5ed39-d4b0-416f-a193-5923a88bbe41/lib/MemoryMapSPI.vhd:23]
WARNING: [Synth 8-3848] Net Control[11][ReadStrobe] in module/entity MemoryMapSPI does not have driver. [/workspace/02f5ed39-d4b0-416f-a193-5923a88bbe41/lib/MemoryMapSPI.vhd:23]
WARNING: [Synth 8-3848] Net Control[12][ReadStrobe] in module/entity MemoryMapSPI does not have driver. [/workspace/02f5ed39-d4b0-416f-a193-5923a88bbe41/lib/MemoryMapSPI.vhd:23]
WARNING: [Synth 8-3848] Net Control[13][ReadStrobe] in module/entity MemoryMapSPI does not have driver. [/workspace/02f5ed39-d4b0-416f-a193-5923a88bbe41/lib/MemoryMapSPI.vhd:23]
WARNING: [Synth 8-3848] Net Control[14][ReadStrobe] in module/entity MemoryMapSPI does not have driver. [/workspace/02f5ed39-d4b0-416f-a193-5923a88bbe41/lib/MemoryMapSPI.vhd:23]
WARNING: [Synth 8-3848] Net Control[15][ReadStrobe] in module/entity MemoryMapSPI does not have driver. [/workspace/02f5ed39-d4b0-416f-a193-5923a88bbe41/lib/MemoryMapSPI.vhd:23]
WARNING: [Synth 8-3848] Net Control[16][ReadStrobe] in module/entity MemoryMapSPI does not have driver. [/workspace/02f5ed39-d4b0-416f-a193-5923a88bbe41/lib/MemoryMapSPI.vhd:23]
WARNING: [Synth 8-3848] Net MetaControl[0][ReadStrobe] in module/entity MemoryMapSPI does not have driver. [/workspace/02f5ed39-d4b0-416f-a193-5923a88bbe41/lib/MemoryMapSPI.vhd:24]
WARNING: [Synth 8-3848] Net MetaControl[1][ReadStrobe] in module/entity MemoryMapSPI does not have driver. [/workspace/02f5ed39-d4b0-416f-a193-5923a88bbe41/lib/MemoryMapSPI.vhd:24]
WARNING: [Synth 8-6014] Unused sequential element cnt_reg was removed.  [/workspace/02f5ed39-d4b0-416f-a193-5923a88bbe41/src/ProbeDriver.vhd:90]
WARNING: [Synth 8-3848] Net OutputD in module/entity CustomWrapper does not have driver. [/workspace/02f5ed39-d4b0-416f-a193-5923a88bbe41/lib/CustomWrapper.vhd:23]
WARNING: [Synth 8-3848] Net OutputInterpA in module/entity CustomWrapper does not have driver. [/workspace/02f5ed39-d4b0-416f-a193-5923a88bbe41/lib/CustomWrapper.vhd:25]
WARNING: [Synth 8-3848] Net OutputInterpB in module/entity CustomWrapper does not have driver. [/workspace/02f5ed39-d4b0-416f-a193-5923a88bbe41/lib/CustomWrapper.vhd:26]
WARNING: [Synth 8-3848] Net OutputInterpC in module/entity CustomWrapper does not have driver. [/workspace/02f5ed39-d4b0-416f-a193-5923a88bbe41/lib/CustomWrapper.vhd:27]
WARNING: [Synth 8-3848] Net OutputInterpD in module/entity CustomWrapper does not have driver. [/workspace/02f5ed39-d4b0-416f-a193-5923a88bbe41/lib/CustomWrapper.vhd:28]
WARNING: [Synth 8-6014] Unused sequential element AInSelect_reg[0][Data][1] was removed.  [/workspace/02f5ed39-d4b0-416f-a193-5923a88bbe41/lib/InstrumentCC.vhd:82]
WARNING: [Synth 8-6014] Unused sequential element AInSelect_reg[0][Data][2] was removed.  [/workspace/02f5ed39-d4b0-416f-a193-5923a88bbe41/lib/InstrumentCC.vhd:82]
WARNING: [Synth 8-6014] Unused sequential element AInSelect_reg[0][Data][3] was removed.  [/workspace/02f5ed39-d4b0-416f-a193-5923a88bbe41/lib/InstrumentCC.vhd:82]
WARNING: [Synth 8-6014] Unused sequential element AInSelect_reg[0][Valid] was removed.  [/workspace/02f5ed39-d4b0-416f-a193-5923a88bbe41/lib/InstrumentCC.vhd:82]
WARNING: [Synth 8-6014] Unused sequential element AInSelect_reg[1][Data][1] was removed.  [/workspace/02f5ed39-d4b0-416f-a193-5923a88bbe41/lib/InstrumentCC.vhd:82]
WARNING: [Synth 8-6014] Unused sequential element AInSelect_reg[1][Data][2] was removed.  [/workspace/02f5ed39-d4b0-416f-a193-5923a88bbe41/lib/InstrumentCC.vhd:82]
WARNING: [Synth 8-6014] Unused sequential element AInSelect_reg[1][Data][3] was removed.  [/workspace/02f5ed39-d4b0-416f-a193-5923a88bbe41/lib/InstrumentCC.vhd:82]
WARNING: [Synth 8-6014] Unused sequential element AInSelect_reg[1][Valid] was removed.  [/workspace/02f5ed39-d4b0-416f-a193-5923a88bbe41/lib/InstrumentCC.vhd:82]
WARNING: [Synth 8-6014] Unused sequential element AInSelect_reg[2][Data][1] was removed.  [/workspace/02f5ed39-d4b0-416f-a193-5923a88bbe41/lib/InstrumentCC.vhd:82]
WARNING: [Synth 8-6014] Unused sequential element AInSelect_reg[2][Data][2] was removed.  [/workspace/02f5ed39-d4b0-416f-a193-5923a88bbe41/lib/InstrumentCC.vhd:82]
WARNING: [Synth 8-6014] Unused sequential element AInSelect_reg[2][Data][3] was removed.  [/workspace/02f5ed39-d4b0-416f-a193-5923a88bbe41/lib/InstrumentCC.vhd:82]
WARNING: [Synth 8-6014] Unused sequential element AInSelect_reg[2][Valid] was removed.  [/workspace/02f5ed39-d4b0-416f-a193-5923a88bbe41/lib/InstrumentCC.vhd:82]
WARNING: [Synth 8-6014] Unused sequential element AInSelect_reg[3][Data][1] was removed.  [/workspace/02f5ed39-d4b0-416f-a193-5923a88bbe41/lib/InstrumentCC.vhd:82]
WARNING: [Synth 8-6014] Unused sequential element AInSelect_reg[3][Data][2] was removed.  [/workspace/02f5ed39-d4b0-416f-a193-5923a88bbe41/lib/InstrumentCC.vhd:82]
WARNING: [Synth 8-6014] Unused sequential element AInSelect_reg[3][Data][3] was removed.  [/workspace/02f5ed39-d4b0-416f-a193-5923a88bbe41/lib/InstrumentCC.vhd:82]
WARNING: [Synth 8-6014] Unused sequential element AInSelect_reg[3][Valid] was removed.  [/workspace/02f5ed39-d4b0-416f-a193-5923a88bbe41/lib/InstrumentCC.vhd:82]
WARNING: [Synth 8-6014] Unused sequential element WrapperOutDly_reg[3][Data] was removed.  [/workspace/02f5ed39-d4b0-416f-a193-5923a88bbe41/lib/InstrumentCC.vhd:136]
WARNING: [Synth 8-6014] Unused sequential element WrapperOutDly_reg[3][Valid] was removed.  [/workspace/02f5ed39-d4b0-416f-a193-5923a88bbe41/lib/InstrumentCC.vhd:136]
WARNING: [Synth 8-6014] Unused sequential element WrapperOut_reg[1][Valid] was removed.  [/workspace/02f5ed39-d4b0-416f-a193-5923a88bbe41/lib/InstrumentCC.vhd:102]
WARNING: [Synth 8-6014] Unused sequential element WrapperOut_reg[2][Valid] was removed.  [/workspace/02f5ed39-d4b0-416f-a193-5923a88bbe41/lib/InstrumentCC.vhd:102]
WARNING: [Synth 8-6014] Unused sequential element WrapperOutDly_reg[1][Valid] was removed.  [/workspace/02f5ed39-d4b0-416f-a193-5923a88bbe41/lib/InstrumentCC.vhd:136]
WARNING: [Synth 8-6014] Unused sequential element WrapperOutDly_reg[2][Valid] was removed.  [/workspace/02f5ed39-d4b0-416f-a193-5923a88bbe41/lib/InstrumentCC.vhd:136]
WARNING: [Synth 8-7129] Port OutputD[15] in module CustomWrapper is either unconnected or has no load
WARNING: [Synth 8-7129] Port OutputD[14] in module CustomWrapper is either unconnected or has no load
WARNING: [Synth 8-7129] Port OutputD[13] in module CustomWrapper is either unconnected or has no load
WARNING: [Synth 8-7129] Port OutputD[12] in module CustomWrapper is either unconnected or has no load
WARNING: [Synth 8-7129] Port OutputD[11] in module CustomWrapper is either unconnected or has no load
WARNING: [Synth 8-7129] Port OutputD[10] in module CustomWrapper is either unconnected or has no load
WARNING: [Synth 8-7129] Port OutputD[9] in module CustomWrapper is either unconnected or has no load
WARNING: [Synth 8-7129] Port OutputD[8] in module CustomWrapper is either unconnected or has no load
WARNING: [Synth 8-7129] Port OutputD[7] in module CustomWrapper is either unconnected or has no load
WARNING: [Synth 8-7129] Port OutputD[6] in module CustomWrapper is either unconnected or has no load
WARNING: [Synth 8-7129] Port OutputD[5] in module CustomWrapper is either unconnected or has no load
WARNING: [Synth 8-7129] Port OutputD[4] in module CustomWrapper is either unconnected or has no load
WARNING: [Synth 8-7129] Port OutputD[3] in module CustomWrapper is either unconnected or has no load
WARNING: [Synth 8-7129] Port OutputD[2] in module CustomWrapper is either unconnected or has no load
WARNING: [Synth 8-7129] Port OutputD[1] in module CustomWrapper is either unconnected or has no load
WARNING: [Synth 8-7129] Port OutputD[0] in module CustomWrapper is either unconnected or has no load
WARNING: [Synth 8-7129] Port OutputInterpA in module CustomWrapper is either unconnected or has no load
WARNING: [Synth 8-7129] Port OutputInterpB in module CustomWrapper is either unconnected or has no load
WARNING: [Synth 8-7129] Port OutputInterpC in module CustomWrapper is either unconnected or has no load
WARNING: [Synth 8-7129] Port OutputInterpD in module CustomWrapper is either unconnected or has no load
WARNING: [Synth 8-7129] Port Sync[31] in module CustomWrapper is either unconnected or has no load
WARNING: [Synth 8-7129] Port Sync[30] in module CustomWrapper is either unconnected or has no load
WARNING: [Synth 8-7129] Port Sync[29] in module CustomWrapper is either unconnected or has no load
WARNING: [Synth 8-7129] Port Sync[28] in module CustomWrapper is either unconnected or has no load
WARNING: [Synth 8-7129] Port Sync[27] in module CustomWrapper is either unconnected or has no load
WARNING: [Synth 8-7129] Port Sync[26] in module CustomWrapper is either unconnected or has no load
WARNING: [Synth 8-7129] Port Sync[25] in module CustomWrapper is either unconnected or has no load
WARNING: [Synth 8-7129] Port Sync[24] in module CustomWrapper is either unconnected or has no load
WARNING: [Synth 8-7129] Port Sync[23] in module CustomWrapper is either unconnected or has no load
WARNING: [Synth 8-7129] Port Sync[22] in module CustomWrapper is either unconnected or has no load
WARNING: [Synth 8-7129] Port Sync[21] in module CustomWrapper is either unconnected or has no load
WARNING: [Synth 8-7129] Port Sync[20] in module CustomWrapper is either unconnected or has no load
WARNING: [Synth 8-7129] Port Sync[19] in module CustomWrapper is either unconnected or has no load
WARNING: [Synth 8-7129] Port Sync[18] in module CustomWrapper is either unconnected or has no load
WARNING: [Synth 8-7129] Port Sync[17] in module CustomWrapper is either unconnected or has no load
WARNING: [Synth 8-7129] Port Sync[16] in module CustomWrapper is either unconnected or has no load
WARNING: [Synth 8-7129] Port Sync[15] in module CustomWrapper is either unconnected or has no load
WARNING: [Synth 8-7129] Port Sync[14] in module CustomWrapper is either unconnected or has no load
WARNING: [Synth 8-7129] Port Sync[13] in module CustomWrapper is either unconnected or has no load
WARNING: [Synth 8-7129] Port Sync[12] in module CustomWrapper is either unconnected or has no load
WARNING: [Synth 8-7129] Port Sync[11] in module CustomWrapper is either unconnected or has no load
WARNING: [Synth 8-7129] Port Sync[10] in module CustomWrapper is either unconnected or has no load
WARNING: [Synth 8-7129] Port Sync[9] in module CustomWrapper is either unconnected or has no load
WARNING: [Synth 8-7129] Port Sync[8] in module CustomWrapper is either unconnected or has no load
WARNING: [Synth 8-7129] Port Sync[7] in module CustomWrapper is either unconnected or has no load
WARNING: [Synth 8-7129] Port Sync[6] in module CustomWrapper is either unconnected or has no load
WARNING: [Synth 8-7129] Port Sync[5] in module CustomWrapper is either unconnected or has no load
WARNING: [Synth 8-7129] Port Sync[4] in module CustomWrapper is either unconnected or has no load
WARNING: [Synth 8-7129] Port Sync[3] in module CustomWrapper is either unconnected or has no load
WARNING: [Synth 8-7129] Port Sync[2] in module CustomWrapper is either unconnected or has no load
WARNING: [Synth 8-7129] Port Sync[1] in module CustomWrapper is either unconnected or has no load
WARNING: [Synth 8-7129] Port Sync[0] in module CustomWrapper is either unconnected or has no load
WARNING: [Synth 8-7129] Port InputA[15] in module CustomWrapper is either unconnected or has no load
WARNING: [Synth 8-7129] Port InputA[14] in module CustomWrapper is either unconnected or has no load
WARNING: [Synth 8-7129] Port InputA[13] in module CustomWrapper is either unconnected or has no load
WARNING: [Synth 8-7129] Port InputA[12] in module CustomWrapper is either unconnected or has no load
WARNING: [Synth 8-7129] Port InputA[11] in module CustomWrapper is either unconnected or has no load
WARNING: [Synth 8-7129] Port InputA[10] in module CustomWrapper is either unconnected or has no load
WARNING: [Synth 8-7129] Port InputA[9] in module CustomWrapper is either unconnected or has no load
WARNING: [Synth 8-7129] Port InputA[8] in module CustomWrapper is either unconnected or has no load
WARNING: [Synth 8-7129] Port InputA[7] in module CustomWrapper is either unconnected or has no load
WARNING: [Synth 8-7129] Port InputA[6] in module CustomWrapper is either unconnected or has no load
WARNING: [Synth 8-7129] Port InputA[5] in module CustomWrapper is either unconnected or has no load
WARNING: [Synth 8-7129] Port InputA[4] in module CustomWrapper is either unconnected or has no load
WARNING: [Synth 8-7129] Port InputA[3] in module CustomWrapper is either unconnected or has no load
WARNING: [Synth 8-7129] Port InputA[2] in module CustomWrapper is either unconnected or has no load
WARNING: [Synth 8-7129] Port InputA[1] in module CustomWrapper is either unconnected or has no load
WARNING: [Synth 8-7129] Port InputA[0] in module CustomWrapper is either unconnected or has no load
WARNING: [Synth 8-7129] Port InputB[15] in module CustomWrapper is either unconnected or has no load
WARNING: [Synth 8-7129] Port InputB[14] in module CustomWrapper is either unconnected or has no load
WARNING: [Synth 8-7129] Port InputB[13] in module CustomWrapper is either unconnected or has no load
WARNING: [Synth 8-7129] Port InputB[12] in module CustomWrapper is either unconnected or has no load
WARNING: [Synth 8-7129] Port InputB[11] in module CustomWrapper is either unconnected or has no load
WARNING: [Synth 8-7129] Port InputB[10] in module CustomWrapper is either unconnected or has no load
WARNING: [Synth 8-7129] Port InputB[9] in module CustomWrapper is either unconnected or has no load
WARNING: [Synth 8-7129] Port InputB[8] in module CustomWrapper is either unconnected or has no load
WARNING: [Synth 8-7129] Port InputB[7] in module CustomWrapper is either unconnected or has no load
WARNING: [Synth 8-7129] Port InputB[6] in module CustomWrapper is either unconnected or has no load
WARNING: [Synth 8-7129] Port InputB[5] in module CustomWrapper is either unconnected or has no load
WARNING: [Synth 8-7129] Port InputB[4] in module CustomWrapper is either unconnected or has no load
WARNING: [Synth 8-7129] Port InputB[3] in module CustomWrapper is either unconnected or has no load
WARNING: [Synth 8-7129] Port InputB[2] in module CustomWrapper is either unconnected or has no load
WARNING: [Synth 8-7129] Port InputB[1] in module CustomWrapper is either unconnected or has no load
WARNING: [Synth 8-7129] Port InputB[0] in module CustomWrapper is either unconnected or has no load
WARNING: [Synth 8-7129] Port InputC[15] in module CustomWrapper is either unconnected or has no load
WARNING: [Synth 8-7129] Port InputC[14] in module CustomWrapper is either unconnected or has no load
WARNING: [Synth 8-7129] Port InputC[13] in module CustomWrapper is either unconnected or has no load
WARNING: [Synth 8-7129] Port InputC[12] in module CustomWrapper is either unconnected or has no load
WARNING: [Synth 8-7129] Port InputC[11] in module CustomWrapper is either unconnected or has no load
WARNING: [Synth 8-7129] Port InputC[10] in module CustomWrapper is either unconnected or has no load
WARNING: [Synth 8-7129] Port InputC[9] in module CustomWrapper is either unconnected or has no load
WARNING: [Synth 8-7129] Port InputC[8] in module CustomWrapper is either unconnected or has no load
WARNING: [Synth 8-7129] Port InputC[7] in module CustomWrapper is either unconnected or has no load
WARNING: [Synth 8-7129] Port InputC[6] in module CustomWrapper is either unconnected or has no load
WARNING: [Synth 8-7129] Port InputC[5] in module CustomWrapper is either unconnected or has no load
WARNING: [Synth 8-7129] Port InputC[4] in module CustomWrapper is either unconnected or has no load
WARNING: [Synth 8-7129] Port InputC[3] in module CustomWrapper is either unconnected or has no load
WARNING: [Synth 8-7129] Port InputC[2] in module CustomWrapper is either unconnected or has no load
WARNING: [Synth 8-7129] Port InputC[1] in module CustomWrapper is either unconnected or has no load
WARNING: [Synth 8-7129] Port InputC[0] in module CustomWrapper is either unconnected or has no load
INFO: [Common 17-14] Message 'Synth 8-7129' appears 100 times and further instances of the messages will be disabled. Use the Tcl command set_msg_config to change the current settings.
---------------------------------------------------------------------------------
Finished RTL Elaboration : Time (s): cpu = 00:00:04 ; elapsed = 00:00:04 . Memory (MB): peak = 2532.672 ; gain = 441.719 ; free physical = 51239 ; free virtual = 162615
Synthesis current peak Physical Memory [PSS] (MB): peak = 1874.883; parent = 1663.870; children = 211.013
Synthesis current peak Virtual Memory [VSS] (MB): peak = 3502.777; parent = 2532.676; children = 970.102
---------------------------------------------------------------------------------
---------------------------------------------------------------------------------
Start Handling Custom Attributes
---------------------------------------------------------------------------------
---------------------------------------------------------------------------------
Finished Handling Custom Attributes : Time (s): cpu = 00:00:04 ; elapsed = 00:00:05 . Memory (MB): peak = 2550.484 ; gain = 459.531 ; free physical = 52189 ; free virtual = 163565
Synthesis current peak Physical Memory [PSS] (MB): peak = 1874.883; parent = 1663.870; children = 211.013
Synthesis current peak Virtual Memory [VSS] (MB): peak = 3520.590; parent = 2550.488; children = 970.102
---------------------------------------------------------------------------------
---------------------------------------------------------------------------------
Finished RTL Optimization Phase 1 : Time (s): cpu = 00:00:04 ; elapsed = 00:00:05 . Memory (MB): peak = 2550.484 ; gain = 459.531 ; free physical = 52155 ; free virtual = 163531
Synthesis current peak Physical Memory [PSS] (MB): peak = 1874.883; parent = 1663.870; children = 211.013
Synthesis current peak Virtual Memory [VSS] (MB): peak = 3520.590; parent = 2550.488; children = 970.102
---------------------------------------------------------------------------------
CRITICAL WARNING: [Project 1-840] The design checkpoint file '/workspace/02f5ed39-d4b0-416f-a193-5923a88bbe41/ipcores/FFT_1024.dcp' was generated for an IP by an out of context synthesis run and should not be used directly as a source in a Vivado flow. Constraints and other files related to the IP are only stored in the xci/xcix, not the checkpoint. It is strongly recommended that the original IP source file (.xci/.xcix) be used.
CRITICAL WARNING: [Project 1-840] The design checkpoint file '/workspace/02f5ed39-d4b0-416f-a193-5923a88bbe41/ipcores/SineGen_48.dcp' was generated for an IP by an out of context synthesis run and should not be used directly as a source in a Vivado flow. Constraints and other files related to the IP are only stored in the xci/xcix, not the checkpoint. It is strongly recommended that the original IP source file (.xci/.xcix) be used.
Netlist sorting complete. Time (s): cpu = 00:00:00.01 ; elapsed = 00:00:00.02 . Memory (MB): peak = 2550.484 ; gain = 0.000 ; free physical = 52061 ; free virtual = 163437
INFO: [Project 1-570] Preparing netlist for logic optimization

Processing XDC Constraints
Initializing timing engine
Completed Processing XDC Constraints

Netlist sorting complete. Time (s): cpu = 00:00:00 ; elapsed = 00:00:00 . Memory (MB): peak = 2689.223 ; gain = 0.000 ; free physical = 51399 ; free virtual = 162775
INFO: [Project 1-111] Unisim Transformation Summary:
No Unisim elements were transformed.

Constraint Validation Runtime : Time (s): cpu = 00:00:00 ; elapsed = 00:00:00.01 . Memory (MB): peak = 2689.223 ; gain = 0.000 ; free physical = 51395 ; free virtual = 162771
INFO: [Synth 8-11241] undeclared symbol 'REGCCE', assumed default net type 'wire' [/opt/Xilinx/Vivado/2022.2/data/verilog/src/unimacro/BRAM_SINGLE_MACRO.v:2170]
---------------------------------------------------------------------------------
Finished Constraint Validation : Time (s): cpu = 00:00:08 ; elapsed = 00:00:10 . Memory (MB): peak = 2689.223 ; gain = 598.270 ; free physical = 50855 ; free virtual = 162234
Synthesis current peak Physical Memory [PSS] (MB): peak = 1874.883; parent = 1663.870; children = 211.013
Synthesis current peak Virtual Memory [VSS] (MB): peak = 3627.312; parent = 2657.211; children = 970.102
---------------------------------------------------------------------------------
---------------------------------------------------------------------------------
Start Loading Part and Timing Information
---------------------------------------------------------------------------------
Loading part: xc7z020clg400-1
---------------------------------------------------------------------------------
Finished Loading Part and Timing Information : Time (s): cpu = 00:00:08 ; elapsed = 00:00:10 . Memory (MB): peak = 2689.223 ; gain = 598.270 ; free physical = 51544 ; free virtual = 162924
Synthesis current peak Physical Memory [PSS] (MB): peak = 1874.883; parent = 1663.870; children = 211.013
Synthesis current peak Virtual Memory [VSS] (MB): peak = 3627.312; parent = 2657.211; children = 970.102
---------------------------------------------------------------------------------
---------------------------------------------------------------------------------
Start Applying 'set_property' XDC Constraints
---------------------------------------------------------------------------------
---------------------------------------------------------------------------------
Finished applying 'set_property' XDC Constraints : Time (s): cpu = 00:00:08 ; elapsed = 00:00:10 . Memory (MB): peak = 2689.223 ; gain = 598.270 ; free physical = 51948 ; free virtual = 163328
Synthesis current peak Physical Memory [PSS] (MB): peak = 1874.883; parent = 1663.870; children = 211.013
Synthesis current peak Virtual Memory [VSS] (MB): peak = 3627.312; parent = 2657.211; children = 970.102
---------------------------------------------------------------------------------
INFO: [Synth 8-802] inferred FSM for state register 'current_state_reg' in module 'probe_driver'
---------------------------------------------------------------------------------------------------
                   State |                     New Encoding |                Previous Encoding 
---------------------------------------------------------------------------------------------------
                    idle |                               00 |                               00
                   armed |                               01 |                               01
                  firing |                               10 |                               10
               cool_down |                               11 |                               11
---------------------------------------------------------------------------------------------------
INFO: [Synth 8-3354] encoded FSM with state register 'current_state_reg' using encoding 'sequential' in module 'probe_driver'
---------------------------------------------------------------------------------
Finished RTL Optimization Phase 2 : Time (s): cpu = 00:00:09 ; elapsed = 00:00:11 . Memory (MB): peak = 2689.223 ; gain = 598.270 ; free physical = 52292 ; free virtual = 163671
Synthesis current peak Physical Memory [PSS] (MB): peak = 1874.883; parent = 1663.870; children = 211.013
Synthesis current peak Virtual Memory [VSS] (MB): peak = 3627.312; parent = 2657.211; children = 970.102
---------------------------------------------------------------------------------
---------------------------------------------------------------------------------
Start RTL Component Statistics 
---------------------------------------------------------------------------------
Detailed RTL Component Info : 
+---Adders : 
	   3 Input   18 Bit       Adders := 9     
	   2 Input   18 Bit       Adders := 3     
	   2 Input   16 Bit       Adders := 2     
	   2 Input    5 Bit       Adders := 1     
+---Registers : 
	               32 Bit    Registers := 24    
	               24 Bit    Registers := 1     
	               17 Bit    Registers := 2     
	               16 Bit    Registers := 24    
	                7 Bit    Registers := 1     
	                5 Bit    Registers := 2     
	                2 Bit    Registers := 5     
	                1 Bit    Registers := 19    
+---Muxes : 
	   2 Input   32 Bit        Muxes := 7     
	   3 Input   32 Bit        Muxes := 1     
	   2 Input   17 Bit        Muxes := 1     
	   4 Input   16 Bit        Muxes := 2     
	   2 Input   16 Bit        Muxes := 12    
	   2 Input   15 Bit        Muxes := 1     
	   2 Input   10 Bit        Muxes := 1     
	   4 Input    5 Bit        Muxes := 2     
	   2 Input    5 Bit        Muxes := 1     
	   3 Input    4 Bit        Muxes := 1     
	   2 Input    2 Bit        Muxes := 2     
	   4 Input    2 Bit        Muxes := 1     
	   3 Input    1 Bit        Muxes := 2     
	   2 Input    1 Bit        Muxes := 8     
	   5 Input    1 Bit        Muxes := 19    
	   4 Input    1 Bit        Muxes := 4     
---------------------------------------------------------------------------------
Finished RTL Component Statistics 
---------------------------------------------------------------------------------
---------------------------------------------------------------------------------
Start Part Resource Summary
---------------------------------------------------------------------------------
Part Resources:
DSPs: 220 (col length:60)
BRAMs: 280 (col length: RAMB18 60 RAMB36 30)
---------------------------------------------------------------------------------
Finished Part Resource Summary
---------------------------------------------------------------------------------
---------------------------------------------------------------------------------
Start Cross Boundary and Area Optimization
---------------------------------------------------------------------------------
WARNING: [Synth 8-7080] Parallel synthesis criteria is not met
---------------------------------------------------------------------------------
Finished Cross Boundary and Area Optimization : Time (s): cpu = 00:00:10 ; elapsed = 00:00:13 . Memory (MB): peak = 2689.223 ; gain = 598.270 ; free physical = 52036 ; free virtual = 163424
Synthesis current peak Physical Memory [PSS] (MB): peak = 1874.883; parent = 1663.870; children = 211.013
Synthesis current peak Virtual Memory [VSS] (MB): peak = 3627.312; parent = 2657.211; children = 970.102
---------------------------------------------------------------------------------
---------------------------------------------------------------------------------
Start ROM, RAM, DSP, Shift Register and Retiming Reporting
---------------------------------------------------------------------------------

ROM: Preliminary Mapping Report
+--------------+--------------------------------+---------------+----------------+
|Module Name   | RTL Object                     | Depth x Width | Implemented As | 
+--------------+--------------------------------+---------------+----------------+
|probe_driver  | IntensityLut[0]                | 128x8         | LUT            | 
|CustomWrapper | u_probe_driver/IntensityLut[0] | 128x8         | LUT            | 
+--------------+--------------------------------+---------------+----------------+

---------------------------------------------------------------------------------
Finished ROM, RAM, DSP, Shift Register and Retiming Reporting
---------------------------------------------------------------------------------
---------------------------------------------------------------------------------
Start Applying XDC Timing Constraints
---------------------------------------------------------------------------------
---------------------------------------------------------------------------------
Finished Applying XDC Timing Constraints : Time (s): cpu = 00:00:13 ; elapsed = 00:00:16 . Memory (MB): peak = 2689.223 ; gain = 598.270 ; free physical = 51551 ; free virtual = 162940
Synthesis current peak Physical Memory [PSS] (MB): peak = 1978.734; parent = 1768.107; children = 211.013
Synthesis current peak Virtual Memory [VSS] (MB): peak = 3627.312; parent = 2657.211; children = 970.102
---------------------------------------------------------------------------------
---------------------------------------------------------------------------------
Start Timing Optimization
---------------------------------------------------------------------------------
---------------------------------------------------------------------------------
Finished Timing Optimization : Time (s): cpu = 00:00:13 ; elapsed = 00:00:16 . Memory (MB): peak = 2689.223 ; gain = 598.270 ; free physical = 51517 ; free virtual = 162905
Synthesis current peak Physical Memory [PSS] (MB): peak = 1978.941; parent = 1768.314; children = 211.013
Synthesis current peak Virtual Memory [VSS] (MB): peak = 3627.312; parent = 2657.211; children = 970.102
---------------------------------------------------------------------------------
---------------------------------------------------------------------------------
Start Technology Mapping
---------------------------------------------------------------------------------
---------------------------------------------------------------------------------
Finished Technology Mapping : Time (s): cpu = 00:00:14 ; elapsed = 00:00:16 . Memory (MB): peak = 2689.223 ; gain = 598.270 ; free physical = 51473 ; free virtual = 162862
Synthesis current peak Physical Memory [PSS] (MB): peak = 1980.164; parent = 1769.537; children = 211.013
Synthesis current peak Virtual Memory [VSS] (MB): peak = 3627.312; parent = 2657.211; children = 970.102
---------------------------------------------------------------------------------
---------------------------------------------------------------------------------
Start IO Insertion
---------------------------------------------------------------------------------
---------------------------------------------------------------------------------
Start Flattening Before IO Insertion
---------------------------------------------------------------------------------
---------------------------------------------------------------------------------
Finished Flattening Before IO Insertion
---------------------------------------------------------------------------------
---------------------------------------------------------------------------------
Start Final Netlist Cleanup
---------------------------------------------------------------------------------
---------------------------------------------------------------------------------
Finished Final Netlist Cleanup
---------------------------------------------------------------------------------
---------------------------------------------------------------------------------
Finished IO Insertion : Time (s): cpu = 00:00:16 ; elapsed = 00:00:19 . Memory (MB): peak = 2689.223 ; gain = 598.270 ; free physical = 50802 ; free virtual = 162191
Synthesis current peak Physical Memory [PSS] (MB): peak = 1980.164; parent = 1769.537; children = 211.013
Synthesis current peak Virtual Memory [VSS] (MB): peak = 3627.312; parent = 2657.211; children = 970.102
---------------------------------------------------------------------------------
---------------------------------------------------------------------------------
Start Renaming Generated Instances
---------------------------------------------------------------------------------
---------------------------------------------------------------------------------
Finished Renaming Generated Instances : Time (s): cpu = 00:00:16 ; elapsed = 00:00:19 . Memory (MB): peak = 2689.223 ; gain = 598.270 ; free physical = 50779 ; free virtual = 162168
Synthesis current peak Physical Memory [PSS] (MB): peak = 1980.164; parent = 1769.537; children = 211.013
Synthesis current peak Virtual Memory [VSS] (MB): peak = 3627.312; parent = 2657.211; children = 970.102
---------------------------------------------------------------------------------
---------------------------------------------------------------------------------
Start Rebuilding User Hierarchy
---------------------------------------------------------------------------------
---------------------------------------------------------------------------------
Finished Rebuilding User Hierarchy : Time (s): cpu = 00:00:16 ; elapsed = 00:00:19 . Memory (MB): peak = 2689.223 ; gain = 598.270 ; free physical = 50760 ; free virtual = 162149
Synthesis current peak Physical Memory [PSS] (MB): peak = 1980.164; parent = 1769.537; children = 211.013
Synthesis current peak Virtual Memory [VSS] (MB): peak = 3627.312; parent = 2657.211; children = 970.102
---------------------------------------------------------------------------------
---------------------------------------------------------------------------------
Start Renaming Generated Ports
---------------------------------------------------------------------------------
---------------------------------------------------------------------------------
Finished Renaming Generated Ports : Time (s): cpu = 00:00:16 ; elapsed = 00:00:19 . Memory (MB): peak = 2689.223 ; gain = 598.270 ; free physical = 50738 ; free virtual = 162127
Synthesis current peak Physical Memory [PSS] (MB): peak = 1980.164; parent = 1769.537; children = 211.013
Synthesis current peak Virtual Memory [VSS] (MB): peak = 3627.312; parent = 2657.211; children = 970.102
---------------------------------------------------------------------------------
---------------------------------------------------------------------------------
Start Handling Custom Attributes
---------------------------------------------------------------------------------
---------------------------------------------------------------------------------
Finished Handling Custom Attributes : Time (s): cpu = 00:00:16 ; elapsed = 00:00:19 . Memory (MB): peak = 2689.223 ; gain = 598.270 ; free physical = 50716 ; free virtual = 162106
Synthesis current peak Physical Memory [PSS] (MB): peak = 1980.164; parent = 1769.537; children = 211.013
Synthesis current peak Virtual Memory [VSS] (MB): peak = 3627.312; parent = 2657.211; children = 970.102
---------------------------------------------------------------------------------
---------------------------------------------------------------------------------
Start Renaming Generated Nets
---------------------------------------------------------------------------------
---------------------------------------------------------------------------------
Finished Renaming Generated Nets : Time (s): cpu = 00:00:16 ; elapsed = 00:00:19 . Memory (MB): peak = 2689.223 ; gain = 598.270 ; free physical = 50694 ; free virtual = 162083
Synthesis current peak Physical Memory [PSS] (MB): peak = 1980.164; parent = 1769.537; children = 211.013
Synthesis current peak Virtual Memory [VSS] (MB): peak = 3627.312; parent = 2657.211; children = 970.102
---------------------------------------------------------------------------------
---------------------------------------------------------------------------------
Start Writing Synthesis Report
---------------------------------------------------------------------------------

Report BlackBoxes: 
+-+--------------+----------+
| |BlackBox name |Instances |
+-+--------------+----------+
+-+--------------+----------+

Report Cell Usage: 
+------+-------+------+
|      |Cell   |Count |
+------+-------+------+
|1     |CARRY4 |    22|
|2     |LUT1   |    18|
|3     |LUT2   |    16|
|4     |LUT3   |    48|
|5     |LUT4   |    95|
|6     |LUT5   |    40|
|7     |LUT6   |    30|
|8     |FDRE   |   358|
|9     |FDSE   |    12|
+------+-------+------+
---------------------------------------------------------------------------------
Finished Writing Synthesis Report : Time (s): cpu = 00:00:16 ; elapsed = 00:00:20 . Memory (MB): peak = 2689.223 ; gain = 598.270 ; free physical = 50660 ; free virtual = 162049
Synthesis current peak Physical Memory [PSS] (MB): peak = 1980.164; parent = 1769.537; children = 211.013
Synthesis current peak Virtual Memory [VSS] (MB): peak = 3627.312; parent = 2657.211; children = 970.102
---------------------------------------------------------------------------------
Synthesis finished with 0 errors, 0 critical warnings and 603 warnings.
Synthesis Optimization Runtime : Time (s): cpu = 00:00:15 ; elapsed = 00:00:18 . Memory (MB): peak = 2689.223 ; gain = 459.531 ; free physical = 50648 ; free virtual = 162038
Synthesis Optimization Complete : Time (s): cpu = 00:00:16 ; elapsed = 00:00:20 . Memory (MB): peak = 2689.223 ; gain = 598.270 ; free physical = 50609 ; free virtual = 161999
INFO: [Project 1-571] Translating synthesized netlist
CRITICAL WARNING: [Project 1-840] The design checkpoint file '/workspace/02f5ed39-d4b0-416f-a193-5923a88bbe41/ipcores/FFT_1024.dcp' was generated for an IP by an out of context synthesis run and should not be used directly as a source in a Vivado flow. Constraints and other files related to the IP are only stored in the xci/xcix, not the checkpoint. It is strongly recommended that the original IP source file (.xci/.xcix) be used.
CRITICAL WARNING: [Project 1-840] The design checkpoint file '/workspace/02f5ed39-d4b0-416f-a193-5923a88bbe41/ipcores/SineGen_48.dcp' was generated for an IP by an out of context synthesis run and should not be used directly as a source in a Vivado flow. Constraints and other files related to the IP are only stored in the xci/xcix, not the checkpoint. It is strongly recommended that the original IP source file (.xci/.xcix) be used.
Netlist sorting complete. Time (s): cpu = 00:00:00.01 ; elapsed = 00:00:00 . Memory (MB): peak = 2689.223 ; gain = 0.000 ; free physical = 50698 ; free virtual = 162088
INFO: [Netlist 29-17] Analyzing 22 Unisim elements for replacement
INFO: [Netlist 29-28] Unisim Transformation completed in 0 CPU seconds
INFO: [Project 1-570] Preparing netlist for logic optimization
INFO: [Opt 31-138] Pushed 0 inverter(s) to 0 load pin(s).
Netlist sorting complete. Time (s): cpu = 00:00:00 ; elapsed = 00:00:00 . Memory (MB): peak = 2689.223 ; gain = 0.000 ; free physical = 50520 ; free virtual = 161910
INFO: [Project 1-111] Unisim Transformation Summary:
No Unisim elements were transformed.

Synth Design complete, checksum: f9f94ba1
INFO: [Common 17-83] Releasing license: Synthesis
33 Infos, 153 Warnings, 5 Critical Warnings and 0 Errors encountered.
synth_design completed successfully
synth_design: Time (s): cpu = 00:00:22 ; elapsed = 00:00:26 . Memory (MB): peak = 2689.223 ; gain = 963.066 ; free physical = 50690 ; free virtual = 162080
# write_edif -force custom.edf
Netlist sorting complete. Time (s): cpu = 00:00:00 ; elapsed = 00:00:00 . Memory (MB): peak = 2689.223 ; gain = 0.000 ; free physical = 50689 ; free virtual = 162080
INFO: [Common 17-206] Exiting Vivado at Thu Oct  2 23:40:05 2025...
