#-----------------------------------------------------------
# Vivado v2022.2_AR000035739_AR000034905 (64-bit)
# SW Build 3671981 on Fri Oct 14 04:59:54 MDT 2022
# IP Build 3669848 on Fri Oct 14 08:30:02 MDT 2022
# Start of session at: Tue Oct 21 01:39:20 2025
# Process ID: 990463
# Current directory: /workspace/9840bf98-9119-45dd-9f7e-5d446333038f/output
# Command line: vivado -log synthesis.log -nojournal -mode batch -source /deps/compile/scripts/tcl/synth.tcl -tclargs /deps/compile 40 xc7z020clg400-1 mokugo /workspace/9840bf98-9119-45dd-9f7e-5d446333038f/src /workspace/9840bf98-9119-45dd-9f7e-5d446333038f/lib /workspace/9840bf98-9119-45dd-9f7e-5d446333038f/ipcores 2 3 0 4 4 5 3 2 0
# Log file: /workspace/9840bf98-9119-45dd-9f7e-5d446333038f/output/synthesis.log
# Journal file: 
# Running On: mcc-workers-7446cfdb8d-zldv5, OS: Linux, CPU Frequency: 3393.624 MHz, CPU Physical cores: 28, Host memory: 118146 MB
#-----------------------------------------------------------
source /deps/compile/scripts/tcl/synth.tcl
# set TOP_DIR [lindex $argv 0]
# set HW_VER [lindex $argv 1]
# set HG_PART [lindex $argv 2]
# set HG_BOARD [lindex $argv 3]
# set SRC_DIR [lindex $argv 4]
# set LIB_DIR [lindex $argv 5]
# set IP_DCP_DIR [lindex $argv 6]
# set NUM_INS [lindex $argv 7]
# set NUM_OUTS [lindex $argv 8]
# set NUM_MONS [lindex $argv 9]
# set IN_LANES [lindex $argv 10]
# set OUT_LANES [lindex $argv 11]
# set NUM_SLOT_INS [lindex $argv 12]
# set NUM_SLOT_OUTS [lindex $argv 13]
# set NUM_CBUFS [lindex $argv 14]
# set VARIANT [lindex $argv 15]
# set_part $HG_PART
INFO: [Coretcl 2-1500] The part has been set to 'xc7z020clg400-1' for the current project only. Run set_part -help for more details. To evaluate different speed grades in the current design, use the set_speed_grade command, or use the open_checkpoint -part command to change the part used by an existing checkpoint design.
# read_vhdl -vhdl2008 [glob $LIB_DIR/Instrument.vhd]
# read_vhdl -vhdl2008 [glob $LIB_DIR/AXITypes.vhd]
# read_vhdl -vhdl2008 [glob $LIB_DIR/InterlacingSupport.vhd]
# read_vhdl -vhdl2008 [glob $LIB_DIR/MemoryMapSPI.vhd]
# read_vhdl -vhdl2008 [glob $LIB_DIR/InstrumentCC.vhd]
# read_vhdl -vhdl2008 [glob $LIB_DIR/MercurySupport.vhd]
# read_vhdl -vhdl2008 [glob $LIB_DIR/MokuSupport.vhd]
# set INCLUDE_ENTITY_DEFN 1
# source $TOP_DIR/utilities/utilities.tcl
## proc findFiles { basedir pattern } {
## 
##     # Fix the directory name, this ensures the directory name is in the
##     # native format for the platform and contains a final directory seperator
##     set basedir [string trimright [file join [file normalize $basedir] { }]]
##     set fileList {}
## 
##     # Look in the current directory for matching files, -type {f r}
##     # means ony readable normal files are looked at, -nocomplain stops
##     # an error being thrown if the returned list is empty
##     foreach fileName [glob -nocomplain -type {f r} -path $basedir $pattern] {
##         lappend fileList $fileName
##     }
## 
##     # Now look for any sub direcories in the current directory
##     foreach dirName [glob -nocomplain -type {d  r} -path $basedir *] {
##         # Recusively call the routine on the sub directory and append any
##         # new files to the results
##         set subDirList [findFiles $dirName $pattern]
##         if { [llength $subDirList] > 0 } {
##             foreach subDirFile $subDirList {
##                 lappend fileList $subDirFile
##             }
##         }
##     }
##     return $fileList
##  }
# set VHDL_SRC [findFiles $SRC_DIR "*.vhd"]
# if {[llength $VHDL_SRC] > 0} {
#     # Prevent re-definition of CustomWrapper; 
#     # without this check, Vivado or this suite of 
#     # scripts will not report any errors and will 
#     # still generate the deployable bitstream.
#     # see https://liquidinstruments.atlassian.net/browse/SW-398
#     foreach VHDL_FILE $VHDL_SRC {
#         if {[catch {exec grep -qi "entity CustomWrapper is" $VHDL_FILE} result] == 0} {
#             puts "Error: The entity 'CustomWrapper' is already defined in the library."
#             exit 1
#         }
#     }
#     read_vhdl -vhdl2008 $VHDL_SRC
# }
# set VERILOG_SRC [findFiles $SRC_DIR "*.v"]
# if {[llength $VERILOG_SRC] > 0} {
#     read_verilog $VERILOG_SRC
#     set_property file_type {SystemVerilog} [get_files $VERILOG_SRC]
#     foreach V_FILE $VERILOG_SRC {
#         if {[catch {exec grep -qi "module CustomWrapper" $V_FILE} result] == 0} {
#             set INCLUDE_ENTITY_DEFN 0
#         }
#     }
# }
# if {$INCLUDE_ENTITY_DEFN == 1} {
#     read_vhdl -vhdl2008 [glob $LIB_DIR/CustomWrapper.vhd]
# }
# set ip_dcps [glob -nocomplain $IP_DCP_DIR/*.dcp *.dcp]
# puts $ip_dcps
/workspace/9840bf98-9119-45dd-9f7e-5d446333038f/ipcores/AddSubtract_16.dcp /workspace/9840bf98-9119-45dd-9f7e-5d446333038f/ipcores/CIC_Dec_3Ordx8.dcp /workspace/9840bf98-9119-45dd-9f7e-5d446333038f/ipcores/Cordic_Translate_16.dcp /workspace/9840bf98-9119-45dd-9f7e-5d446333038f/ipcores/Counter_32.dcp /workspace/9840bf98-9119-45dd-9f7e-5d446333038f/ipcores/FFT_1024.dcp /workspace/9840bf98-9119-45dd-9f7e-5d446333038f/ipcores/FFT_65536.dcp /workspace/9840bf98-9119-45dd-9f7e-5d446333038f/ipcores/FIR_Filter_7coef.dcp /workspace/9840bf98-9119-45dd-9f7e-5d446333038f/ipcores/SineGen_48.dcp
# foreach dcp $ip_dcps {
# 	read_checkpoint $dcp
# }
Command: read_checkpoint /workspace/9840bf98-9119-45dd-9f7e-5d446333038f/ipcores/AddSubtract_16.dcp
Command: read_checkpoint /workspace/9840bf98-9119-45dd-9f7e-5d446333038f/ipcores/CIC_Dec_3Ordx8.dcp
Command: read_checkpoint /workspace/9840bf98-9119-45dd-9f7e-5d446333038f/ipcores/Cordic_Translate_16.dcp
Command: read_checkpoint /workspace/9840bf98-9119-45dd-9f7e-5d446333038f/ipcores/Counter_32.dcp
Command: read_checkpoint /workspace/9840bf98-9119-45dd-9f7e-5d446333038f/ipcores/FFT_1024.dcp
CRITICAL WARNING: [Vivado 12-5469] The design checkpoint file '/workspace/9840bf98-9119-45dd-9f7e-5d446333038f/ipcores/FFT_1024.dcp' was generated for an IP by an out of context synthesis run and should not directly be used as a source in a Vivado flow. It is strongly recommended that that the original IP source file (.xci) be used.
Command: read_checkpoint /workspace/9840bf98-9119-45dd-9f7e-5d446333038f/ipcores/FFT_65536.dcp
Command: read_checkpoint /workspace/9840bf98-9119-45dd-9f7e-5d446333038f/ipcores/FIR_Filter_7coef.dcp
Command: read_checkpoint /workspace/9840bf98-9119-45dd-9f7e-5d446333038f/ipcores/SineGen_48.dcp
CRITICAL WARNING: [Vivado 12-5469] The design checkpoint file '/workspace/9840bf98-9119-45dd-9f7e-5d446333038f/ipcores/SineGen_48.dcp' was generated for an IP by an out of context synthesis run and should not directly be used as a source in a Vivado flow. It is strongly recommended that that the original IP source file (.xci) be used.
# set_property library Moku [get_files -all -of_objects [get_filesets sources_1]]
# set_property top Instrument [current_fileset]
# set_property top_lib xil_defaultlib [current_fileset]
# set_property top_arch Custom [current_fileset]
# set_property top_file Top [current_fileset]
# set_property generic "HW_VER=$HW_VER NUM_INS=$NUM_INS NUM_OUTS=$NUM_OUTS NUM_MONS=$NUM_MONS IN_LANES=$IN_LANES OUT_LANES=$OUT_LANES NUM_SLOT_INS=$NUM_SLOT_INS NUM_SLOT_OUTS=$NUM_SLOT_OUTS NUM_CBUFS=$NUM_CBUFS VARIANT=$VARIANT" [current_fileset]
# synth_design -mode out_of_context -flatten_hierarchy rebuilt
Command: synth_design -mode out_of_context -flatten_hierarchy rebuilt
Starting synth_design
Using part: xc7z020clg400-1
Top: Instrument
Attempting to get a license for feature 'Synthesis' and/or device 'xc7z020'
INFO: [Common 17-349] Got license for feature 'Synthesis' and/or device 'xc7z020'
INFO: [Device 21-403] Loading part xc7z020clg400-1
INFO: [Synth 8-7079] Multithreading enabled for synth_design using a maximum of 4 processes.
INFO: [Synth 8-7078] Launching helper process for spawning children vivado processes
INFO: [Synth 8-7075] Helper process launched with PID 990482
INFO: [Synth 8-11241] undeclared symbol 'REGCCE', assumed default net type 'wire' [/opt/Xilinx/Vivado/2022.2/data/verilog/src/unimacro/BRAM_SINGLE_MACRO.v:2170]
---------------------------------------------------------------------------------
Starting RTL Elaboration : Time (s): cpu = 00:00:02 ; elapsed = 00:00:03 . Memory (MB): peak = 2456.191 ; gain = 365.719 ; free physical = 81894 ; free virtual = 168800
Synthesis current peak Physical Memory [PSS] (MB): peak = 2041.503; parent = 1780.483; children = 261.020
Synthesis current peak Virtual Memory [VSS] (MB): peak = 3423.160; parent = 2456.195; children = 966.965
---------------------------------------------------------------------------------
CRITICAL WARNING: [Synth 8-9871] overwriting existing primary unit 'scaleoffset2' [/workspace/9840bf98-9119-45dd-9f7e-5d446333038f/lib/MokuSupport.vhd:391]
WARNING: [Synth 8-9963] re-analyze unit 'behavioral' since unit 'scaleoffset2' is overwritten or removed [/workspace/9840bf98-9119-45dd-9f7e-5d446333038f/lib/MercurySupport.vhd:932]
INFO: [Synth 8-638] synthesizing module 'Instrument' [/workspace/9840bf98-9119-45dd-9f7e-5d446333038f/lib/InstrumentCC.vhd:7]
	Parameter HW_VER bound to: 40 - type: integer 
	Parameter NUM_INS bound to: 2 - type: integer 
	Parameter NUM_OUTS bound to: 3 - type: integer 
	Parameter NUM_MONS bound to: 0 - type: integer 
	Parameter IN_LANES bound to: 4 - type: integer 
	Parameter OUT_LANES bound to: 4 - type: integer 
	Parameter NUM_SLOT_INS bound to: 5 - type: integer 
	Parameter NUM_SLOT_OUTS bound to: 3 - type: integer 
	Parameter NUM_CBUFS bound to: 2 - type: integer 
	Parameter VARIANT bound to: 0 - type: integer 
INFO: [Synth 8-638] synthesizing module 'InstrumentPortAdapter' [/workspace/9840bf98-9119-45dd-9f7e-5d446333038f/lib/Instrument.vhd:84]
	Parameter HW_VER bound to: 40 - type: integer 
	Parameter IN_LANES bound to: 4 - type: integer 
	Parameter OUT_LANES bound to: 4 - type: integer 
	Parameter NUM_SLOT_INS bound to: 5 - type: integer 
	Parameter NUM_SLOT_OUTS bound to: 3 - type: integer 
	Parameter NUM_CBUFS bound to: 2 - type: integer 
INFO: [Synth 8-256] done synthesizing module 'InstrumentPortAdapter' (0#1) [/workspace/9840bf98-9119-45dd-9f7e-5d446333038f/lib/Instrument.vhd:84]
INFO: [Synth 8-638] synthesizing module 'MemoryMapSPI' [/workspace/9840bf98-9119-45dd-9f7e-5d446333038f/lib/MemoryMapSPI.vhd:33]
	Parameter NUM_REGS bound to: 17 - type: integer 
	Parameter NUM_META_REGS bound to: 2 - type: integer 
INFO: [Synth 8-256] done synthesizing module 'MemoryMapSPI' (0#1) [/workspace/9840bf98-9119-45dd-9f7e-5d446333038f/lib/MemoryMapSPI.vhd:33]
INFO: [Synth 8-638] synthesizing module 'CustomWrapper' [/workspace/9840bf98-9119-45dd-9f7e-5d446333038f/lib/CustomWrapper.vhd:7]
INFO: [Synth 8-256] done synthesizing module 'CustomWrapper' (0#1) [/workspace/9840bf98-9119-45dd-9f7e-5d446333038f/lib/CustomWrapper.vhd:7]
INFO: [Synth 8-256] done synthesizing module 'Instrument' (0#1) [/workspace/9840bf98-9119-45dd-9f7e-5d446333038f/lib/InstrumentCC.vhd:7]
WARNING: [Synth 8-6014] Unused sequential element StatusWriteStrobe_reg was removed.  [/workspace/9840bf98-9119-45dd-9f7e-5d446333038f/lib/MemoryMapSPI.vhd:174]
WARNING: [Synth 8-6014] Unused sequential element StatusWriteStrobeDly_reg was removed.  [/workspace/9840bf98-9119-45dd-9f7e-5d446333038f/lib/MemoryMapSPI.vhd:176]
WARNING: [Synth 8-6014] Unused sequential element StatusValue_reg[0] was removed.  [/workspace/9840bf98-9119-45dd-9f7e-5d446333038f/lib/MemoryMapSPI.vhd:181]
WARNING: [Synth 8-3848] Net Control[0][ReadStrobe] in module/entity MemoryMapSPI does not have driver. [/workspace/9840bf98-9119-45dd-9f7e-5d446333038f/lib/MemoryMapSPI.vhd:23]
WARNING: [Synth 8-3848] Net Control[1][ReadStrobe] in module/entity MemoryMapSPI does not have driver. [/workspace/9840bf98-9119-45dd-9f7e-5d446333038f/lib/MemoryMapSPI.vhd:23]
WARNING: [Synth 8-3848] Net Control[2][ReadStrobe] in module/entity MemoryMapSPI does not have driver. [/workspace/9840bf98-9119-45dd-9f7e-5d446333038f/lib/MemoryMapSPI.vhd:23]
WARNING: [Synth 8-3848] Net Control[3][ReadStrobe] in module/entity MemoryMapSPI does not have driver. [/workspace/9840bf98-9119-45dd-9f7e-5d446333038f/lib/MemoryMapSPI.vhd:23]
WARNING: [Synth 8-3848] Net Control[4][ReadStrobe] in module/entity MemoryMapSPI does not have driver. [/workspace/9840bf98-9119-45dd-9f7e-5d446333038f/lib/MemoryMapSPI.vhd:23]
WARNING: [Synth 8-3848] Net Control[5][ReadStrobe] in module/entity MemoryMapSPI does not have driver. [/workspace/9840bf98-9119-45dd-9f7e-5d446333038f/lib/MemoryMapSPI.vhd:23]
WARNING: [Synth 8-3848] Net Control[6][ReadStrobe] in module/entity MemoryMapSPI does not have driver. [/workspace/9840bf98-9119-45dd-9f7e-5d446333038f/lib/MemoryMapSPI.vhd:23]
WARNING: [Synth 8-3848] Net Control[7][ReadStrobe] in module/entity MemoryMapSPI does not have driver. [/workspace/9840bf98-9119-45dd-9f7e-5d446333038f/lib/MemoryMapSPI.vhd:23]
WARNING: [Synth 8-3848] Net Control[8][ReadStrobe] in module/entity MemoryMapSPI does not have driver. [/workspace/9840bf98-9119-45dd-9f7e-5d446333038f/lib/MemoryMapSPI.vhd:23]
WARNING: [Synth 8-3848] Net Control[9][ReadStrobe] in module/entity MemoryMapSPI does not have driver. [/workspace/9840bf98-9119-45dd-9f7e-5d446333038f/lib/MemoryMapSPI.vhd:23]
WARNING: [Synth 8-3848] Net Control[10][ReadStrobe] in module/entity MemoryMapSPI does not have driver. [/workspace/9840bf98-9119-45dd-9f7e-5d446333038f/lib/MemoryMapSPI.vhd:23]
WARNING: [Synth 8-3848] Net Control[11][ReadStrobe] in module/entity MemoryMapSPI does not have driver. [/workspace/9840bf98-9119-45dd-9f7e-5d446333038f/lib/MemoryMapSPI.vhd:23]
WARNING: [Synth 8-3848] Net Control[12][ReadStrobe] in module/entity MemoryMapSPI does not have driver. [/workspace/9840bf98-9119-45dd-9f7e-5d446333038f/lib/MemoryMapSPI.vhd:23]
WARNING: [Synth 8-3848] Net Control[13][ReadStrobe] in module/entity MemoryMapSPI does not have driver. [/workspace/9840bf98-9119-45dd-9f7e-5d446333038f/lib/MemoryMapSPI.vhd:23]
WARNING: [Synth 8-3848] Net Control[14][ReadStrobe] in module/entity MemoryMapSPI does not have driver. [/workspace/9840bf98-9119-45dd-9f7e-5d446333038f/lib/MemoryMapSPI.vhd:23]
WARNING: [Synth 8-3848] Net Control[15][ReadStrobe] in module/entity MemoryMapSPI does not have driver. [/workspace/9840bf98-9119-45dd-9f7e-5d446333038f/lib/MemoryMapSPI.vhd:23]
WARNING: [Synth 8-3848] Net Control[16][ReadStrobe] in module/entity MemoryMapSPI does not have driver. [/workspace/9840bf98-9119-45dd-9f7e-5d446333038f/lib/MemoryMapSPI.vhd:23]
WARNING: [Synth 8-3848] Net MetaControl[0][ReadStrobe] in module/entity MemoryMapSPI does not have driver. [/workspace/9840bf98-9119-45dd-9f7e-5d446333038f/lib/MemoryMapSPI.vhd:24]
WARNING: [Synth 8-3848] Net MetaControl[1][ReadStrobe] in module/entity MemoryMapSPI does not have driver. [/workspace/9840bf98-9119-45dd-9f7e-5d446333038f/lib/MemoryMapSPI.vhd:24]
WARNING: [Synth 8-6014] Unused sequential element AInSelect_reg[0][Data][1] was removed.  [/workspace/9840bf98-9119-45dd-9f7e-5d446333038f/lib/InstrumentCC.vhd:82]
WARNING: [Synth 8-6014] Unused sequential element AInSelect_reg[0][Data][2] was removed.  [/workspace/9840bf98-9119-45dd-9f7e-5d446333038f/lib/InstrumentCC.vhd:82]
WARNING: [Synth 8-6014] Unused sequential element AInSelect_reg[0][Data][3] was removed.  [/workspace/9840bf98-9119-45dd-9f7e-5d446333038f/lib/InstrumentCC.vhd:82]
WARNING: [Synth 8-6014] Unused sequential element AInSelect_reg[0][Valid] was removed.  [/workspace/9840bf98-9119-45dd-9f7e-5d446333038f/lib/InstrumentCC.vhd:82]
WARNING: [Synth 8-6014] Unused sequential element AInSelect_reg[1][Data][1] was removed.  [/workspace/9840bf98-9119-45dd-9f7e-5d446333038f/lib/InstrumentCC.vhd:82]
WARNING: [Synth 8-6014] Unused sequential element AInSelect_reg[1][Data][2] was removed.  [/workspace/9840bf98-9119-45dd-9f7e-5d446333038f/lib/InstrumentCC.vhd:82]
WARNING: [Synth 8-6014] Unused sequential element AInSelect_reg[1][Data][3] was removed.  [/workspace/9840bf98-9119-45dd-9f7e-5d446333038f/lib/InstrumentCC.vhd:82]
WARNING: [Synth 8-6014] Unused sequential element AInSelect_reg[1][Valid] was removed.  [/workspace/9840bf98-9119-45dd-9f7e-5d446333038f/lib/InstrumentCC.vhd:82]
WARNING: [Synth 8-6014] Unused sequential element AInSelect_reg[2][Data][1] was removed.  [/workspace/9840bf98-9119-45dd-9f7e-5d446333038f/lib/InstrumentCC.vhd:82]
WARNING: [Synth 8-6014] Unused sequential element AInSelect_reg[2][Data][2] was removed.  [/workspace/9840bf98-9119-45dd-9f7e-5d446333038f/lib/InstrumentCC.vhd:82]
WARNING: [Synth 8-6014] Unused sequential element AInSelect_reg[2][Data][3] was removed.  [/workspace/9840bf98-9119-45dd-9f7e-5d446333038f/lib/InstrumentCC.vhd:82]
WARNING: [Synth 8-6014] Unused sequential element AInSelect_reg[2][Valid] was removed.  [/workspace/9840bf98-9119-45dd-9f7e-5d446333038f/lib/InstrumentCC.vhd:82]
WARNING: [Synth 8-6014] Unused sequential element AInSelect_reg[3][Data][1] was removed.  [/workspace/9840bf98-9119-45dd-9f7e-5d446333038f/lib/InstrumentCC.vhd:82]
WARNING: [Synth 8-6014] Unused sequential element AInSelect_reg[3][Data][2] was removed.  [/workspace/9840bf98-9119-45dd-9f7e-5d446333038f/lib/InstrumentCC.vhd:82]
WARNING: [Synth 8-6014] Unused sequential element AInSelect_reg[3][Data][3] was removed.  [/workspace/9840bf98-9119-45dd-9f7e-5d446333038f/lib/InstrumentCC.vhd:82]
WARNING: [Synth 8-6014] Unused sequential element AInSelect_reg[3][Valid] was removed.  [/workspace/9840bf98-9119-45dd-9f7e-5d446333038f/lib/InstrumentCC.vhd:82]
WARNING: [Synth 8-6014] Unused sequential element WrapperOutDly_reg[3][Data] was removed.  [/workspace/9840bf98-9119-45dd-9f7e-5d446333038f/lib/InstrumentCC.vhd:136]
WARNING: [Synth 8-6014] Unused sequential element WrapperOutDly_reg[3][Valid] was removed.  [/workspace/9840bf98-9119-45dd-9f7e-5d446333038f/lib/InstrumentCC.vhd:136]
WARNING: [Synth 8-6014] Unused sequential element WrapperOut_reg[1][Valid] was removed.  [/workspace/9840bf98-9119-45dd-9f7e-5d446333038f/lib/InstrumentCC.vhd:102]
WARNING: [Synth 8-6014] Unused sequential element WrapperOut_reg[2][Valid] was removed.  [/workspace/9840bf98-9119-45dd-9f7e-5d446333038f/lib/InstrumentCC.vhd:102]
WARNING: [Synth 8-6014] Unused sequential element WrapperOutDly_reg[1][Valid] was removed.  [/workspace/9840bf98-9119-45dd-9f7e-5d446333038f/lib/InstrumentCC.vhd:136]
WARNING: [Synth 8-6014] Unused sequential element WrapperOutDly_reg[2][Valid] was removed.  [/workspace/9840bf98-9119-45dd-9f7e-5d446333038f/lib/InstrumentCC.vhd:136]
WARNING: [Synth 8-7129] Port Control[0][ReadStrobe] in module MemoryMapSPI is either unconnected or has no load
WARNING: [Synth 8-7129] Port Control[1][ReadStrobe] in module MemoryMapSPI is either unconnected or has no load
WARNING: [Synth 8-7129] Port Control[2][ReadStrobe] in module MemoryMapSPI is either unconnected or has no load
WARNING: [Synth 8-7129] Port Control[3][ReadStrobe] in module MemoryMapSPI is either unconnected or has no load
WARNING: [Synth 8-7129] Port Control[4][ReadStrobe] in module MemoryMapSPI is either unconnected or has no load
WARNING: [Synth 8-7129] Port Control[5][ReadStrobe] in module MemoryMapSPI is either unconnected or has no load
WARNING: [Synth 8-7129] Port Control[6][ReadStrobe] in module MemoryMapSPI is either unconnected or has no load
WARNING: [Synth 8-7129] Port Control[7][ReadStrobe] in module MemoryMapSPI is either unconnected or has no load
WARNING: [Synth 8-7129] Port Control[8][ReadStrobe] in module MemoryMapSPI is either unconnected or has no load
WARNING: [Synth 8-7129] Port Control[9][ReadStrobe] in module MemoryMapSPI is either unconnected or has no load
WARNING: [Synth 8-7129] Port Control[10][ReadStrobe] in module MemoryMapSPI is either unconnected or has no load
WARNING: [Synth 8-7129] Port Control[11][ReadStrobe] in module MemoryMapSPI is either unconnected or has no load
WARNING: [Synth 8-7129] Port Control[12][ReadStrobe] in module MemoryMapSPI is either unconnected or has no load
WARNING: [Synth 8-7129] Port Control[13][ReadStrobe] in module MemoryMapSPI is either unconnected or has no load
WARNING: [Synth 8-7129] Port Control[14][ReadStrobe] in module MemoryMapSPI is either unconnected or has no load
WARNING: [Synth 8-7129] Port Control[15][ReadStrobe] in module MemoryMapSPI is either unconnected or has no load
WARNING: [Synth 8-7129] Port Control[16][ReadStrobe] in module MemoryMapSPI is either unconnected or has no load
WARNING: [Synth 8-7129] Port MetaControl[0][ReadStrobe] in module MemoryMapSPI is either unconnected or has no load
WARNING: [Synth 8-7129] Port MetaControl[1][ReadStrobe] in module MemoryMapSPI is either unconnected or has no load
---------------------------------------------------------------------------------
Finished RTL Elaboration : Time (s): cpu = 00:00:03 ; elapsed = 00:00:04 . Memory (MB): peak = 2531.160 ; gain = 440.688 ; free physical = 81973 ; free virtual = 168880
Synthesis current peak Physical Memory [PSS] (MB): peak = 2041.503; parent = 1780.483; children = 261.020
Synthesis current peak Virtual Memory [VSS] (MB): peak = 3498.129; parent = 2531.164; children = 966.965
---------------------------------------------------------------------------------
---------------------------------------------------------------------------------
Start Handling Custom Attributes
---------------------------------------------------------------------------------
---------------------------------------------------------------------------------
Finished Handling Custom Attributes : Time (s): cpu = 00:00:03 ; elapsed = 00:00:04 . Memory (MB): peak = 2546.004 ; gain = 455.531 ; free physical = 81974 ; free virtual = 168880
Synthesis current peak Physical Memory [PSS] (MB): peak = 2041.503; parent = 1780.483; children = 261.020
Synthesis current peak Virtual Memory [VSS] (MB): peak = 3512.973; parent = 2546.008; children = 966.965
---------------------------------------------------------------------------------
---------------------------------------------------------------------------------
Finished RTL Optimization Phase 1 : Time (s): cpu = 00:00:03 ; elapsed = 00:00:04 . Memory (MB): peak = 2546.004 ; gain = 455.531 ; free physical = 81973 ; free virtual = 168880
Synthesis current peak Physical Memory [PSS] (MB): peak = 2041.503; parent = 1780.483; children = 261.020
Synthesis current peak Virtual Memory [VSS] (MB): peak = 3512.973; parent = 2546.008; children = 966.965
---------------------------------------------------------------------------------
CRITICAL WARNING: [Project 1-840] The design checkpoint file '/workspace/9840bf98-9119-45dd-9f7e-5d446333038f/ipcores/FFT_1024.dcp' was generated for an IP by an out of context synthesis run and should not be used directly as a source in a Vivado flow. Constraints and other files related to the IP are only stored in the xci/xcix, not the checkpoint. It is strongly recommended that the original IP source file (.xci/.xcix) be used.
CRITICAL WARNING: [Project 1-840] The design checkpoint file '/workspace/9840bf98-9119-45dd-9f7e-5d446333038f/ipcores/SineGen_48.dcp' was generated for an IP by an out of context synthesis run and should not be used directly as a source in a Vivado flow. Constraints and other files related to the IP are only stored in the xci/xcix, not the checkpoint. It is strongly recommended that the original IP source file (.xci/.xcix) be used.
Netlist sorting complete. Time (s): cpu = 00:00:00.01 ; elapsed = 00:00:00.02 . Memory (MB): peak = 2546.004 ; gain = 0.000 ; free physical = 81973 ; free virtual = 168879
INFO: [Project 1-570] Preparing netlist for logic optimization

Processing XDC Constraints
Initializing timing engine
Completed Processing XDC Constraints

Netlist sorting complete. Time (s): cpu = 00:00:00 ; elapsed = 00:00:00 . Memory (MB): peak = 2689.742 ; gain = 0.000 ; free physical = 81900 ; free virtual = 168806
INFO: [Project 1-111] Unisim Transformation Summary:
No Unisim elements were transformed.

Constraint Validation Runtime : Time (s): cpu = 00:00:00 ; elapsed = 00:00:00 . Memory (MB): peak = 2689.742 ; gain = 0.000 ; free physical = 81899 ; free virtual = 168805
INFO: [Synth 8-11241] undeclared symbol 'REGCCE', assumed default net type 'wire' [/opt/Xilinx/Vivado/2022.2/data/verilog/src/unimacro/BRAM_SINGLE_MACRO.v:2170]
---------------------------------------------------------------------------------
Finished Constraint Validation : Time (s): cpu = 00:00:07 ; elapsed = 00:00:09 . Memory (MB): peak = 2689.742 ; gain = 599.270 ; free physical = 81955 ; free virtual = 168861
Synthesis current peak Physical Memory [PSS] (MB): peak = 2041.503; parent = 1780.483; children = 261.020
Synthesis current peak Virtual Memory [VSS] (MB): peak = 3624.695; parent = 2657.730; children = 966.965
---------------------------------------------------------------------------------
---------------------------------------------------------------------------------
Start Loading Part and Timing Information
---------------------------------------------------------------------------------
Loading part: xc7z020clg400-1
---------------------------------------------------------------------------------
Finished Loading Part and Timing Information : Time (s): cpu = 00:00:07 ; elapsed = 00:00:09 . Memory (MB): peak = 2689.742 ; gain = 599.270 ; free physical = 81955 ; free virtual = 168861
Synthesis current peak Physical Memory [PSS] (MB): peak = 2041.503; parent = 1780.483; children = 261.020
Synthesis current peak Virtual Memory [VSS] (MB): peak = 3624.695; parent = 2657.730; children = 966.965
---------------------------------------------------------------------------------
---------------------------------------------------------------------------------
Start Applying 'set_property' XDC Constraints
---------------------------------------------------------------------------------
---------------------------------------------------------------------------------
Finished applying 'set_property' XDC Constraints : Time (s): cpu = 00:00:07 ; elapsed = 00:00:09 . Memory (MB): peak = 2689.742 ; gain = 599.270 ; free physical = 81955 ; free virtual = 168861
Synthesis current peak Physical Memory [PSS] (MB): peak = 2041.503; parent = 1780.483; children = 261.020
Synthesis current peak Virtual Memory [VSS] (MB): peak = 3624.695; parent = 2657.730; children = 966.965
---------------------------------------------------------------------------------
---------------------------------------------------------------------------------
Finished RTL Optimization Phase 2 : Time (s): cpu = 00:00:08 ; elapsed = 00:00:09 . Memory (MB): peak = 2689.742 ; gain = 599.270 ; free physical = 81941 ; free virtual = 168849
Synthesis current peak Physical Memory [PSS] (MB): peak = 2041.503; parent = 1780.483; children = 261.020
Synthesis current peak Virtual Memory [VSS] (MB): peak = 3624.695; parent = 2657.730; children = 966.965
---------------------------------------------------------------------------------
---------------------------------------------------------------------------------
Start RTL Component Statistics 
---------------------------------------------------------------------------------
Detailed RTL Component Info : 
+---Adders : 
	   3 Input   18 Bit       Adders := 9     
	   2 Input   18 Bit       Adders := 3     
	   2 Input    5 Bit       Adders := 1     
+---Registers : 
	               32 Bit    Registers := 24    
	               24 Bit    Registers := 1     
	               17 Bit    Registers := 2     
	               16 Bit    Registers := 19    
	                5 Bit    Registers := 1     
	                2 Bit    Registers := 5     
	                1 Bit    Registers := 17    
+---Muxes : 
	   2 Input   32 Bit        Muxes := 7     
	   3 Input   32 Bit        Muxes := 1     
	   2 Input   17 Bit        Muxes := 1     
	   2 Input   16 Bit        Muxes := 12    
	   2 Input    2 Bit        Muxes := 1     
	   3 Input    1 Bit        Muxes := 2     
	   2 Input    1 Bit        Muxes := 6     
	   5 Input    1 Bit        Muxes := 19    
---------------------------------------------------------------------------------
Finished RTL Component Statistics 
---------------------------------------------------------------------------------
---------------------------------------------------------------------------------
Start Part Resource Summary
---------------------------------------------------------------------------------
Part Resources:
DSPs: 220 (col length:60)
BRAMs: 280 (col length: RAMB18 60 RAMB36 30)
---------------------------------------------------------------------------------
Finished Part Resource Summary
---------------------------------------------------------------------------------
---------------------------------------------------------------------------------
Start Cross Boundary and Area Optimization
---------------------------------------------------------------------------------
WARNING: [Synth 8-7080] Parallel synthesis criteria is not met
WARNING: [Synth 8-3936] Found unconnected internal register 'MMAP/CtrlWriteStrobeDly_reg' and it is trimmed from '17' to '1' bits. [/workspace/9840bf98-9119-45dd-9f7e-5d446333038f/lib/MemoryMapSPI.vhd:168]
---------------------------------------------------------------------------------
Finished Cross Boundary and Area Optimization : Time (s): cpu = 00:00:09 ; elapsed = 00:00:11 . Memory (MB): peak = 2689.742 ; gain = 599.270 ; free physical = 81920 ; free virtual = 168832
Synthesis current peak Physical Memory [PSS] (MB): peak = 2041.503; parent = 1780.483; children = 261.020
Synthesis current peak Virtual Memory [VSS] (MB): peak = 3624.695; parent = 2657.730; children = 966.965
---------------------------------------------------------------------------------
---------------------------------------------------------------------------------
Start Applying XDC Timing Constraints
---------------------------------------------------------------------------------
---------------------------------------------------------------------------------
Finished Applying XDC Timing Constraints : Time (s): cpu = 00:00:12 ; elapsed = 00:00:14 . Memory (MB): peak = 2689.742 ; gain = 599.270 ; free physical = 81807 ; free virtual = 168719
Synthesis current peak Physical Memory [PSS] (MB): peak = 2148.563; parent = 1888.651; children = 261.020
Synthesis current peak Virtual Memory [VSS] (MB): peak = 3624.695; parent = 2657.730; children = 966.965
---------------------------------------------------------------------------------
---------------------------------------------------------------------------------
Start Timing Optimization
---------------------------------------------------------------------------------
---------------------------------------------------------------------------------
Finished Timing Optimization : Time (s): cpu = 00:00:12 ; elapsed = 00:00:15 . Memory (MB): peak = 2689.742 ; gain = 599.270 ; free physical = 81807 ; free virtual = 168719
Synthesis current peak Physical Memory [PSS] (MB): peak = 2148.829; parent = 1888.917; children = 261.020
Synthesis current peak Virtual Memory [VSS] (MB): peak = 3624.695; parent = 2657.730; children = 966.965
---------------------------------------------------------------------------------
---------------------------------------------------------------------------------
Start Technology Mapping
---------------------------------------------------------------------------------
---------------------------------------------------------------------------------
Finished Technology Mapping : Time (s): cpu = 00:00:12 ; elapsed = 00:00:15 . Memory (MB): peak = 2689.742 ; gain = 599.270 ; free physical = 81800 ; free virtual = 168712
Synthesis current peak Physical Memory [PSS] (MB): peak = 2149.415; parent = 1889.503; children = 261.020
Synthesis current peak Virtual Memory [VSS] (MB): peak = 3624.695; parent = 2657.730; children = 966.965
---------------------------------------------------------------------------------
---------------------------------------------------------------------------------
Start IO Insertion
---------------------------------------------------------------------------------
---------------------------------------------------------------------------------
Start Flattening Before IO Insertion
---------------------------------------------------------------------------------
---------------------------------------------------------------------------------
Finished Flattening Before IO Insertion
---------------------------------------------------------------------------------
---------------------------------------------------------------------------------
Start Final Netlist Cleanup
---------------------------------------------------------------------------------
---------------------------------------------------------------------------------
Finished Final Netlist Cleanup
---------------------------------------------------------------------------------
---------------------------------------------------------------------------------
Finished IO Insertion : Time (s): cpu = 00:00:15 ; elapsed = 00:00:17 . Memory (MB): peak = 2689.742 ; gain = 599.270 ; free physical = 81798 ; free virtual = 168710
Synthesis current peak Physical Memory [PSS] (MB): peak = 2149.563; parent = 1889.651; children = 261.020
Synthesis current peak Virtual Memory [VSS] (MB): peak = 3624.695; parent = 2657.730; children = 966.965
---------------------------------------------------------------------------------
---------------------------------------------------------------------------------
Start Renaming Generated Instances
---------------------------------------------------------------------------------
---------------------------------------------------------------------------------
Finished Renaming Generated Instances : Time (s): cpu = 00:00:15 ; elapsed = 00:00:18 . Memory (MB): peak = 2689.742 ; gain = 599.270 ; free physical = 81798 ; free virtual = 168710
Synthesis current peak Physical Memory [PSS] (MB): peak = 2149.657; parent = 1889.745; children = 261.020
Synthesis current peak Virtual Memory [VSS] (MB): peak = 3624.695; parent = 2657.730; children = 966.965
---------------------------------------------------------------------------------
---------------------------------------------------------------------------------
Start Rebuilding User Hierarchy
---------------------------------------------------------------------------------
---------------------------------------------------------------------------------
Finished Rebuilding User Hierarchy : Time (s): cpu = 00:00:15 ; elapsed = 00:00:18 . Memory (MB): peak = 2689.742 ; gain = 599.270 ; free physical = 81798 ; free virtual = 168710
Synthesis current peak Physical Memory [PSS] (MB): peak = 2149.688; parent = 1889.776; children = 261.020
Synthesis current peak Virtual Memory [VSS] (MB): peak = 3624.695; parent = 2657.730; children = 966.965
---------------------------------------------------------------------------------
---------------------------------------------------------------------------------
Start Renaming Generated Ports
---------------------------------------------------------------------------------
---------------------------------------------------------------------------------
Finished Renaming Generated Ports : Time (s): cpu = 00:00:15 ; elapsed = 00:00:18 . Memory (MB): peak = 2689.742 ; gain = 599.270 ; free physical = 81798 ; free virtual = 168710
Synthesis current peak Physical Memory [PSS] (MB): peak = 2149.688; parent = 1889.776; children = 261.020
Synthesis current peak Virtual Memory [VSS] (MB): peak = 3624.695; parent = 2657.730; children = 966.965
---------------------------------------------------------------------------------
---------------------------------------------------------------------------------
Start Handling Custom Attributes
---------------------------------------------------------------------------------
---------------------------------------------------------------------------------
Finished Handling Custom Attributes : Time (s): cpu = 00:00:15 ; elapsed = 00:00:18 . Memory (MB): peak = 2689.742 ; gain = 599.270 ; free physical = 81798 ; free virtual = 168710
Synthesis current peak Physical Memory [PSS] (MB): peak = 2149.688; parent = 1889.776; children = 261.020
Synthesis current peak Virtual Memory [VSS] (MB): peak = 3624.695; parent = 2657.730; children = 966.965
---------------------------------------------------------------------------------
---------------------------------------------------------------------------------
Start Renaming Generated Nets
---------------------------------------------------------------------------------
---------------------------------------------------------------------------------
Finished Renaming Generated Nets : Time (s): cpu = 00:00:15 ; elapsed = 00:00:18 . Memory (MB): peak = 2689.742 ; gain = 599.270 ; free physical = 81798 ; free virtual = 168710
Synthesis current peak Physical Memory [PSS] (MB): peak = 2149.720; parent = 1889.808; children = 261.020
Synthesis current peak Virtual Memory [VSS] (MB): peak = 3624.695; parent = 2657.730; children = 966.965
---------------------------------------------------------------------------------
---------------------------------------------------------------------------------
Start Writing Synthesis Report
---------------------------------------------------------------------------------

Report BlackBoxes: 
+------+--------------+----------+
|      |BlackBox name |Instances |
+------+--------------+----------+
|1     |CustomWrapper |         1|
+------+--------------+----------+

Report Cell Usage: 
+------+--------------+------+
|      |Cell          |Count |
+------+--------------+------+
|1     |CustomWrapper |     1|
|2     |CARRY4        |    68|
|3     |LUT1          |    10|
|4     |LUT2          |   212|
|5     |LUT3          |   256|
|6     |LUT4          |    39|
|7     |LUT5          |    10|
|8     |LUT6          |   120|
|9     |FDRE          |  1052|
+------+--------------+------+
---------------------------------------------------------------------------------
Finished Writing Synthesis Report : Time (s): cpu = 00:00:15 ; elapsed = 00:00:18 . Memory (MB): peak = 2689.742 ; gain = 599.270 ; free physical = 81798 ; free virtual = 168710
Synthesis current peak Physical Memory [PSS] (MB): peak = 2149.751; parent = 1889.839; children = 261.020
Synthesis current peak Virtual Memory [VSS] (MB): peak = 3624.695; parent = 2657.730; children = 966.965
---------------------------------------------------------------------------------
Synthesis finished with 0 errors, 0 critical warnings and 2 warnings.
Synthesis Optimization Runtime : Time (s): cpu = 00:00:14 ; elapsed = 00:00:17 . Memory (MB): peak = 2689.742 ; gain = 455.531 ; free physical = 81852 ; free virtual = 168764
Synthesis Optimization Complete : Time (s): cpu = 00:00:15 ; elapsed = 00:00:18 . Memory (MB): peak = 2689.742 ; gain = 599.270 ; free physical = 81851 ; free virtual = 168763
INFO: [Project 1-571] Translating synthesized netlist
CRITICAL WARNING: [Project 1-840] The design checkpoint file '/workspace/9840bf98-9119-45dd-9f7e-5d446333038f/ipcores/FFT_1024.dcp' was generated for an IP by an out of context synthesis run and should not be used directly as a source in a Vivado flow. Constraints and other files related to the IP are only stored in the xci/xcix, not the checkpoint. It is strongly recommended that the original IP source file (.xci/.xcix) be used.
CRITICAL WARNING: [Project 1-840] The design checkpoint file '/workspace/9840bf98-9119-45dd-9f7e-5d446333038f/ipcores/SineGen_48.dcp' was generated for an IP by an out of context synthesis run and should not be used directly as a source in a Vivado flow. Constraints and other files related to the IP are only stored in the xci/xcix, not the checkpoint. It is strongly recommended that the original IP source file (.xci/.xcix) be used.
Netlist sorting complete. Time (s): cpu = 00:00:00.01 ; elapsed = 00:00:00.01 . Memory (MB): peak = 2689.742 ; gain = 0.000 ; free physical = 81956 ; free virtual = 168868
INFO: [Netlist 29-17] Analyzing 68 Unisim elements for replacement
INFO: [Netlist 29-28] Unisim Transformation completed in 0 CPU seconds
INFO: [Project 1-570] Preparing netlist for logic optimization
INFO: [Opt 31-138] Pushed 0 inverter(s) to 0 load pin(s).
CRITICAL WARNING: [Project 1-486] Could not resolve non-primitive black box cell 'CustomWrapper' instantiated as 'DUT' [/workspace/9840bf98-9119-45dd-9f7e-5d446333038f/lib/InstrumentCC.vhd:89]
Netlist sorting complete. Time (s): cpu = 00:00:00 ; elapsed = 00:00:00 . Memory (MB): peak = 2689.742 ; gain = 0.000 ; free physical = 81900 ; free virtual = 168812
INFO: [Project 1-111] Unisim Transformation Summary:
No Unisim elements were transformed.

Synth Design complete, checksum: be47ec05
INFO: [Common 17-83] Releasing license: Synthesis
24 Infos, 66 Warnings, 6 Critical Warnings and 0 Errors encountered.
synth_design completed successfully
synth_design: Time (s): cpu = 00:00:21 ; elapsed = 00:00:23 . Memory (MB): peak = 2689.742 ; gain = 967.004 ; free physical = 82110 ; free virtual = 169022
# write_edif -force custom.edf
Netlist sorting complete. Time (s): cpu = 00:00:00 ; elapsed = 00:00:00 . Memory (MB): peak = 2689.742 ; gain = 0.000 ; free physical = 82110 ; free virtual = 169022
INFO: [Common 17-206] Exiting Vivado at Tue Oct 21 01:39:50 2025...
