#-----------------------------------------------------------
# Vivado v2022.2_AR000035739_AR000034905 (64-bit)
# SW Build 3671981 on Fri Oct 14 04:59:54 MDT 2022
# IP Build 3669848 on Fri Oct 14 08:30:02 MDT 2022
# Start of session at: Tue Oct 21 01:41:55 2025
# Process ID: 456221
# Current directory: /workspace/9840bf98-9119-45dd-9f7e-5d446333038f/output
# Command line: vivado -log route.log -nojournal -mode batch -source /deps/compile/scripts/tcl/route.tcl -tclargs /workspace/9840bf98-9119-45dd-9f7e-5d446333038f/lib /workspace/9840bf98-9119-45dd-9f7e-5d446333038f/checkpoints/platform_2.dcp
# Log file: /workspace/9840bf98-9119-45dd-9f7e-5d446333038f/output/route.log
# Journal file: 
# Running On: mcc-workers-7446cfdb8d-knzqr, OS: Linux, CPU Frequency: 3311.998 MHz, CPU Physical cores: 8, Host memory: 25189 MB
#-----------------------------------------------------------
source /deps/compile/scripts/tcl/route.tcl
# set LIB_DIR [lindex $argv 0]
# set PLATFORM [lindex $argv 1]
# open_checkpoint $PLATFORM
Command: open_checkpoint /workspace/9840bf98-9119-45dd-9f7e-5d446333038f/checkpoints/platform_2.dcp

Starting open_checkpoint Task

Time (s): cpu = 00:00:00.02 ; elapsed = 00:00:00.04 . Memory (MB): peak = 1620.727 ; gain = 2.969 ; free physical = 15883 ; free virtual = 83031
INFO: [Device 21-403] Loading part xc7z020clg400-1
Netlist sorting complete. Time (s): cpu = 00:00:00.17 ; elapsed = 00:00:00.17 . Memory (MB): peak = 2084.336 ; gain = 0.000 ; free physical = 15410 ; free virtual = 82567
INFO: [Netlist 29-17] Analyzing 1197 Unisim elements for replacement
INFO: [Netlist 29-28] Unisim Transformation completed in 0 CPU seconds
INFO: [Project 1-479] Netlist was created with Vivado 2022.2_AR000035739_AR000034905
INFO: [Project 1-570] Preparing netlist for logic optimization
WARNING: [Constraints 18-550] Could not create 'IBUF_LOW_PWR' constraint because net 'ADCs/IDELAY_MMCM/clk_in1' is not directly connected to top level port. Synthesis is ignored for IBUF_LOW_PWR but preserved for implementation.
INFO: [Timing 38-478] Restoring timing data from binary archive.
INFO: [Timing 38-479] Binary timing data restore complete.
INFO: [Project 1-856] Restoring constraints from binary archive.
INFO: [Project 1-853] Binary constraint restore complete.
Reading XDEF placement.
Reading placer database...
Reading XDEF routing.
Read XDEF Files: Time (s): cpu = 00:00:01 ; elapsed = 00:00:01 . Memory (MB): peak = 2703.547 ; gain = 27.484 ; free physical = 14794 ; free virtual = 81952
Restored from archive | CPU: 1.300000 secs | Memory: 20.017212 MB |
Finished XDEF File Restore: Time (s): cpu = 00:00:01 ; elapsed = 00:00:01 . Memory (MB): peak = 2703.547 ; gain = 27.484 ; free physical = 14794 ; free virtual = 81952
INFO: [Project 1-486] Could not resolve non-primitive black box cell 'Instrument_bootbit__1_bb' instantiated as 'INSTRS[1].INSTR_BLK.INSTR' [/home/gitlab-runner/builds/K_gEaaM5P/0/mercury/instruments/src/vhdl/platform_mokugo.vhd:387]
INFO: [Project 1-486] Could not resolve non-primitive black box cell 'Instrument_bootbit_bb' instantiated as 'INSTRS[0].INSTR_BLK.INSTR' [/home/gitlab-runner/builds/K_gEaaM5P/0/mercury/instruments/src/vhdl/platform_mokugo.vhd:387]
Netlist sorting complete. Time (s): cpu = 00:00:00.01 ; elapsed = 00:00:00 . Memory (MB): peak = 2703.547 ; gain = 0.000 ; free physical = 14793 ; free virtual = 81951
INFO: [Project 1-111] Unisim Transformation Summary:
  A total of 26 instances were transformed.
  IOBUF => IOBUF (IBUF, OBUFT): 16 instances
  RAM32M => RAM32M (RAMD32(x6), RAMS32(x2)): 2 instances
  RAM32X1D => RAM32X1D (RAMD32(x2)): 4 instances
  SRLC32E => SRL16E: 4 instances

INFO: [Project 1-604] Checkpoint was created with Vivado v2022.2_AR000035739_AR000034905 (64-bit) build 3671981
OpenCheckpoint Checksum | Checksum: 1616e816f
----- Checksum: PlaceDB: 88a28715 ShapeSum: 1a1b3cc0 RouteDB: beb0bd9a 
open_checkpoint: Time (s): cpu = 00:00:20 ; elapsed = 00:00:22 . Memory (MB): peak = 2707.547 ; gain = 1095.727 ; free physical = 14793 ; free virtual = 81951
# set cells [get_property NAME [get_cells -hierarchical "*INSTR" ]]
# update_design -cells $cells -from_file custom.edf
Parsing EDIF File [custom.edf]
Finished Parsing EDIF File [custom.edf]
INFO: [Netlist 29-17] Analyzing 68 Unisim elements for replacement
INFO: [Netlist 29-28] Unisim Transformation completed in 0 CPU seconds
# read_xdc -cells $cells $LIB_DIR/Instrument.xdc
Parsing XDC File [/workspace/9840bf98-9119-45dd-9f7e-5d446333038f/lib/Instrument.xdc] for cell 'INSTRS[0].INSTR_BLK.INSTR'
Finished Parsing XDC File [/workspace/9840bf98-9119-45dd-9f7e-5d446333038f/lib/Instrument.xdc] for cell 'INSTRS[0].INSTR_BLK.INSTR'
Parsing XDC File [/workspace/9840bf98-9119-45dd-9f7e-5d446333038f/lib/Instrument.xdc] for cell 'INSTRS[1].INSTR_BLK.INSTR'
Finished Parsing XDC File [/workspace/9840bf98-9119-45dd-9f7e-5d446333038f/lib/Instrument.xdc] for cell 'INSTRS[1].INSTR_BLK.INSTR'
# opt_design
Command: opt_design
Attempting to get a license for feature 'Implementation' and/or device 'xc7z020'
INFO: [Common 17-349] Got license for feature 'Implementation' and/or device 'xc7z020'
Running DRC as a precondition to command opt_design

Starting DRC Task
INFO: [DRC 23-27] Running DRC with 8 threads
ERROR: [DRC INBB-3] Black Box Instances: Cell 'INSTRS[0].INSTR_BLK.INSTR/DUT' of type 'CustomWrapper' has undefined contents and is considered a black box.  The contents of this cell must be defined for opt_design to complete successfully.
ERROR: [DRC INBB-3] Black Box Instances: Cell 'INSTRS[1].INSTR_BLK.INSTR/DUT' of type 'CustomWrapper' has undefined contents and is considered a black box.  The contents of this cell must be defined for opt_design to complete successfully.
INFO: [Project 1-461] DRC finished with 2 Errors
INFO: [Project 1-462] Please refer to the DRC report (report_drc) for more information.
ERROR: [Vivado_Tcl 4-78] Error(s) found during DRC. Opt_design not run.

Time (s): cpu = 00:00:06 ; elapsed = 00:00:04 . Memory (MB): peak = 2897.613 ; gain = 78.906 ; free physical = 14769 ; free virtual = 81929
INFO: [Common 17-83] Releasing license: Implementation
5 Infos, 0 Warnings, 0 Critical Warnings and 3 Errors encountered.
opt_design failed
ERROR: [Common 17-39] 'opt_design' failed due to earlier errors.

    while executing
"opt_design"
    (file "/deps/compile/scripts/tcl/route.tcl" line 12)
INFO: [Common 17-206] Exiting Vivado at Tue Oct 21 01:42:33 2025...
